Component: ARM Compiler 5.05 update 1 (build 106) Tool: armlink [4d0efa]

==============================================================================

Section Cross References

    main.o(i.main) refers to misc.o(i.NVIC_PriorityGroupConfig) for NVIC_PriorityGroupConfig
    main.o(i.main) refers to delay.o(i.delay_init) for delay_init
    main.o(i.main) refers to usart.o(i.uart_init) for uart_init
    main.o(i.main) refers to usart.o(i.FS_uart_init) for FS_uart_init
    main.o(i.main) refers to malloc.o(i.my_mem_init) for my_mem_init
    main.o(i.main) refers to timer.o(i.TIM3_Int_Init) for TIM3_Int_Init
    main.o(i.main) refers to pwm.o(i.TIM4_Cap_Init) for TIM4_Cap_Init
    main.o(i.main) refers to rtc.o(i.My_RTC_Init) for My_RTC_Init
    main.o(i.main) refers to rtc.o(i.RTC_Set_WakeUp) for RTC_Set_WakeUp
    main.o(i.main) refers to gpio.o(i.GpioConfiguration) for GpioConfiguration
    main.o(i.main) refers to buzzer.o(i.buzzerInit) for buzzerInit
    main.o(i.main) refers to stm32f4xx_tim.o(i.TIM_SetCompare2) for TIM_SetCompare2
    main.o(i.main) refers to ili9486.o(i.LCD_Init) for LCD_Init
    main.o(i.main) refers to key.o(i.KEY_Init) for KEY_Init
    main.o(i.main) refers to adc.o(i.Adc_Init) for Adc_Init
    main.o(i.main) refers to dma.o(i.ADCInit_DMA) for ADCInit_DMA
    main.o(i.main) refers to motor.o(i.MOTOR_Init) for MOTOR_Init
    main.o(i.main) refers to delay.o(i.delay_ms) for delay_ms
    main.o(i.main) refers to tasks.o(i.xTaskCreate) for xTaskCreate
    main.o(i.main) refers to tasks.o(i.vTaskStartScheduler) for vTaskStartScheduler
    main.o(i.main) refers to protocol_fs.o(.data) for uartMode
    main.o(i.main) refers to main.o(.data) for StartTask_Handler
    main.o(i.main) refers to main.o(i.start_task) for start_task
    main.o(i.start_task) refers to stm32f4xx_rcc.o(i.RCC_AHB1PeriphClockCmd) for RCC_AHB1PeriphClockCmd
    main.o(i.start_task) refers to port.o(i.vPortEnterCritical) for vPortEnterCritical
    main.o(i.start_task) refers to tasks.o(i.xTaskCreate) for xTaskCreate
    main.o(i.start_task) refers to tasks.o(i.vTaskDelete) for vTaskDelete
    main.o(i.start_task) refers to port.o(i.vPortExitCritical) for vPortExitCritical
    main.o(i.start_task) refers to test_task.o(.data) for TestTask_Handler
    main.o(i.start_task) refers to test_task.o(i.test_task) for test_task
    main.o(i.start_task) refers to voltage_task.o(.data) for VoltageTask_Handler
    main.o(i.start_task) refers to voltage_task.o(i.voltage_task) for voltage_task
    main.o(i.start_task) refers to rtc_task.o(.data) for RTCTask_Handler
    main.o(i.start_task) refers to rtc_task.o(i.rtc_task) for rtc_task
    main.o(i.start_task) refers to main.o(.data) for StartTask_Handler
    stm32f4xx_it.o(i.HardFault_Handler) refers to noretval__2printf.o(.text) for __2printf
    system_stm32f4xx.o(i.SystemCoreClockUpdate) refers to system_stm32f4xx.o(.data) for SystemCoreClock
    system_stm32f4xx.o(i.SystemInit) refers to system_stm32f4xx.o(i.SetSysClock) for SetSysClock
    test_task.o(i.Burning_Program_Function) refers to protocol_fs.o(i.FilterIdCheck) for FilterIdCheck
    test_task.o(i.Burning_Program_Function) refers to delay.o(i.delay_ms) for delay_ms
    test_task.o(i.Burning_Program_Function) refers to protocol_fs.o(i.Filter_EnterModeCMD) for Filter_EnterModeCMD
    test_task.o(i.Burning_Program_Function) refers to protocol_fs.o(i.Filter_RecieveDataProcess) for Filter_RecieveDataProcess
    test_task.o(i.Burning_Program_Function) refers to test_task.o(.data) for UpdateFirmwareEnFlag
    test_task.o(i.Burning_Program_Function) refers to protocol_fs.o(.data) for FS_SerialReceiveBuff
    test_task.o(i.Burning_Program_Function) refers to display.o(.data) for DisplayUpdataEnable
    test_task.o(i.Clean_Filter_Calibration_Function) refers to protocol_fs.o(i.Filter_EnterModeCMD) for Filter_EnterModeCMD
    test_task.o(i.Clean_Filter_Calibration_Function) refers to delay.o(i.delay_ms) for delay_ms
    test_task.o(i.Clean_Filter_Calibration_Function) refers to protocol_fs.o(i.Filter_RecieveDataProcess) for Filter_RecieveDataProcess
    test_task.o(i.Clean_Filter_Calibration_Function) refers to protocol_fs.o(.bss) for FS
    test_task.o(i.Clean_Filter_Calibration_Function) refers to test_task.o(.data) for event
    test_task.o(i.Clean_Filter_Calibration_Function) refers to display.o(.data) for DisplayUpdataEnable
    test_task.o(i.DataInit) refers to stm32f4xx_tim.o(i.TIM_Cmd) for TIM_Cmd
    test_task.o(i.DataInit) refers to display.o(i.DisDrawUI) for DisDrawUI
    test_task.o(i.DataInit) refers to protocol_fs.o(i.Filter_DataInit) for Filter_DataInit
    test_task.o(i.DataInit) refers to timer.o(.data) for TimerFlag
    test_task.o(i.DataInit) refers to test_task.o(.data) for TimerCount
    test_task.o(i.DataInit) refers to display.o(.data) for DisplayUpdataEnable
    test_task.o(i.DataServe) refers to protocol_fs.o(i.FilterIdCheck) for FilterIdCheck
    test_task.o(i.DataServe) refers to fatfs.o(i.save) for save
[...]
    RCC_GetClocksFreq                        0x080058dd   Thumb Code   214  stm32f4xx_rcc.o(i.RCC_GetClocksFreq)
    RCC_GetFlagStatus                        0x080059c5   Thumb Code    60  stm32f4xx_rcc.o(i.RCC_GetFlagStatus)
    RCC_LSEConfig                            0x08005a05   Thumb Code    40  stm32f4xx_rcc.o(i.RCC_LSEConfig)
    RCC_RTCCLKCmd                            0x08005a31   Thumb Code     6  stm32f4xx_rcc.o(i.RCC_RTCCLKCmd)
    RCC_RTCCLKConfig                         0x08005a3d   Thumb Code    50  stm32f4xx_rcc.o(i.RCC_RTCCLKConfig)
    RTC_Alarm_IRQHandler                     0x08005a79   Thumb Code    36  rtc.o(i.RTC_Alarm_IRQHandler)
    RTC_ClearFlag                            0x08005add   Thumb Code    24  stm32f4xx_rtc.o(i.RTC_ClearFlag)
    RTC_ClearITPendingBit                    0x08005af9   Thumb Code    28  stm32f4xx_rtc.o(i.RTC_ClearITPendingBit)
    RTC_EnterInitMode                        0x08005b19   Thumb Code    76  stm32f4xx_rtc.o(i.RTC_EnterInitMode)
    RTC_ExitInitMode                         0x08005b69   Thumb Code    14  stm32f4xx_rtc.o(i.RTC_ExitInitMode)
    RTC_GetDate                              0x08005b7d   Thumb Code    68  stm32f4xx_rtc.o(i.RTC_GetDate)
    RTC_GetFlagStatus                        0x08005bc9   Thumb Code    32  stm32f4xx_rtc.o(i.RTC_GetFlagStatus)
    RTC_GetTime                              0x08005bf1   Thumb Code    72  stm32f4xx_rtc.o(i.RTC_GetTime)
    RTC_ITConfig                             0x08005c41   Thumb Code    94  stm32f4xx_rtc.o(i.RTC_ITConfig)
    RTC_Init                                 0x08005ca5   Thumb Code    94  stm32f4xx_rtc.o(i.RTC_Init)
    RTC_ReadBackupRegister                   0x08005d09   Thumb Code    26  stm32f4xx_rtc.o(i.RTC_ReadBackupRegister)
    RTC_SetDate                              0x08005d29   Thumb Code   190  stm32f4xx_rtc.o(i.RTC_SetDate)
    RTC_SetTime                              0x08005df1   Thumb Code   198  stm32f4xx_rtc.o(i.RTC_SetTime)
    RTC_SetWakeUpCounter                     0x08005ec1   Thumb Code    22  stm32f4xx_rtc.o(i.RTC_SetWakeUpCounter)
    RTC_Set_Date                             0x08005edd   Thumb Code    36  rtc.o(i.RTC_Set_Date)
    RTC_Set_Time                             0x08005f01   Thumb Code    36  rtc.o(i.RTC_Set_Time)
    RTC_Set_WakeUp                           0x08005f25   Thumb Code   108  rtc.o(i.RTC_Set_WakeUp)
    RTC_WKUP_IRQHandler                      0x08005f95   Thumb Code    30  rtc.o(i.RTC_WKUP_IRQHandler)
    RTC_WaitForSynchro                       0x08005fb5   Thumb Code    92  stm32f4xx_rtc.o(i.RTC_WaitForSynchro)
    RTC_WakeUpClockConfig                    0x08006015   Thumb Code    42  stm32f4xx_rtc.o(i.RTC_WakeUpClockConfig)
    RTC_WakeUpCmd                            0x08006045   Thumb Code   116  stm32f4xx_rtc.o(i.RTC_WakeUpCmd)
    RTC_WriteBackupRegister                  0x080060bd   Thumb Code    24  stm32f4xx_rtc.o(i.RTC_WriteBackupRegister)
    ReadVolt                                 0x080060d9   Thumb Code    34  dma.o(i.ReadVolt)
    ReceiveID                                0x08006109   Thumb Code   246  protocol_fs.o(i.ReceiveID)
    SDEnWideBus                              0x0800620d   Thumb Code   158  sdio_sdcard.o(i.SDEnWideBus)
    SDIO_ClearFlag                           0x080062b9   Thumb Code     6  stm32f4xx_sdio.o(i.SDIO_ClearFlag)
    SDIO_ClockCmd                            0x080062c5   Thumb Code     6  stm32f4xx_sdio.o(i.SDIO_ClockCmd)
    SDIO_Clock_Set                           0x080062d1   Thumb Code    16  sdio_sdcard.o(i.SDIO_Clock_Set)
    SDIO_DataConfig                          0x080062e5   Thumb Code    46  stm32f4xx_sdio.o(i.SDIO_DataConfig)
    SDIO_GetFlagStatus                       0x08006319   Thumb Code    20  stm32f4xx_sdio.o(i.SDIO_GetFlagStatus)
    SDIO_GetPowerState                       0x08006331   Thumb Code    10  stm32f4xx_sdio.o(i.SDIO_GetPowerState)
    SDIO_IRQHandler                          0x08006341   Thumb Code     8  sdio_sdcard.o(i.SDIO_IRQHandler)
    SDIO_Init                                0x08006349   Thumb Code    42  stm32f4xx_sdio.o(i.SDIO_Init)
    SDIO_Register_Deinit                     0x08006379   Thumb Code    48  sdio_sdcard.o(i.SDIO_Register_Deinit)
    SDIO_SendCommand                         0x080063b1   Thumb Code    40  stm32f4xx_sdio.o(i.SDIO_SendCommand)
    SDIO_SetPowerState                       0x080063dd   Thumb Code     6  stm32f4xx_sdio.o(i.SDIO_SetPowerState)
    SD_DMA_Config                            0x080063e9   Thumb Code   118  sdio_sdcard.o(i.SD_DMA_Config)
    SD_EnableWideBusOperation                0x08006469   Thumb Code    94  sdio_sdcard.o(i.SD_EnableWideBusOperation)
    SD_GetCardInfo                           0x080064d1   Thumb Code   772  sdio_sdcard.o(i.SD_GetCardInfo)
    SD_Init                                  0x080067e5   Thumb Code   286  sdio_sdcard.o(i.SD_Init)
    SD_InitializeCards                       0x08006919   Thumb Code   330  sdio_sdcard.o(i.SD_InitializeCards)
    SD_PowerON                               0x08006a7d   Thumb Code   466  sdio_sdcard.o(i.SD_PowerON)
    SD_ProcessIRQSrc                         0x08006c69   Thumb Code   318  sdio_sdcard.o(i.SD_ProcessIRQSrc)
    SD_ReadBlock                             0x08006dbd   Thumb Code   574  sdio_sdcard.o(i.SD_ReadBlock)
    SD_ReadDisk                              0x08007025   Thumb Code   148  sdio_sdcard.o(i.SD_ReadDisk)
    SD_ReadMultiBlocks                       0x080070bd   Thumb Code   710  sdio_sdcard.o(i.SD_ReadMultiBlocks)
    SD_SelectDeselect                        0x080073b1   Thumb Code    42  sdio_sdcard.o(i.SD_SelectDeselect)
    SD_SetDeviceMode                         0x080073e1   Thumb Code    20  sdio_sdcard.o(i.SD_SetDeviceMode)
    SD_WriteBlock                            0x080073f9   Thumb Code   862  sdio_sdcard.o(i.SD_WriteBlock)
    SD_WriteDisk                             0x08007781   Thumb Code   148  sdio_sdcard.o(i.SD_WriteDisk)
    SD_WriteMultiBlocks                      0x08007819   Thumb Code   934  sdio_sdcard.o(i.SD_WriteMultiBlocks)
    SYSCFG_EXTILineConfig                    0x08007be9   Thumb Code    60  stm32f4xx_syscfg.o(i.SYSCFG_EXTILineConfig)
    Scan_QR_Codes_Function                   0x08007c29   Thumb Code    44  test_task.o(i.Scan_QR_Codes_Function)
    SdFatfsInit                              0x08007c59   Thumb Code   848  fatfs.o(i.SdFatfsInit)
    SendCMDtoScannDevice                     0x080080c9   Thumb Code    70  protocol_fs.o(i.SendCMDtoScannDevice)
    Show_Str                                 0x08008211   Thumb Code   330  gui_lcd.o(i.Show_Str)
    SysTick_CLKSourceConfig                  0x08008361   Thumb Code    40  misc.o(i.SysTick_CLKSourceConfig)
    SysTick_Handler                          0x08008389   Thumb Code    16  delay.o(i.SysTick_Handler)
    SystemInit                               0x08008399   Thumb Code    88  system_stm32f4xx.o(i.SystemInit)
    TASK_KeyDeal                             0x08008401   Thumb Code   388  test_task.o(i.TASK_KeyDeal)
    TASK_KeyScan                             0x08008659   Thumb Code  1304  key.o(i.TASK_KeyScan)
    TIM1_CC_IRQHandler                       0x08008b89   Thumb Code    54  motor.o(i.TIM1_CC_IRQHandler)
    TIM1_PWM_Init                            0x08008bcd   Thumb Code   230  motor.o(i.TIM1_PWM_Init)
    TIM3_IRQHandler                          0x08008cbd   Thumb Code    28  timer.o(i.TIM3_IRQHandler)
    TIM3_Int_Init                            0x08008ce1   Thumb Code    86  timer.o(i.TIM3_Int_Init)
    TIM4_Cap_Init                            0x08008d3d   Thumb Code   166  pwm.o(i.TIM4_Cap_Init)
    TIM4_IRQHandler                          0x08008e29   Thumb Code   458  pwm.o(i.TIM4_IRQHandler)
    TIM_ARRPreloadConfig                     0x08009041   Thumb Code    24  stm32f4xx_tim.o(i.TIM_ARRPreloadConfig)
    TIM_ClearITPendingBit                    0x08009059   Thumb Code     6  stm32f4xx_tim.o(i.TIM_ClearITPendingBit)
    TIM_Cmd                                  0x0800905f   Thumb Code    24  stm32f4xx_tim.o(i.TIM_Cmd)
    TIM_CtrlPWMOutputs                       0x08009077   Thumb Code    30  stm32f4xx_tim.o(i.TIM_CtrlPWMOutputs)
    TIM_GetITStatus                          0x08009095   Thumb Code    34  stm32f4xx_tim.o(i.TIM_GetITStatus)
    TIM_ITConfig                             0x080090b7   Thumb Code    18  stm32f4xx_tim.o(i.TIM_ITConfig)
    TIM_OC2Init                              0x080090c9   Thumb Code   154  stm32f4xx_tim.o(i.TIM_OC2Init)
    TIM_OC2PreloadConfig                     0x0800916d   Thumb Code    26  stm32f4xx_tim.o(i.TIM_OC2PreloadConfig)
    TIM_SetCompare2                          0x08009187   Thumb Code     4  stm32f4xx_tim.o(i.TIM_SetCompare2)
    TIM_TimeBaseInit                         0x0800918d   Thumb Code   104  stm32f4xx_tim.o(i.TIM_TimeBaseInit)
    Termination_Test_Function                0x08009211   Thumb Code    38  test_task.o(i.Termination_Test_Function)
    UART4_IRQHandler                         0x08009249   Thumb Code   198  protocol_fs.o(i.UART4_IRQHandler)
    USART1_IRQHandler                        0x0800931d   Thumb Code   122  usart.o(i.USART1_IRQHandler)
    USART2_IRQHandler                        0x080093a5   Thumb Code   204  protocol_fs.o(i.USART2_IRQHandler)
    USART3_IRQHandler                        0x0800947d   Thumb Code   210  protocol_fs.o(i.USART3_IRQHandler)
    USART6_IRQHandler                        0x0800955d   Thumb Code   204  protocol_fs.o(i.USART6_IRQHandler)
    USART_ClearITPendingBit                  0x08009635   Thumb Code    30  stm32f4xx_usart.o(i.USART_ClearITPendingBit)
    USART_Cmd                                0x08009653   Thumb Code    24  stm32f4xx_usart.o(i.USART_Cmd)
    USART_GetITStatus                        0x0800966b   Thumb Code    84  stm32f4xx_usart.o(i.USART_GetITStatus)
    USART_ITConfig                           0x080096bf   Thumb Code    74  stm32f4xx_usart.o(i.USART_ITConfig)
    USART_Init                               0x08009709   Thumb Code   204  stm32f4xx_usart.o(i.USART_Init)
    USART_ReceiveData                        0x080097dd   Thumb Code    10  stm32f4xx_usart.o(i.USART_ReceiveData)
    USART_SendChar                           0x080097e7   Thumb Code    16  usart.o(i.USART_SendChar)
    UartSendData_toPC                        0x080097f9   Thumb Code  1316  protocol_fs.o(i.UartSendData_toPC)
    UsageFault_Handler                       0x08009d29   Thumb Code     4  stm32f4xx_it.o(i.UsageFault_Handler)
    VoltChange                               0x08009d2d   Thumb Code    78  display.o(i.VoltChange)
    VoltChanges                              0x08009d7d   Thumb Code   292  display.o(i.VoltChanges)
    __ARM_fpclassify                         0x08009f05   Thumb Code    48  fpclassify.o(i.__ARM_fpclassify)
    _is_digit                                0x08009f35   Thumb Code    14  __printf_wp.o(i._is_digit)
    _sys_exit                                0x08009f43   Thumb Code     4  usart.o(i._sys_exit)
    array_cmp                                0x08009f47   Thumb Code    22  serial.o(i.array_cmp)
    buzzerInit                               0x08009f5d   Thumb Code   152  buzzer.o(i.buzzerInit)
    buzzerRingNum                            0x08009ffd   Thumb Code    46  buzzer.o(i.buzzerRingNum)
    clust2sect                               0x0800a107   Thumb Code    26  ff.o(i.clust2sect)
    convert_from_bytes_to_power_of_two       0x0800a1b1   Thumb Code    18  sdio_sdcard.o(i.convert_from_bytes_to_power_of_two)
    delay_init                               0x0800a509   Thumb Code    58  delay.o(i.delay_init)
    delay_ms                                 0x0800a54d   Thumb Code    60  delay.o(i.delay_ms)
    delay_us                                 0x0800a58d   Thumb Code    68  delay.o(i.delay_us)
    dir_sdi                                  0x0800a955   Thumb Code   158  ff.o(i.dir_sdi)
    disk_initialize                          0x0800a9f3   Thumb Code    40  diskio.o(i.disk_initialize)
    disk_ioctl                               0x0800aa1d   Thumb Code   102  diskio.o(i.disk_ioctl)
    disk_read                                0x0800aa89   Thumb Code   104  diskio.o(i.disk_read)
    disk_status                              0x0800aaf1   Thumb Code     6  diskio.o(i.disk_status)
    disk_write                               0x0800aaf7   Thumb Code   104  diskio.o(i.disk_write)
    exf_getfree                              0x0800ab5f   Thumb Code    74  exfuns.o(i.exf_getfree)
    exfuns_init                              0x0800aba9   Thumb Code   114  exfuns.o(i.exfuns_init)
    f_getfree                                0x0800ac2d   Thumb Code   258  ff.o(i.f_getfree)
    f_lseek                                  0x0800ad2f   Thumb Code   654  ff.o(i.f_lseek)
    f_mkdir                                  0x0800afbd   Thumb Code   380  ff.o(i.f_mkdir)
    f_mount                                  0x0800b139   Thumb Code    86  ff.o(i.f_mount)
    f_open                                   0x0800b195   Thumb Code   384  ff.o(i.f_open)
    f_opendir                                0x0800b315   Thumb Code   136  ff.o(i.f_opendir)
    f_read                                   0x0800b39d   Thumb Code   432  ff.o(i.f_read)
    f_sync                                   0x0800b54d   Thumb Code   176  ff.o(i.f_sync)
    f_write                                  0x0800b5fd   Thumb Code   490  ff.o(i.f_write)
    ff_convert                               0x0800b7e9   Thumb Code   116  cc936.o(i.ff_convert)
    ff_memalloc                              0x0800b865   Thumb Code    14  diskio.o(i.ff_memalloc)
    ff_memfree                               0x0800b873   Thumb Code    14  diskio.o(i.ff_memfree)
    ff_wtoupper                              0x0800b881   Thumb Code    46  cc936.o(i.ff_wtoupper)
    fputc                                    0x0800bd51   Thumb Code    22  usart.o(i.fputc)
    getTime                                  0x0800be35   Thumb Code    70  message.o(i.getTime)
    get_fat                                  0x0800be81   Thumb Code   232  ff.o(i.get_fat)
    get_fattime                              0x0800bf69   Thumb Code     4  diskio.o(i.get_fattime)
    main                                     0x0800bfd9   Thumb Code   204  main.o(i.main)
    motor_calibration                        0x0800c121   Thumb Code    46  motor.o(i.motor_calibration)
    motor_drive                              0x0800c159   Thumb Code   142  motor.o(i.motor_drive)
    my_mem_free                              0x0800c231   Thumb Code    96  malloc.o(i.my_mem_free)
    my_mem_init                              0x0800c29d   Thumb Code    54  malloc.o(i.my_mem_init)
    my_mem_malloc                            0x0800c2e1   Thumb Code   156  malloc.o(i.my_mem_malloc)
    my_mem_perused                           0x0800c389   Thumb Code    54  malloc.o(i.my_mem_perused)
    myfree                                   0x0800c3c9   Thumb Code    30  malloc.o(i.myfree)
    mymalloc                                 0x0800c3ed   Thumb Code    34  malloc.o(i.mymalloc)
    mymemset                                 0x0800c415   Thumb Code    20  malloc.o(i.mymemset)
    put_fat                                  0x0800cf21   Thumb Code   310  ff.o(i.put_fat)
    pvPortMalloc                             0x0800d059   Thumb Code   262  heap_4.o(i.pvPortMalloc)
    pvTaskIncrementMutexHeldCount            0x0800d1ad   Thumb Code    26  tasks.o(i.pvTaskIncrementMutexHeldCount)
    pxPortInitialiseStack                    0x0800d1cd   Thumb Code    38  port.o(i.pxPortInitialiseStack)
    rtc_task                                 0x0800d265   Thumb Code    18  rtc_task.o(i.rtc_task)
    save                                     0x0800d279   Thumb Code   872  fatfs.o(i.save)
    start_task                               0x0800d649   Thumb Code    90  main.o(i.start_task)
    test_task                                0x0800d81d   Thumb Code    68  test_task.o(i.test_task)
    uart_init                                0x0800d86d   Thumb Code   164  usart.o(i.uart_init)
    uxListRemove                             0x0800d919   Thumb Code    40  list.o(i.uxListRemove)
    vListInitialise                          0x0800d941   Thumb Code    26  list.o(i.vListInitialise)
    vListInitialiseItem                      0x0800d95b   Thumb Code     6  list.o(i.vListInitialiseItem)
    vListInsert                              0x0800d961   Thumb Code    52  list.o(i.vListInsert)
    vListInsertEnd                           0x0800d995   Thumb Code    24  list.o(i.vListInsertEnd)
    vPortEnterCritical                       0x0800d9ad   Thumb Code    68  port.o(i.vPortEnterCritical)
    vPortExitCritical                        0x0800da35   Thumb Code    48  port.o(i.vPortExitCritical)
    vPortFree                                0x0800daa5   Thumb Code   120  heap_4.o(i.vPortFree)
    vPortSetupTimerInterrupt                 0x0800db5d   Thumb Code    26  port.o(i.vPortSetupTimerInterrupt)
    vPortValidateInterruptPriority           0x0800db7d   Thumb Code    86  port.o(i.vPortValidateInterruptPriority)
    vQueueAddToRegistry                      0x0800dc1d   Thumb Code    38  queue.o(i.vQueueAddToRegistry)
    vQueueWaitForMessageRestricted           0x0800dc49   Thumb Code    74  queue.o(i.vQueueWaitForMessageRestricted)
    vTaskDelay                               0x0800dc95   Thumb Code    72  tasks.o(i.vTaskDelay)
    vTaskDelete                              0x0800dd09   Thumb Code   192  tasks.o(i.vTaskDelete)
    vTaskMissedYield                         0x0800de15   Thumb Code     8  tasks.o(i.vTaskMissedYield)
    vTaskPlaceOnEventList                    0x0800de21   Thumb Code    42  tasks.o(i.vTaskPlaceOnEventList)
    vTaskPlaceOnEventListRestricted          0x0800de75   Thumb Code    50  tasks.o(i.vTaskPlaceOnEventListRestricted)
    vTaskPriorityInherit                     0x0800ded1   Thumb Code   164  tasks.o(i.vTaskPriorityInherit)
    vTaskSetTimeOutState                     0x0800df81   Thumb Code    32  tasks.o(i.vTaskSetTimeOutState)
    vTaskStartScheduler                      0x0800dfcd   Thumb Code   108  tasks.o(i.vTaskStartScheduler)
    vTaskSuspendAll                          0x0800e079   Thumb Code    12  tasks.o(i.vTaskSuspendAll)
    vTaskSwitchContext                       0x0800e089   Thumb Code   110  tasks.o(i.vTaskSwitchContext)
    voltage_task                             0x0800e167   Thumb Code    18  voltage_task.o(i.voltage_task)
    xPortStartScheduler                      0x0800e179   Thumb Code   258  port.o(i.xPortStartScheduler)
    xPortSysTickHandler                      0x0800e2d5   Thumb Code    46  port.o(i.xPortSysTickHandler)
    xQueueGenericCreate                      0x0800e309   Thumb Code    78  queue.o(i.xQueueGenericCreate)
    xQueueGenericReceive                     0x0800e37d   Thumb Code   416  queue.o(i.xQueueGenericReceive)
    xQueueGenericReset                       0x0800e545   Thumb Code   136  queue.o(i.xQueueGenericReset)
    xQueueGenericSend                        0x0800e5f5   Thumb Code   412  queue.o(i.xQueueGenericSend)
    xQueueGenericSendFromISR                 0x0800e7b9   Thumb Code   234  queue.o(i.xQueueGenericSendFromISR)
    xTaskCheckForTimeOut                     0x0800e8c9   Thumb Code   116  tasks.o(i.xTaskCheckForTimeOut)
    xTaskCreate                              0x0800e969   Thumb Code    96  tasks.o(i.xTaskCreate)
    xTaskGetSchedulerState                   0x0800e9c9   Thumb Code    24  tasks.o(i.xTaskGetSchedulerState)
    xTaskGetTickCount                        0x0800e9e9   Thumb Code     6  tasks.o(i.xTaskGetTickCount)
    xTaskIncrementTick                       0x0800e9f5   Thumb Code   272  tasks.o(i.xTaskIncrementTick)
    xTaskPriorityDisinherit                  0x0800eb55   Thumb Code   168  tasks.o(i.xTaskPriorityDisinherit)
    xTaskRemoveFromEventList                 0x0800ec2d   Thumb Code   118  tasks.o(i.xTaskRemoveFromEventList)
    xTaskResumeAll                           0x0800ece1   Thumb Code   214  tasks.o(i.xTaskResumeAll)
    xTimerCreateTimerTask                    0x0800ee01   Thumb Code    56  timers.o(i.xTimerCreateTimerTask)
    xTimerGenericCommand                     0x0800ee75   Thumb Code   118  timers.o(i.xTimerGenericCommand)
    _get_lc_numeric                          0x0800ef19   Thumb Code    44  lc_numeric_c.o(locale$$code)
    __fpl_dretinf                            0x0800ef45   Thumb Code    12  dretinf.o(x$fpl$dretinf)
    __aeabi_f2d                              0x0800ef51   Thumb Code     0  f2d.o(x$fpl$f2d)
    _f2d                                     0x0800ef51   Thumb Code    86  f2d.o(x$fpl$f2d)
    __fpl_fnaninf                            0x0800efa7   Thumb Code   140  fnaninf.o(x$fpl$fnaninf)
    _fp_init                                 0x0800f033   Thumb Code    10  fpinit.o(x$fpl$fpinit)
    __fplib_config_fpu_vfp                   0x0800f03b   Thumb Code     0  fpinit.o(x$fpl$fpinit)
    __fplib_config_pureend_doubles           0x0800f03b   Thumb Code     0  fpinit.o(x$fpl$fpinit)
    _printf_fp_dec                           0x0800f03d   Thumb Code     4  printf1.o(x$fpl$printf1)
    __I$use$fp                               0x0800f040   Number         0  usenofp.o(x$fpl$usenofp)
    asc2_1206                                0x0800f070   Data        1140  gui_lcd.o(.constdata)
    asc2_1608                                0x0800f4e4   Data        1520  gui_lcd.o(.constdata)
    asc2_2412                                0x0800fad4   Data        2280  gui_lcd.o(.constdata)
    asc2_3216                                0x080103bc   Data        6080  gui_lcd.o(.constdata)
    tfont16                                  0x08011b7c   Data         476  gui_lcd.o(.constdata)
    tfont24                                  0x08011d58   Data        1036  gui_lcd.o(.constdata)
    tfont32                                  0x08012164   Data        3120  gui_lcd.o(.constdata)
    memtblsize                               0x08012d94   Data          12  malloc.o(.constdata)
    memblksize                               0x08012da0   Data          12  malloc.o(.constdata)
    memsize                                  0x08012dac   Data          12  malloc.o(.constdata)
    Region$$Table$$Base                      0x0803dc18   Number         0  anon$$obj.o(Region$$Table)
    Region$$Table$$Limit                     0x0803dc38   Number         0  anon$$obj.o(Region$$Table)
    mem3base                                 0x10000000   Data       20480  malloc.o(.ARM.__AT_0x10000000)
    mem3mapbase                              0x10005000   Data        1280  malloc.o(.ARM.__AT_0x10005000)
    StartTask_Handler                        0x20000000   Data           4  main.o(.data)
    SystemCoreClock                          0x20000004   Data           4  system_stm32f4xx.o(.data)
    AHBPrescTable                            0x20000008   Data          16  system_stm32f4xx.o(.data)
    TimerCount                               0x20000018   Data           2  test_task.o(.data)
    TestTask_Handler                         0x2000001c   Data           4  test_task.o(.data)
    g_max_num                                0x20000020   Data           4  test_task.o(.data)
    event                                    0x20000024   Data           4  test_task.o(.data)
    UpdateFirmwareEnFlag                     0x20000028   Data           1  test_task.o(.data)
    TestDeviceTable                          0x2000002c   Data         208  test_task.o(.data)
    VoltageTask_Handler                      0x200000fc   Data           4  voltage_task.o(.data)
    RTCTask_Handler                          0x20000100   Data           4  rtc_task.o(.data)
    DisplayUpdataEnable                      0x20000124   Data           1  display.o(.data)
    Tp1_1                                    0x20000125   Data           5  display.o(.data)
    Tp1_2                                    0x2000012a   Data           5  display.o(.data)
    Tp1_3                                    0x2000012f   Data           5  display.o(.data)
    Tp1_4                                    0x20000134   Data           5  display.o(.data)
    Tp2_1                                    0x20000139   Data           5  display.o(.data)
    Tp2_2                                    0x2000013e   Data           5  display.o(.data)
    Tp2_3                                    0x20000143   Data           5  display.o(.data)
    Tp2_4                                    0x20000148   Data           5  display.o(.data)
    V33_1                                    0x2000014d   Data           5  display.o(.data)
    V33_2                                    0x20000152   Data           5  display.o(.data)
    V33_3                                    0x20000157   Data           5  display.o(.data)
    V33_4                                    0x2000015c   Data           5  display.o(.data)
    Vmax_1                                   0x20000161   Data           5  display.o(.data)
    Vmax_2                                   0x20000166   Data           5  display.o(.data)
    Vmax_3                                   0x2000016b   Data           5  display.o(.data)
    Vmax_4                                   0x20000170   Data           5  display.o(.data)
    Vmin_1                                   0x20000175   Data           5  display.o(.data)
    Vmin_2                                   0x2000017a   Data           5  display.o(.data)
    Vmin_3                                   0x2000017f   Data           5  display.o(.data)
    Vmin_4                                   0x20000184   Data           5  display.o(.data)
    BlockingRate_1                           0x20000189   Data           4  display.o(.data)
    BlockingRate_2                           0x2000018d   Data           4  display.o(.data)
    BlockingRate_3                           0x20000191   Data           4  display.o(.data)
    BlockingRate_4                           0x20000195   Data           4  display.o(.data)
    FileDirBuff                              0x20000199   Data          13  fatfs.o(.data)
    SerialBuff                               0x200001a6   Data          22  fatfs.o(.data)
    SerialBuff2                              0x200001bc   Data          24  fatfs.o(.data)
    SDSaveDataType                           0x200001d4   Data         108  fatfs.o(.data)
    burning_check_ok                         0x20000240   Data           1  protocol_fs.o(.data)
    UartSendData_PC                          0x20000241   Data         200  protocol_fs.o(.data)
    uartMode                                 0x20000309   Data           1  protocol_fs.o(.data)
    IDstartSendFlag                          0x2000030a   Data           1  protocol_fs.o(.data)
    IDCheckOk                                0x2000030b   Data           1  protocol_fs.o(.data)
    FS_SerialBuff                            0x2000030c   Data           8  protocol_fs.o(.data)
    FS_SerialReceiveBuff                     0x20000314   Data           8  protocol_fs.o(.data)
    DMA1_MEM_LEN                             0x2000031c   Data           2  dma.o(.data)
    DMA2_MEM_LEN                             0x2000031e   Data           2  dma.o(.data)
    BuffAdc1Receave                          0x20000320   Data          10  dma.o(.data)
    BuffAdc3Receave                          0x2000032a   Data          16  dma.o(.data)
    KeyCurrent                               0x2000033a   Data           2  key.o(.data)
    KeyOld                                   0x2000033c   Data           2  key.o(.data)
    KeyNoChangedTime                         0x2000033e   Data           2  key.o(.data)
    KeyPress                                 0x20000340   Data           2  key.o(.data)
    KeyDown                                  0x20000342   Data           2  key.o(.data)
    KeyUp                                    0x20000344   Data           2  key.o(.data)
    KeyLast                                  0x20000346   Data           2  key.o(.data)
    isKeyClicked                             0x20000348   Data           2  key.o(.data)
    isKeyPressLong                           0x2000034a   Data           2  key.o(.data)
    KeyPressTimeCnt_top                      0x2000034c   Data           2  key.o(.data)
    cur_position                             0x2000034e   Data           1  motor.o(.data)
    pwm_val_fs                               0x20000350   Data           8  pwm.o(.data)
    NVIC_InitStructure                       0x20000370   Data           4  rtc.o(.data)
    TransferError                            0x2000037e   Data           1  sdio_sdcard.o(.data)
    TransferEnd                              0x2000037f   Data           1  sdio_sdcard.o(.data)
    tempbuff                                 0x20000380   Data           4  sdio_sdcard.o(.data)
    TimerFlag                                0x20000384   Data           1  timer.o(.data)
    PointColor                               0x20000386   Data           2  ili9486.o(.data)
    BackColor                                0x20000388   Data           2  ili9486.o(.data)
    __stdout                                 0x20000390   Data           4  usart.o(.data)
    USART_RX_STA                             0x20000394   Data           2  usart.o(.data)
    mallco_dev                               0x20000398   Data          36  malloc.o(.data)
    pxCurrentTCB                             0x200003cc   Data           4  tasks.o(.data)
    file                                     0x20000440   Data           4  exfuns.o(.data)
    ftemp                                    0x20000444   Data           4  exfuns.o(.data)
    br                                       0x20000448   Data           4  exfuns.o(.data)
    bw                                       0x2000044c   Data           4  exfuns.o(.data)
    fatbuf                                   0x20000450   Data           4  exfuns.o(.data)
    FilenameBuff                             0x20000458   Data         100  fatfs.o(.bss)
    SDSaveDataBuf                            0x200004bc   Data         200  fatfs.o(.bss)
    FS                                       0x20000584   Data         416  protocol_fs.o(.bss)
    idReceive2ScanningBuff                   0x20000724   Data          20  protocol_fs.o(.bss)
    pulse                                    0x20000738   Data          24  motor.o(.bss)
    calendar                                 0x20000750   Data          10  rtc.o(.bss)
    SDIO_InitStructure                       0x20000760   Data          24  sdio_sdcard.o(.bss)
    SDIO_CmdInitStructure                    0x20000778   Data          20  sdio_sdcard.o(.bss)
    SDIO_DataInitStructure                   0x2000078c   Data          24  sdio_sdcard.o(.bss)
    SDCardInfo                               0x200007c8   Data          88  sdio_sdcard.o(.bss)
    SDIO_DATA_BUFFER                         0x20000820   Data         512  sdio_sdcard.o(.bss)
    lcddev                                   0x20000a20   Data          14  ili9486.o(.bss)
    USART_RX_BUF                             0x20000a2e   Data         200  usart.o(.bss)
    mem1base                                 0x20000b00   Data       81920  malloc.o(.bss)
    mem1mapbase                              0x20014b00   Data        5120  malloc.o(.bss)
    xQueueRegistry                           0x20015f00   Data          64  queue.o(.bss)
    fs                                       0x2001b24c   Data          12  exfuns.o(.bss)
    fileinfo                                 0x2001b258   Data          32  exfuns.o(.bss)
    dir                                      0x2001b278   Data          36  exfuns.o(.bss)
    __libspace_start                         0x2001b2a8   Data          96  libspace.o(.bss)
    __temporary_stack_top$libspace           0x2001b308   Data           0  libspace.o(.bss)
    mem2base                                 0x68000000   Data          32  malloc.o(.ARM.__AT_0x68000000)
    mem2mapbase                              0x68000020   Data           2  malloc.o(.ARM.__AT_0x68000020)



==============================================================================

Memory Map of the image

  Image Entry point : 0x08000189

  Load Region LR_IROM1 (Base: 0x08000000, Size: 0x0003e0ac, Max: 0x00080000, ABSOLUTE, COMPRESSED[0x0003ddec])

    Execution Region ER_IROM1 (Base: 0x08000000, Size: 0x0003dc54, Max: 0x00080000, ABSOLUTE)

    Base Addr    Size         Type   Attr      Idx    E Section Name        Object

    0x08000000   0x00000188   Data   RO         2073    RESET               startup_stm32f40_41xxx.o
    0x08000188   0x00000008   Code   RO         6391  * !!!main             c_w.l(__main.o)
    0x08000190   0x00000034   Code   RO         6632    !!!scatter          c_w.l(__scatter.o)
    0x080001c4   0x0000005a   Code   RO         6630    !!dczerorl2         c_w.l(__dczerorl2.o)
    0x0800021e   0x00000002   PAD
    0x08000220   0x0000001c   Code   RO         6634    !!handler_zi        c_w.l(__scatter_zi.o)
    0x0800023c   0x00000000   Code   RO         6374    .ARM.Collect$$_printf_percent$$00000000  c_w.l(_printf_percent.o)
    0x0800023c   0x00000006   Code   RO         6373    .ARM.Collect$$_printf_percent$$00000003  c_w.l(_printf_f.o)
    0x08000242   0x00000006   Code   RO         6371    .ARM.Collect$$_printf_percent$$00000009  c_w.l(_printf_d.o)
    0x08000248   0x00000006   Code   RO         6370    .ARM.Collect$$_printf_percent$$0000000C  c_w.l(_printf_x.o)
    0x0800024e   0x00000006   Code   RO         6369    .ARM.Collect$$_printf_percent$$00000014  c_w.l(_printf_s.o)
    0x08000254   0x00000004   Code   RO         6414    .ARM.Collect$$_printf_percent$$00000017  c_w.l(_printf_percent_end.o)
    0x08000258   0x00000002   Code   RO         6504    .ARM.Collect$$libinit$$00000000  c_w.l(libinit.o)
    0x0800025a   0x00000004   Code   RO         6505    .ARM.Collect$$libinit$$00000001  c_w.l(libinit2.o)
    0x0800025e   0x00000000   Code   RO         6508    .ARM.Collect$$libinit$$00000004  c_w.l(libinit2.o)
    0x0800025e   0x00000000   Code   RO         6511    .ARM.Collect$$libinit$$0000000A  c_w.l(libinit2.o)
    0x0800025e   0x00000000   Code   RO         6513    .ARM.Collect$$libinit$$0000000C  c_w.l(libinit2.o)
    0x0800025e   0x00000000   Code   RO         6515    .ARM.Collect$$libinit$$0000000E  c_w.l(libinit2.o)
    0x0800025e   0x00000006   Code   RO         6516    .ARM.Collect$$libinit$$0000000F  c_w.l(libinit2.o)
    0x08000264   0x00000000   Code   RO         6518    .ARM.Collect$$libinit$$00000011  c_w.l(libinit2.o)
    0x08000264   0x00000000   Code   RO         6520    .ARM.Collect$$libinit$$00000013  c_w.l(libinit2.o)
    0x08000264   0x00000000   Code   RO         6522    .ARM.Collect$$libinit$$00000015  c_w.l(libinit2.o)
    0x08000264   0x0000000a   Code   RO         6523    .ARM.Collect$$libinit$$00000016  c_w.l(libinit2.o)
    0x0800026e   0x00000000   Code   RO         6524    .ARM.Collect$$libinit$$00000017  c_w.l(libinit2.o)
    0x0800026e   0x00000000   Code   RO         6526    .ARM.Collect$$libinit$$00000019  c_w.l(libinit2.o)
    0x0800026e   0x00000000   Code   RO         6528    .ARM.Collect$$libinit$$0000001B  c_w.l(libinit2.o)
    0x0800026e   0x00000000   Code   RO         6530    .ARM.Collect$$libinit$$0000001D  c_w.l(libinit2.o)
    0x0800026e   0x00000000   Code   RO         6532    .ARM.Collect$$libinit$$0000001F  c_w.l(libinit2.o)
    0x0800026e   0x00000000   Code   RO         6534    .ARM.Collect$$libinit$$00000021  c_w.l(libinit2.o)
    0x0800026e   0x00000000   Code   RO         6536    .ARM.Collect$$libinit$$00000023  c_w.l(libinit2.o)
    0x0800026e   0x00000000   Code   RO         6538    .ARM.Collect$$libinit$$00000025  c_w.l(libinit2.o)
    0x0800026e   0x00000000   Code   RO         6542    .ARM.Collect$$libinit$$0000002C  c_w.l(libinit2.o)
    0x0800026e   0x00000000   Code   RO         6544    .ARM.Collect$$libinit$$0000002E  c_w.l(libinit2.o)
    0x0800026e   0x00000000   Code   RO         6546    .ARM.Collect$$libinit$$00000030  c_w.l(libinit2.o)
    0x0800026e   0x00000000   Code   RO         6548    .ARM.Collect$$libinit$$00000032  c_w.l(libinit2.o)
    0x0800026e   0x00000002   Code   RO         6549    .ARM.Collect$$libinit$$00000033  c_w.l(libinit2.o)
    0x08000270   0x00000002   Code   RO         6591    .ARM.Collect$$libshutdown$$00000000  c_w.l(libshutdown.o)
    0x08000272   0x00000000   Code   RO         6601    .ARM.Collect$$libshutdown$$00000003  c_w.l(libshutdown2.o)
    0x08000272   0x00000000   Code   RO         6604    .ARM.Collect$$libshutdown$$00000006  c_w.l(libshutdown2.o)
    0x08000272   0x00000000   Code   RO         6607    .ARM.Collect$$libshutdown$$00000009  c_w.l(libshutdown2.o)
    0x08000272   0x00000000   Code   RO         6609    .ARM.Collect$$libshutdown$$0000000B  c_w.l(libshutdown2.o)
    0x08000272   0x00000000   Code   RO         6612    .ARM.Collect$$libshutdown$$0000000E  c_w.l(libshutdown2.o)
    0x08000272   0x00000002   Code   RO         6613    .ARM.Collect$$libshutdown$$0000000F  c_w.l(libshutdown2.o)
    0x08000274   0x00000000   Code   RO         6399    .ARM.Collect$$rtentry$$00000000  c_w.l(__rtentry.o)
    0x08000274   0x00000000   Code   RO         6423    .ARM.Collect$$rtentry$$00000002  c_w.l(__rtentry2.o)
    0x08000274   0x00000006   Code   RO         6435    .ARM.Collect$$rtentry$$00000004  c_w.l(__rtentry4.o)
    0x0800027a   0x00000000   Code   RO         6425    .ARM.Collect$$rtentry$$00000009  c_w.l(__rtentry2.o)
    0x0800027a   0x00000004   Code   RO         6426    .ARM.Collect$$rtentry$$0000000A  c_w.l(__rtentry2.o)
    0x0800027e   0x00000000   Code   RO         6428    .ARM.Collect$$rtentry$$0000000C  c_w.l(__rtentry2.o)
    0x0800027e   0x00000008   Code   RO         6429    .ARM.Collect$$rtentry$$0000000D  c_w.l(__rtentry2.o)
    0x08000286   0x00000002   Code   RO         6550    .ARM.Collect$$rtexit$$00000000  c_w.l(rtexit.o)
    0x08000288   0x00000000   Code   RO         6561    .ARM.Collect$$rtexit$$00000002  c_w.l(rtexit2.o)
    0x08000288   0x00000004   Code   RO         6562    .ARM.Collect$$rtexit$$00000003  c_w.l(rtexit2.o)
    0x0800028c   0x00000006   Code   RO         6563    .ARM.Collect$$rtexit$$00000004  c_w.l(rtexit2.o)
    0x08000292   0x00000002   PAD
    0x08000294   0x00000010   Code   RO         1902    .emb_text           sys.o
    0x080002a4   0x000000b6   Code   RO         5519    .emb_text           port.o
    0x0800035a   0x00000002   PAD
    0x0800035c   0x00000040   Code   RO         2074    .text               startup_stm32f40_41xxx.o
    0x0800039c   0x00000002   Code   RO         6307    .text               c_w.l(use_no_semi_2.o)
    0x0800039e   0x00000048   Code   RO         6309    .text               c_w.l(llsdiv.o)
    0x080003e6   0x00000002   PAD
    0x080003e8   0x00000018   Code   RO         6315    .text               c_w.l(noretval__2printf.o)
    0x08000400   0x00000028   Code   RO         6317    .text               c_w.l(noretval__2sprintf.o)
    0x08000428   0x0000004e   Code   RO         6321    .text               c_w.l(_printf_pad.o)
    0x08000476   0x00000052   Code   RO         6323    .text               c_w.l(_printf_str.o)
    0x080004c8   0x00000078   Code   RO         6325    .text               c_w.l(_printf_dec.o)
    0x08000540   0x00000058   Code   RO         6330    .text               c_w.l(_printf_hex_int.o)
    0x08000598   0x00000138   Code   RO         6360    .text               c_w.l(__printf_flags_wp.o)
    0x080006d0   0x00000058   Code   RO         6375    .text               c_w.l(memcmp.o)
    0x08000728   0x0000003e   Code   RO         6379    .text               c_w.l(strlen.o)
    0x08000766   0x0000008a   Code   RO         6381    .text               c_w.l(rt_memcpy_v6.o)
    0x080007f0   0x00000064   Code   RO         6383    .text               c_w.l(rt_memcpy_w.o)
    0x08000854   0x00000010   Code   RO         6385    .text               c_w.l(aeabi_memset.o)
    0x08000864   0x00000080   Code   RO         6387    .text               c_w.l(strcmpv7m.o)
    0x080008e4   0x00000006   Code   RO         6389    .text               c_w.l(heapauxi.o)
    0x080008ea   0x00000002   Code   RO         6397    .text               c_w.l(use_no_semi.o)
    0x080008ec   0x000000ee   Code   RO         6400    .text               c_w.l(lludivv7m.o)
    0x080009da   0x000000b2   Code   RO         6402    .text               c_w.l(_printf_intcommon.o)
    0x08000a8c   0x0000041a   Code   RO         6404    .text               c_w.l(_printf_fp_dec.o)
    0x08000ea6   0x00000002   PAD
    0x08000ea8   0x00000030   Code   RO         6406    .text               c_w.l(_printf_char_common.o)
    0x08000ed8   0x0000000a   Code   RO         6408    .text               c_w.l(_sputc.o)
    0x08000ee2   0x0000002c   Code   RO         6410    .text               c_w.l(_printf_char.o)
    0x08000f0e   0x00000002   PAD
    0x08000f10   0x00000024   Code   RO         6412    .text               c_w.l(_printf_char_file.o)
    0x08000f34   0x00000044   Code   RO         6415    .text               c_w.l(rt_memclr.o)
    0x08000f78   0x00000008   Code   RO         6444    .text               c_w.l(rt_locale_intlibspace.o)
    0x08000f80   0x0000008a   Code   RO         6446    .text               c_w.l(lludiv10.o)
    0x0800100a   0x00000002   PAD
    0x0800100c   0x00000080   Code   RO         6448    .text               c_w.l(_printf_fp_infnan.o)
    0x0800108c   0x000000dc   Code   RO         6452    .text               c_w.l(bigflt0.o)
    0x08001168   0x00000008   Code   RO         6477    .text               c_w.l(ferror.o)
    0x08001170   0x0000004e   Code   RO         6484    .text               c_w.l(rt_memclr_w.o)
    0x080011be   0x00000002   PAD
    0x080011c0   0x00000008   Code   RO         6490    .text               c_w.l(libspace.o)
    0x080011c8   0x0000004a   Code   RO         6493    .text               c_w.l(sys_stackheap_outer.o)
    0x08001212   0x0000000c   Code   RO         6497    .text               c_w.l(exit.o)
    0x0800121e   0x0000003e   Code   RO         6455    CL$$btod_d2e        c_w.l(btod.o)
    0x0800125c   0x00000046   Code   RO         6457    CL$$btod_d2e_denorm_low  c_w.l(btod.o)
    0x080012a2   0x00000060   Code   RO         6456    CL$$btod_d2e_norm_op1  c_w.l(btod.o)
    0x08001302   0x00000338   Code   RO         6465    CL$$btod_div_common  c_w.l(btod.o)
    0x0800163a   0x000000c6   Code   RO         6462    CL$$btod_e2e        c_w.l(btod.o)
    0x08001700   0x00000028   Code   RO         6459    CL$$btod_ediv       c_w.l(btod.o)
    0x08001728   0x00000028   Code   RO         6458    CL$$btod_emul       c_w.l(btod.o)
    0x08001750   0x00000244   Code   RO         6464    CL$$btod_mult_common  c_w.l(btod.o)
    0x08001994   0x00000128   Code   RO         1200    i.ADCInit_DMA       dma.o
    0x08001abc   0x00000016   Code   RO         3499    i.ADC_Cmd           stm32f4xx_adc.o
    0x08001ad2   0x00000002   PAD
    0x08001ad4   0x00000030   Code   RO         3500    i.ADC_CommonInit    stm32f4xx_adc.o
    0x08001b04   0x00000016   Code   RO         3503    i.ADC_DMACmd        stm32f4xx_adc.o
    0x08001b1a   0x00000016   Code   RO         3504    i.ADC_DMARequestAfterLastTransferCmd  stm32f4xx_adc.o
    0x08001b30   0x00000016   Code   RO         3505    i.ADC_DeInit        stm32f4xx_adc.o
    0x08001b46   0x00000002   PAD
    0x08001b48   0x00000054   Code   RO         3519    i.ADC_Init          stm32f4xx_adc.o
    0x08001b9c   0x000000b8   Code   RO         3524    i.ADC_RegularChannelConfig  stm32f4xx_adc.o
    0x08001c54   0x0000000a   Code   RO         3526    i.ADC_SoftwareStartConv  stm32f4xx_adc.o
    0x08001c5e   0x00000002   PAD
    0x08001c60   0x00000094   Code   RO          611    i.ASC2BCD           asc2bcd.o
    0x08001cf4   0x000000b8   Code   RO         1201    i.Adc1Change        dma.o
    0x08001dac   0x0000009c   Code   RO         1202    i.Adc3Change        dma.o
    0x08001e48   0x000001bc   Code   RO         1154    i.Adc_Init          adc.o
    0x08002004   0x00000034   Code   RO          668    i.BlockingRateChange  display.o
    0x08002038   0x00000108   Code   RO          350    i.Burning_Program_Function  test_task.o
    0x08002140   0x00000004   Code   RO          256    i.BusFault_Handler  stm32f4xx_it.o
    0x08002144   0x00000048   Code   RO          645    i.CRC16             crc.o
    0x0800218c   0x000000c8   Code   RO          351    i.Clean_Filter_Calibration_Function  test_task.o
    0x08002254   0x00000030   Code   RO         1481    i.CmdError          sdio_sdcard.o
    0x08002284   0x00000064   Code   RO         1482    i.CmdResp1Error     sdio_sdcard.o
    0x080022e8   0x00000054   Code   RO         1483    i.CmdResp2Error     sdio_sdcard.o
    0x0800233c   0x00000038   Code   RO         1484    i.CmdResp3Error     sdio_sdcard.o
    0x08002374   0x00000094   Code   RO         1485    i.CmdResp6Error     sdio_sdcard.o
    0x08002408   0x0000004c   Code   RO         1486    i.CmdResp7Error     sdio_sdcard.o
    0x08002454   0x0000002c   Code   RO         1203    i.DMA2_Stream0_IRQHandler  dma.o
    0x08002480   0x0000002c   Code   RO         1204    i.DMA2_Stream1_IRQHandler  dma.o
    0x080024ac   0x00000034   Code   RO         3736    i.DMA_ClearITPendingBit  stm32f4xx_dma.o
    0x080024e0   0x00000016   Code   RO         3737    i.DMA_Cmd           stm32f4xx_dma.o
    0x080024f6   0x00000002   PAD
    0x080024f8   0x00000158   Code   RO         3738    i.DMA_DeInit        stm32f4xx_dma.o
    0x08002650   0x00000016   Code   RO         3741    i.DMA_FlowControllerConfig  stm32f4xx_dma.o
    0x08002666   0x00000014   Code   RO         3742    i.DMA_GetCmdStatus  stm32f4xx_dma.o
    0x0800267a   0x00000002   PAD
    0x0800267c   0x00000064   Code   RO         3747    i.DMA_GetITStatus   stm32f4xx_dma.o
    0x080026e0   0x0000003a   Code   RO         3748    i.DMA_ITConfig      stm32f4xx_dma.o
    0x0800271a   0x00000002   PAD
    0x0800271c   0x00000058   Code   RO         3749    i.DMA_Init          stm32f4xx_dma.o
    0x08002774   0x0000003c   Code   RO          352    i.DataInit          test_task.o
    0x080027b0   0x00000014   Code   RO          353    i.DataServe         test_task.o
    0x080027c4   0x00000002   Code   RO          257    i.DebugMon_Handler  stm32f4xx_it.o
    0x080027c6   0x00000002   PAD
    0x080027c8   0x00000118   Code   RO          354    i.Dirty_Filter_Calibration_Function  test_task.o
    0x080028e0   0x000000f0   Code   RO          669    i.DisDrawLine       display.o
    0x080029d0   0x00000158   Code   RO          670    i.DisDrawUI         display.o
    0x08002b28   0x00000054   Code   RO          671    i.DisJudge          display.o
    0x08002b7c   0x000002b8   Code   RO          672    i.DisTestVolt       display.o
    0x08002e34   0x00000054   Code   RO          673    i.DisVolt           display.o
    0x08002e88   0x0000063c   Code   RO          674    i.Display           display.o
    0x080034c4   0x00000048   Code   RO         1311    i.EXTI0_IRQHandler  motor.o
    0x0800350c   0x00000044   Code   RO         1312    i.EXTI1_IRQHandler  motor.o
    0x08003550   0x000000c0   Code   RO         1313    i.EXTIX_Init        motor.o
    0x08003610   0x0000000c   Code   RO         4412    i.EXTI_ClearITPendingBit  stm32f4xx_exti.o
    0x0800361c   0x00000018   Code   RO         4416    i.EXTI_GetITStatus  stm32f4xx_exti.o
    0x08003634   0x00000094   Code   RO         4417    i.EXTI_Init         stm32f4xx_exti.o
    0x080036c8   0x00000034   Code   RO         3373    i.FSMC_NORSRAMCmd   stm32f4xx_fsmc.o
    0x080036fc   0x000000e6   Code   RO         3375    i.FSMC_NORSRAMInit  stm32f4xx_fsmc.o
    0x080037e2   0x00000002   PAD
    0x080037e4   0x00000064   Code   RO          355    i.FSM_EventHandle   test_task.o
    0x08003848   0x00000004   Code   RO          356    i.FSM_Regist        test_task.o
    0x0800384c   0x00000004   Code   RO          357    i.FSM_StateTransfer  test_task.o
    0x08003850   0x000001cc   Code   RO         1920    i.FS_uart_init      usart.o
    0x08003a1c   0x00000028   Code   RO          876    i.FilterIdCheck     protocol_fs.o
    0x08003a44   0x000001a0   Code   RO          877    i.Filter_DataInit   protocol_fs.o
    0x08003be4   0x000000fc   Code   RO          878    i.Filter_EnterModeCMD  protocol_fs.o
    0x08003ce0   0x000002f4   Code   RO          879    i.Filter_RecieveDataProcess  protocol_fs.o
    0x08003fd4   0x000001a4   Code   RO          880    i.Filter_WCV        protocol_fs.o
    0x08004178   0x00000144   Code   RO          881    i.Filter_WID        protocol_fs.o
    0x080042bc   0x00000194   Code   RO         1487    i.FindSCR           sdio_sdcard.o
    0x08004450   0x00000090   Code   RO         2125    i.GPIO_Init         stm32f4xx_gpio.o
    0x080044e0   0x00000046   Code   RO         2126    i.GPIO_PinAFConfig  stm32f4xx_gpio.o
    0x08004526   0x00000012   Code   RO         2129    i.GPIO_ReadInputDataBit  stm32f4xx_gpio.o
    0x08004538   0x00000004   Code   RO         2132    i.GPIO_ResetBits    stm32f4xx_gpio.o
    0x0800453c   0x00000108   Code   RO         1032    i.GUI_DrawFont16    gui_lcd.o
    0x08004644   0x00000118   Code   RO         1033    i.GUI_DrawFont24    gui_lcd.o
    0x0800475c   0x00000108   Code   RO         1034    i.GUI_DrawFont32    gui_lcd.o
    0x08004864   0x00000078   Code   RO         1259    i.GpioConfiguration  gpio.o
    0x080048dc   0x000001a4   Code   RO          358    i.Half_Filter_Test_Function  test_task.o
    0x08004a80   0x00000010   Code   RO          258    i.HardFault_Handler  stm32f4xx_it.o
    0x08004a90   0x000000a4   Code   RO          882    i.IDBuff_cmp        protocol_fs.o
    0x08004b34   0x00000002   Code   RO          359    i.Idle_State_Function  test_task.o
    0x08004b36   0x00000002   PAD
    0x08004b38   0x00000020   Code   RO          360    i.InitFsm           test_task.o
    0x08004b58   0x000000a0   Code   RO         1488    i.IsCardProgramming  sdio_sdcard.o
    0x08004bf8   0x00000050   Code   RO         1279    i.KEY_Init          key.o
    0x08004c48   0x00000038   Code   RO         1728    i.LCD_Clear         ili9486.o
    0x08004c80   0x000000b0   Code   RO         1038    i.LCD_DrawLine      gui_lcd.o
    0x08004d30   0x0000001c   Code   RO         1729    i.LCD_DrawPoint     ili9486.o
    0x08004d4c   0x0000000c   Code   RO         1730    i.LCD_DrawPoint_16Bit  ili9486.o
    0x08004d58   0x00000070   Code   RO         1040    i.LCD_Fill          gui_lcd.o
    0x08004dc8   0x0000021c   Code   RO         1731    i.LCD_GPIOInit      ili9486.o
    0x08004fe4   0x00000248   Code   RO         1732    i.LCD_Init          ili9486.o
    0x0800522c   0x00000058   Code   RO         1737    i.LCD_SetCursor     ili9486.o
    0x08005284   0x00000030   Code   RO         1738    i.LCD_SetParam      ili9486.o
    0x080052b4   0x00000050   Code   RO         1739    i.LCD_SetWindows    ili9486.o
    0x08005304   0x00000178   Code   RO         1041    i.LCD_ShowChar      gui_lcd.o
    0x0800547c   0x0000000c   Code   RO         1740    i.LCD_WR_DATA       ili9486.o
    0x08005488   0x0000000c   Code   RO         1741    i.LCD_WR_REG        ili9486.o
    0x08005494   0x00000010   Code   RO         1742    i.LCD_WriteRAM_Prepare  ili9486.o
    0x080054a4   0x00000010   Code   RO         1743    i.LCD_WriteReg      ili9486.o
    0x080054b4   0x00000094   Code   RO         1314    i.MOTOR_Init        motor.o
    0x08005548   0x00000004   Code   RO          259    i.MemManage_Handler  stm32f4xx_it.o
    0x0800554c   0x0000008e   Code   RO         1418    i.My_RTC_Init       rtc.o
    0x080055da   0x00000002   Code   RO          260    i.NMI_Handler       stm32f4xx_it.o
    0x080055dc   0x00000078   Code   RO         2080    i.NVIC_Init         misc.o
    0x08005654   0x00000014   Code   RO         2081    i.NVIC_PriorityGroupConfig  misc.o
    0x08005668   0x00000058   Code   RO          361    i.PID_Calibration_Function  test_task.o
    0x080056c0   0x000000b8   Code   RO          883    i.PID_Calibration_Mode  protocol_fs.o
    0x08005778   0x00000088   Code   RO          884    i.PID_Set_Ok        protocol_fs.o
    0x08005800   0x0000000c   Code   RO         4473    i.PWR_BackupAccessCmd  stm32f4xx_pwr.o
    0x0800580c   0x00000030   Code   RO         1380    i.PwmInputGpio_Init  pwm.o
    0x0800583c   0x00000020   Code   RO         2222    i.RCC_AHB1PeriphClockCmd  stm32f4xx_rcc.o
    0x0800585c   0x00000020   Code   RO         2228    i.RCC_AHB3PeriphClockCmd  stm32f4xx_rcc.o
    0x0800587c   0x00000020   Code   RO         2231    i.RCC_APB1PeriphClockCmd  stm32f4xx_rcc.o
    0x0800589c   0x00000020   Code   RO         2234    i.RCC_APB2PeriphClockCmd  stm32f4xx_rcc.o
    0x080058bc   0x00000020   Code   RO         2236    i.RCC_APB2PeriphResetCmd  stm32f4xx_rcc.o
    0x080058dc   0x000000e8   Code   RO         2243    i.RCC_GetClocksFreq  stm32f4xx_rcc.o
    0x080059c4   0x00000040   Code   RO         2244    i.RCC_GetFlagStatus  stm32f4xx_rcc.o
    0x08005a04   0x0000002c   Code   RO         2252    i.RCC_LSEConfig     stm32f4xx_rcc.o
    0x08005a30   0x0000000c   Code   RO         2266    i.RCC_RTCCLKCmd     stm32f4xx_rcc.o
    0x08005a3c   0x0000003c   Code   RO         2267    i.RCC_RTCCLKConfig  stm32f4xx_rcc.o
    0x08005a78   0x00000030   Code   RO         1419    i.RTC_Alarm_IRQHandler  rtc.o
    0x08005aa8   0x00000016   Code   RO         3866    i.RTC_Bcd2ToByte    stm32f4xx_rtc.o
    0x08005abe   0x0000001c   Code   RO         3868    i.RTC_ByteToBcd2    stm32f4xx_rtc.o
    0x08005ada   0x00000002   PAD
    0x08005adc   0x0000001c   Code   RO         3871    i.RTC_ClearFlag     stm32f4xx_rtc.o
    0x08005af8   0x00000020   Code   RO         3872    i.RTC_ClearITPendingBit  stm32f4xx_rtc.o
    0x08005b18   0x00000050   Code   RO         3878    i.RTC_EnterInitMode  stm32f4xx_rtc.o
    0x08005b68   0x00000014   Code   RO         3879    i.RTC_ExitInitMode  stm32f4xx_rtc.o
    0x08005b7c   0x0000004c   Code   RO         3882    i.RTC_GetDate       stm32f4xx_rtc.o
    0x08005bc8   0x00000028   Code   RO         3883    i.RTC_GetFlagStatus  stm32f4xx_rtc.o
    0x08005bf0   0x00000050   Code   RO         3887    i.RTC_GetTime       stm32f4xx_rtc.o
    0x08005c40   0x00000064   Code   RO         3891    i.RTC_ITConfig      stm32f4xx_rtc.o
    0x08005ca4   0x00000064   Code   RO         3892    i.RTC_Init          stm32f4xx_rtc.o
    0x08005d08   0x00000020   Code   RO         3895    i.RTC_ReadBackupRegister  stm32f4xx_rtc.o
    0x08005d28   0x000000c8   Code   RO         3898    i.RTC_SetDate       stm32f4xx_rtc.o
    0x08005df0   0x000000d0   Code   RO         3899    i.RTC_SetTime       stm32f4xx_rtc.o
    0x08005ec0   0x0000001c   Code   RO         3900    i.RTC_SetWakeUpCounter  stm32f4xx_rtc.o
    0x08005edc   0x00000024   Code   RO         1421    i.RTC_Set_Date      rtc.o
    0x08005f00   0x00000024   Code   RO         1422    i.RTC_Set_Time      rtc.o
    0x08005f24   0x00000070   Code   RO         1423    i.RTC_Set_WakeUp    rtc.o
    0x08005f94   0x0000001e   Code   RO         1424    i.RTC_WKUP_IRQHandler  rtc.o
    0x08005fb2   0x00000002   PAD
    0x08005fb4   0x00000060   Code   RO         3915    i.RTC_WaitForSynchro  stm32f4xx_rtc.o
    0x08006014   0x00000030   Code   RO         3916    i.RTC_WakeUpClockConfig  stm32f4xx_rtc.o
    0x08006044   0x00000078   Code   RO         3917    i.RTC_WakeUpCmd     stm32f4xx_rtc.o
    0x080060bc   0x0000001c   Code   RO         3918    i.RTC_WriteBackupRegister  stm32f4xx_rtc.o
    0x080060d8   0x00000030   Code   RO         1205    i.ReadVolt          dma.o
    0x08006108   0x00000104   Code   RO          885    i.ReceiveID         protocol_fs.o
    0x0800620c   0x000000ac   Code   RO         1489    i.SDEnWideBus       sdio_sdcard.o
    0x080062b8   0x0000000c   Code   RO         4218    i.SDIO_ClearFlag    stm32f4xx_sdio.o
    0x080062c4   0x0000000c   Code   RO         4220    i.SDIO_ClockCmd     stm32f4xx_sdio.o
    0x080062d0   0x00000014   Code   RO         1490    i.SDIO_Clock_Set    sdio_sdcard.o
    0x080062e4   0x00000034   Code   RO         4224    i.SDIO_DataConfig   stm32f4xx_sdio.o
    0x08006318   0x00000018   Code   RO         4230    i.SDIO_GetFlagStatus  stm32f4xx_sdio.o
    0x08006330   0x00000010   Code   RO         4232    i.SDIO_GetPowerState  stm32f4xx_sdio.o
    0x08006340   0x00000008   Code   RO         1491    i.SDIO_IRQHandler   sdio_sdcard.o
    0x08006348   0x00000030   Code   RO         4235    i.SDIO_Init         stm32f4xx_sdio.o
    0x08006378   0x00000038   Code   RO         1492    i.SDIO_Register_Deinit  sdio_sdcard.o
    0x080063b0   0x0000002c   Code   RO         4238    i.SDIO_SendCommand  stm32f4xx_sdio.o
    0x080063dc   0x0000000c   Code   RO         4240    i.SDIO_SetPowerState  stm32f4xx_sdio.o
    0x080063e8   0x00000080   Code   RO         1493    i.SD_DMA_Config     sdio_sdcard.o
    0x08006468   0x00000068   Code   RO         1494    i.SD_EnableWideBusOperation  sdio_sdcard.o
    0x080064d0   0x00000314   Code   RO         1495    i.SD_GetCardInfo    sdio_sdcard.o
    0x080067e4   0x00000134   Code   RO         1497    i.SD_Init           sdio_sdcard.o
    0x08006918   0x00000164   Code   RO         1498    i.SD_InitializeCards  sdio_sdcard.o
    0x08006a7c   0x000001ec   Code   RO         1500    i.SD_PowerON        sdio_sdcard.o
    0x08006c68   0x00000154   Code   RO         1501    i.SD_ProcessIRQSrc  sdio_sdcard.o
    0x08006dbc   0x00000268   Code   RO         1502    i.SD_ReadBlock      sdio_sdcard.o
    0x08007024   0x00000098   Code   RO         1503    i.SD_ReadDisk       sdio_sdcard.o
    0x080070bc   0x000002f4   Code   RO         1504    i.SD_ReadMultiBlocks  sdio_sdcard.o
    0x080073b0   0x00000030   Code   RO         1505    i.SD_SelectDeselect  sdio_sdcard.o
    0x080073e0   0x00000018   Code   RO         1507    i.SD_SetDeviceMode  sdio_sdcard.o
    0x080073f8   0x00000388   Code   RO         1508    i.SD_WriteBlock     sdio_sdcard.o
    0x08007780   0x00000098   Code   RO         1509    i.SD_WriteDisk      sdio_sdcard.o
    0x08007818   0x000003d0   Code   RO         1510    i.SD_WriteMultiBlocks  sdio_sdcard.o
    0x08007be8   0x00000040   Code   RO         2559    i.SYSCFG_EXTILineConfig  stm32f4xx_syscfg.o
    0x08007c28   0x00000030   Code   RO          362    i.Scan_QR_Codes_Function  test_task.o
    0x08007c58   0x00000470   Code   RO          776    i.SdFatfsInit       fatfs.o
    0x080080c8   0x0000005c   Code   RO          886    i.SendCMDtoScannDevice  protocol_fs.o
    0x08008124   0x000000ec   Code   RO          313    i.SetSysClock       system_stm32f4xx.o
    0x08008210   0x00000150   Code   RO         1044    i.Show_Str          gui_lcd.o
    0x08008360   0x00000028   Code   RO         2084    i.SysTick_CLKSourceConfig  misc.o
    0x08008388   0x00000010   Code   RO         1856    i.SysTick_Handler   delay.o
    0x08008398   0x00000068   Code   RO          315    i.SystemInit        system_stm32f4xx.o
    0x08008400   0x00000258   Code   RO          363    i.TASK_KeyDeal      test_task.o
    0x08008658   0x00000530   Code   RO         1280    i.TASK_KeyScan      key.o
    0x08008b88   0x00000044   Code   RO         1315    i.TIM1_CC_IRQHandler  motor.o
    0x08008bcc   0x000000f0   Code   RO         1316    i.TIM1_PWM_Init     motor.o
    0x08008cbc   0x00000024   Code   RO         1695    i.TIM3_IRQHandler   timer.o
    0x08008ce0   0x0000005c   Code   RO         1696    i.TIM3_Int_Init     timer.o
    0x08008d3c   0x000000ec   Code   RO         1381    i.TIM4_Cap_Init     pwm.o
    0x08008e28   0x00000218   Code   RO         1382    i.TIM4_IRQHandler   pwm.o
    0x08009040   0x00000018   Code   RO         2804    i.TIM_ARRPreloadConfig  stm32f4xx_tim.o
    0x08009058   0x00000006   Code   RO         2811    i.TIM_ClearITPendingBit  stm32f4xx_tim.o
    0x0800905e   0x00000018   Code   RO         2816    i.TIM_Cmd           stm32f4xx_tim.o
    0x08009076   0x0000001e   Code   RO         2818    i.TIM_CtrlPWMOutputs  stm32f4xx_tim.o
    0x08009094   0x00000022   Code   RO         2837    i.TIM_GetITStatus   stm32f4xx_tim.o
    0x080090b6   0x00000012   Code   RO         2841    i.TIM_ITConfig      stm32f4xx_tim.o
    0x080090c8   0x000000a4   Code   RO         2850    i.TIM_OC2Init       stm32f4xx_tim.o
    0x0800916c   0x0000001a   Code   RO         2853    i.TIM_OC2PreloadConfig  stm32f4xx_tim.o
    0x08009186   0x00000004   Code   RO         2879    i.TIM_SetCompare2   stm32f4xx_tim.o
    0x0800918a   0x00000002   PAD
    0x0800918c   0x00000084   Code   RO         2888    i.TIM_TimeBaseInit  stm32f4xx_tim.o
    0x08009210   0x00000038   Code   RO          364    i.Termination_Test_Function  test_task.o
    0x08009248   0x000000d4   Code   RO          887    i.UART4_IRQHandler  protocol_fs.o
    0x0800931c   0x00000088   Code   RO         1921    i.USART1_IRQHandler  usart.o
    0x080093a4   0x000000d8   Code   RO          888    i.USART2_IRQHandler  protocol_fs.o
    0x0800947c   0x000000e0   Code   RO          889    i.USART3_IRQHandler  protocol_fs.o
    0x0800955c   0x000000d8   Code   RO          890    i.USART6_IRQHandler  protocol_fs.o
    0x08009634   0x0000001e   Code   RO         2613    i.USART_ClearITPendingBit  stm32f4xx_usart.o
    0x08009652   0x00000018   Code   RO         2616    i.USART_Cmd         stm32f4xx_usart.o
    0x0800966a   0x00000054   Code   RO         2620    i.USART_GetITStatus  stm32f4xx_usart.o
    0x080096be   0x0000004a   Code   RO         2622    i.USART_ITConfig    stm32f4xx_usart.o
    0x08009708   0x000000d4   Code   RO         2623    i.USART_Init        stm32f4xx_usart.o
    0x080097dc   0x0000000a   Code   RO         2630    i.USART_ReceiveData  stm32f4xx_usart.o
    0x080097e6   0x00000010   Code   RO         1922    i.USART_SendChar    usart.o
    0x080097f6   0x00000002   PAD
    0x080097f8   0x00000530   Code   RO          891    i.UartSendData_toPC  protocol_fs.o
    0x08009d28   0x00000004   Code   RO          261    i.UsageFault_Handler  stm32f4xx_it.o
    0x08009d2c   0x0000004e   Code   RO          675    i.VoltChange        display.o
    0x08009d7a   0x00000002   PAD
    0x08009d7c   0x00000188   Code   RO          677    i.VoltChanges       display.o
    0x08009f04   0x00000030   Code   RO         6488    i.__ARM_fpclassify  m_wm.l(fpclassify.o)
    0x08009f34   0x0000000e   Code   RO         6358    i._is_digit         c_w.l(__printf_wp.o)
    0x08009f42   0x00000004   Code   RO         1924    i._sys_exit         usart.o
    0x08009f46   0x00000016   Code   RO          995    i.array_cmp         serial.o
    0x08009f5c   0x000000a0   Code   RO         1174    i.buzzerInit        buzzer.o
    0x08009ffc   0x00000034   Code   RO         1175    i.buzzerRingNum     buzzer.o
    0x0800a030   0x00000090   Code   RO         5934    i.check_fs          ff.o
    0x0800a0c0   0x00000014   Code   RO         5935    i.chk_chr           ff.o
    0x0800a0d4   0x00000032   Code   RO         5936    i.clmt_clust        ff.o
    0x0800a106   0x0000001a   Code   RO         5937    i.clust2sect        ff.o
    0x0800a120   0x00000090   Code   RO         5938    i.cmp_lfn           ff.o
    0x0800a1b0   0x00000012   Code   RO         1511    i.convert_from_bytes_to_power_of_two  sdio_sdcard.o
    0x0800a1c2   0x000000d6   Code   RO         5939    i.create_chain      ff.o
    0x0800a298   0x00000270   Code   RO         5940    i.create_name       ff.o
    0x0800a508   0x00000044   Code   RO         1857    i.delay_init        delay.o
    0x0800a54c   0x00000040   Code   RO         1858    i.delay_ms          delay.o
    0x0800a58c   0x00000048   Code   RO         1859    i.delay_us          delay.o
    0x0800a5d4   0x0000005c   Code   RO         5941    i.dir_alloc         ff.o
    0x0800a630   0x000000ea   Code   RO         5942    i.dir_find          ff.o
    0x0800a71a   0x00000110   Code   RO         5943    i.dir_next          ff.o
    0x0800a82a   0x0000012a   Code   RO         5945    i.dir_register      ff.o
    0x0800a954   0x0000009e   Code   RO         5947    i.dir_sdi           ff.o
    0x0800a9f2   0x00000028   Code   RO         5868    i.disk_initialize   diskio.o
    0x0800aa1a   0x00000002   PAD
    0x0800aa1c   0x0000006c   Code   RO         5869    i.disk_ioctl        diskio.o
    0x0800aa88   0x00000068   Code   RO         5870    i.disk_read         diskio.o
    0x0800aaf0   0x00000006   Code   RO         5871    i.disk_status       diskio.o
    0x0800aaf6   0x00000068   Code   RO         5872    i.disk_write        diskio.o
    0x0800ab5e   0x0000004a   Code   RO         5662    i.exf_getfree       exfuns.o
    0x0800aba8   0x00000084   Code   RO         5663    i.exfuns_init       exfuns.o
    0x0800ac2c   0x00000102   Code   RO         5951    i.f_getfree         ff.o
    0x0800ad2e   0x0000028e   Code   RO         5954    i.f_lseek           ff.o
    0x0800afbc   0x0000017c   Code   RO         5955    i.f_mkdir           ff.o
    0x0800b138   0x0000005c   Code   RO         5957    i.f_mount           ff.o
    0x0800b194   0x00000180   Code   RO         5958    i.f_open            ff.o
    0x0800b314   0x00000088   Code   RO         5959    i.f_opendir         ff.o
    0x0800b39c   0x000001b0   Code   RO         5963    i.f_read            ff.o
    0x0800b54c   0x000000b0   Code   RO         5968    i.f_sync            ff.o
    0x0800b5fc   0x000001ea   Code   RO         5972    i.f_write           ff.o
    0x0800b7e6   0x00000002   PAD
    0x0800b7e8   0x0000007c   Code   RO         6276    i.ff_convert        cc936.o
    0x0800b864   0x0000000e   Code   RO         5873    i.ff_memalloc       diskio.o
    0x0800b872   0x0000000e   Code   RO         5874    i.ff_memfree        diskio.o
    0x0800b880   0x00000038   Code   RO         6277    i.ff_wtoupper       cc936.o
    0x0800b8b8   0x00000388   Code   RO         5973    i.find_volume       ff.o
    0x0800bc40   0x00000080   Code   RO         5974    i.fit_lfn           ff.o
    0x0800bcc0   0x00000090   Code   RO         5975    i.follow_path       ff.o
    0x0800bd50   0x0000001c   Code   RO         1925    i.fputc             usart.o
    0x0800bd6c   0x000000c8   Code   RO         5976    i.gen_numname       ff.o
    0x0800be34   0x0000004c   Code   RO          828    i.getTime           message.o
    0x0800be80   0x000000e8   Code   RO         5977    i.get_fat           ff.o
    0x0800bf68   0x00000004   Code   RO         5875    i.get_fattime       diskio.o
    0x0800bf6c   0x0000004a   Code   RO         5979    i.get_ldnumber      ff.o
    0x0800bfb6   0x00000020   Code   RO         5980    i.ld_clust          ff.o
    0x0800bfd6   0x00000002   PAD
    0x0800bfd8   0x000000f4   Code   RO            3    i.main              main.o
    0x0800c0cc   0x00000026   Code   RO         5981    i.mem_cmp           ff.o
    0x0800c0f2   0x0000001a   Code   RO         5982    i.mem_cpy           ff.o
    0x0800c10c   0x00000014   Code   RO         5983    i.mem_set           ff.o
    0x0800c120   0x00000038   Code   RO         1317    i.motor_calibration  motor.o
    0x0800c158   0x000000a4   Code   RO         1318    i.motor_drive       motor.o
    0x0800c1fc   0x00000032   Code   RO         5984    i.move_window       ff.o
    0x0800c22e   0x00000002   PAD
    0x0800c230   0x0000006c   Code   RO         1993    i.my_mem_free       malloc.o
    0x0800c29c   0x00000044   Code   RO         1994    i.my_mem_init       malloc.o
    0x0800c2e0   0x000000a8   Code   RO         1995    i.my_mem_malloc     malloc.o
    0x0800c388   0x00000040   Code   RO         1996    i.my_mem_perused    malloc.o
    0x0800c3c8   0x00000024   Code   RO         1997    i.myfree            malloc.o
    0x0800c3ec   0x00000028   Code   RO         1998    i.mymalloc          malloc.o
    0x0800c414   0x00000014   Code   RO         2000    i.mymemset          malloc.o
    0x0800c428   0x00000098   Code   RO         5013    i.prvAddCurrentTaskToDelayedList  tasks.o
    0x0800c4c0   0x000000b8   Code   RO         5014    i.prvAddNewTaskToReadyList  tasks.o
    0x0800c578   0x00000064   Code   RO         5381    i.prvCheckForValidListAndQueue  timers.o
    0x0800c5dc   0x00000064   Code   RO         5015    i.prvCheckTasksWaitingTermination  tasks.o
    0x0800c640   0x0000002a   Code   RO         4772    i.prvCopyDataFromQueue  queue.o
    0x0800c66a   0x0000007c   Code   RO         4773    i.prvCopyDataToQueue  queue.o
    0x0800c6e6   0x00000012   Code   RO         5016    i.prvDeleteTCB      tasks.o
    0x0800c6f8   0x00000028   Code   RO         5382    i.prvGetNextExpireTime  timers.o
    0x0800c720   0x0000007c   Code   RO         5604    i.prvHeapInit       heap_4.o
    0x0800c79c   0x00000028   Code   RO         5017    i.prvIdleTask       tasks.o
    0x0800c7c4   0x0000002e   Code   RO         4775    i.prvInitialiseNewQueue  queue.o
    0x0800c7f2   0x00000002   PAD
    0x0800c7f4   0x000000d0   Code   RO         5018    i.prvInitialiseNewTask  tasks.o
    0x0800c8c4   0x00000068   Code   RO         5019    i.prvInitialiseTaskLists  tasks.o
    0x0800c92c   0x00000068   Code   RO         5605    i.prvInsertBlockIntoFreeList  heap_4.o
    0x0800c994   0x00000058   Code   RO         5384    i.prvInsertTimerInActiveList  timers.o
    0x0800c9ec   0x0000001a   Code   RO         4776    i.prvIsQueueEmpty   queue.o
    0x0800ca06   0x0000001e   Code   RO         4777    i.prvIsQueueFull    queue.o
    0x0800ca24   0x000000a0   Code   RO         4778    i.prvNotifyQueueSetContainer  queue.o
    0x0800cac4   0x00000080   Code   RO         5385    i.prvProcessExpiredTimer  timers.o
    0x0800cb44   0x0000012c   Code   RO         5386    i.prvProcessReceivedCommands  timers.o
    0x0800cc70   0x00000074   Code   RO         5387    i.prvProcessTimerOrBlockTask  timers.o
    0x0800cce4   0x00000034   Code   RO         5021    i.prvResetNextTaskUnblockTime  tasks.o
    0x0800cd18   0x0000002c   Code   RO         5388    i.prvSampleTimeNow  timers.o
    0x0800cd44   0x000000bc   Code   RO         5389    i.prvSwitchTimerLists  timers.o
    0x0800ce00   0x00000074   Code   RO         5520    i.prvTaskExitError  port.o
    0x0800ce74   0x0000001a   Code   RO         5390    i.prvTimerTask      timers.o
    0x0800ce8e   0x00000092   Code   RO         4779    i.prvUnlockQueue    queue.o
    0x0800cf20   0x00000136   Code   RO         5986    i.put_fat           ff.o
    0x0800d056   0x00000002   PAD
    0x0800d058   0x00000154   Code   RO         5606    i.pvPortMalloc      heap_4.o
    0x0800d1ac   0x00000020   Code   RO         5025    i.pvTaskIncrementMutexHeldCount  tasks.o
    0x0800d1cc   0x0000002c   Code   RO         5521    i.pxPortInitialiseStack  port.o
    0x0800d1f8   0x0000006c   Code   RO         5988    i.remove_chain      ff.o
    0x0800d264   0x00000012   Code   RO          541    i.rtc_task          rtc_task.o
    0x0800d276   0x00000002   PAD
    0x0800d278   0x000003c0   Code   RO          777    i.save              fatfs.o
    0x0800d638   0x00000010   Code   RO         5989    i.st_clust          ff.o
    0x0800d648   0x000000a0   Code   RO            4    i.start_task        main.o
    0x0800d6e8   0x00000020   Code   RO         5990    i.sum_sfn           ff.o
    0x0800d708   0x000000c8   Code   RO         5991    i.sync_fs           ff.o
    0x0800d7d0   0x0000004c   Code   RO         5992    i.sync_window       ff.o
    0x0800d81c   0x00000050   Code   RO          365    i.test_task         test_task.o
    0x0800d86c   0x000000ac   Code   RO         1926    i.uart_init         usart.o
    0x0800d918   0x00000028   Code   RO         4727    i.uxListRemove      list.o
    0x0800d940   0x0000001a   Code   RO         4728    i.vListInitialise   list.o
    0x0800d95a   0x00000006   Code   RO         4729    i.vListInitialiseItem  list.o
    0x0800d960   0x00000034   Code   RO         4730    i.vListInsert       list.o
    0x0800d994   0x00000018   Code   RO         4731    i.vListInsertEnd    list.o
    0x0800d9ac   0x00000088   Code   RO         5523    i.vPortEnterCritical  port.o
    0x0800da34   0x00000070   Code   RO         5524    i.vPortExitCritical  port.o
    0x0800daa4   0x000000b8   Code   RO         5607    i.vPortFree         heap_4.o
    0x0800db5c   0x00000020   Code   RO         5525    i.vPortSetupTimerInterrupt  port.o
    0x0800db7c   0x000000a0   Code   RO         5526    i.vPortValidateInterruptPriority  port.o
    0x0800dc1c   0x0000002c   Code   RO         4785    i.vQueueAddToRegistry  queue.o
    0x0800dc48   0x0000004a   Code   RO         4789    i.vQueueWaitForMessageRestricted  queue.o
    0x0800dc92   0x00000002   PAD
    0x0800dc94   0x00000074   Code   RO         5033    i.vTaskDelay        tasks.o
    0x0800dd08   0x0000010c   Code   RO         5035    i.vTaskDelete       tasks.o
    0x0800de14   0x0000000c   Code   RO         5039    i.vTaskMissedYield  tasks.o
    0x0800de20   0x00000054   Code   RO         5041    i.vTaskPlaceOnEventList  tasks.o
    0x0800de74   0x0000005c   Code   RO         5042    i.vTaskPlaceOnEventListRestricted  tasks.o
    0x0800ded0   0x000000b0   Code   RO         5044    i.vTaskPriorityInherit  tasks.o
    0x0800df80   0x0000004c   Code   RO         5048    i.vTaskSetTimeOutState  tasks.o
    0x0800dfcc   0x000000ac   Code   RO         5049    i.vTaskStartScheduler  tasks.o
    0x0800e078   0x00000010   Code   RO         5051    i.vTaskSuspendAll   tasks.o
    0x0800e088   0x000000a8   Code   RO         5052    i.vTaskSwitchContext  tasks.o
    0x0800e130   0x00000036   Code   RO         5993    i.validate          ff.o
    0x0800e166   0x00000012   Code   RO          515    i.voltage_task      voltage_task.o
    0x0800e178   0x0000015c   Code   RO         5527    i.xPortStartScheduler  port.o
    0x0800e2d4   0x00000034   Code   RO         5528    i.xPortSysTickHandler  port.o
    0x0800e308   0x00000074   Code   RO         4794    i.xQueueGenericCreate  queue.o
    0x0800e37c   0x000001c8   Code   RO         4795    i.xQueueGenericReceive  queue.o
    0x0800e544   0x000000b0   Code   RO         4796    i.xQueueGenericReset  queue.o
    0x0800e5f4   0x000001c4   Code   RO         4797    i.xQueueGenericSend  queue.o
    0x0800e7b8   0x00000110   Code   RO         4798    i.xQueueGenericSendFromISR  queue.o
    0x0800e8c8   0x000000a0   Code   RO         5053    i.xTaskCheckForTimeOut  tasks.o
    0x0800e968   0x00000060   Code   RO         5054    i.xTaskCreate       tasks.o
    0x0800e9c8   0x00000020   Code   RO         5058    i.xTaskGetSchedulerState  tasks.o
    0x0800e9e8   0x0000000c   Code   RO         5059    i.xTaskGetTickCount  tasks.o
    0x0800e9f4   0x00000160   Code   RO         5061    i.xTaskIncrementTick  tasks.o
    0x0800eb54   0x000000d8   Code   RO         5064    i.xTaskPriorityDisinherit  tasks.o
    0x0800ec2c   0x000000b4   Code   RO         5065    i.xTaskRemoveFromEventList  tasks.o
    0x0800ece0   0x00000120   Code   RO         5067    i.xTaskResumeAll    tasks.o
    0x0800ee00   0x00000074   Code   RO         5394    i.xTimerCreateTimerTask  timers.o
    0x0800ee74   0x000000a4   Code   RO         5395    i.xTimerGenericCommand  timers.o
    0x0800ef18   0x0000002c   Code   RO         6482    locale$$code        c_w.l(lc_numeric_c.o)
    0x0800ef44   0x0000000c   Code   RO         6417    x$fpl$dretinf       fz_wm.l(dretinf.o)
    0x0800ef50   0x00000056   Code   RO         6393    x$fpl$f2d           fz_wm.l(f2d.o)
    0x0800efa6   0x0000008c   Code   RO         6419    x$fpl$fnaninf       fz_wm.l(fnaninf.o)
    0x0800f032   0x0000000a   Code   RO         6558    x$fpl$fpinit        fz_wm.l(fpinit.o)
    0x0800f03c   0x00000004   Code   RO         6395    x$fpl$printf1       fz_wm.l(printf1.o)
    0x0800f040   0x00000000   Code   RO         6421    x$fpl$usenofp       fz_wm.l(usenofp.o)
    0x0800f040   0x00000030   Data   RO          893    .constdata          protocol_fs.o
    0x0800f070   0x00003d24   Data   RO         1049    .constdata          gui_lcd.o
    0x08012d94   0x00000024   Data   RO         2007    .constdata          malloc.o
    0x08012db8   0x0000003a   Data   RO         5995    .constdata          ff.o
    0x08012df2   0x0002acc8   Data   RO         6278    .constdata          cc936.o
    0x0803daba   0x00000028   Data   RO         6331    .constdata          c_w.l(_printf_hex_int.o)
    0x0803dae2   0x00000011   Data   RO         6361    .constdata          c_w.l(__printf_flags_wp.o)
    0x0803daf3   0x00000001   PAD
    0x0803daf4   0x00000094   Data   RO         6453    .constdata          c_w.l(bigflt0.o)
    0x0803db88   0x0000008d   Data   RO          779    .conststring        fatfs.o
    0x0803dc15   0x00000003   PAD
    0x0803dc18   0x00000020   Data   RO         6628    Region$$Table       anon$$obj.o
    0x0803dc38   0x0000001c   Data   RO         6481    locale$$data        c_w.l(lc_numeric_c.o)


    Execution Region RW_IRAM1 (Base: 0x20000000, Size: 0x0001b908, Max: 0x00020000, ABSOLUTE, COMPRESSED[0x00000198])

    Base Addr    Size         Type   Attr      Idx    E Section Name        Object

    0x20000000   0x00000004   Data   RW            5    .data               main.o
    0x20000004   0x00000014   Data   RW          316    .data               system_stm32f4xx.o
    0x20000018   0x000000e4   Data   RW          366    .data               test_task.o
    0x200000fc   0x00000004   Data   RW          516    .data               voltage_task.o
    0x20000100   0x00000004   Data   RW          542    .data               rtc_task.o
    0x20000104   0x00000020   Data   RW          613    .data               asc2bcd.o
    0x20000124   0x00000075   Data   RW          682    .data               display.o
    0x20000199   0x000000a7   Data   RW          780    .data               fatfs.o
    0x20000240   0x000000dc   Data   RW          894    .data               protocol_fs.o
    0x2000031c   0x0000001e   Data   RW         1207    .data               dma.o
    0x2000033a   0x00000014   Data   RW         1281    .data               key.o
    0x2000034e   0x00000001   Data   RW         1320    .data               motor.o
    0x2000034f   0x00000001   PAD
    0x20000350   0x00000020   Data   RW         1383    .data               pwm.o
    0x20000370   0x00000004   Data   RW         1426    .data               rtc.o
    0x20000374   0x00000010   Data   RW         1513    .data               sdio_sdcard.o
    0x20000384   0x00000001   Data   RW         1697    .data               timer.o
    0x20000385   0x00000001   PAD
    0x20000386   0x00000004   Data   RW         1746    .data               ili9486.o
    0x2000038a   0x00000004   Data   RW         1861    .data               delay.o
    0x2000038e   0x00000002   PAD
    0x20000390   0x00000006   Data   RW         1928    .data               usart.o
    0x20000396   0x00000002   PAD
    0x20000398   0x00000024   Data   RW         2008    .data               malloc.o
    0x200003bc   0x00000010   Data   RW         2275    .data               stm32f4xx_rcc.o
    0x200003cc   0x0000003c   Data   RW         5070    .data               tasks.o
    0x20000408   0x00000014   Data   RW         5403    .data               timers.o
    0x2000041c   0x0000000c   Data   RW         5529    .data               port.o
    0x20000428   0x00000018   Data   RW         5612    .data               heap_4.o
    0x20000440   0x00000014   Data   RW         5668    .data               exfuns.o
    0x20000454   0x00000002   Data   RW         5996    .data               ff.o
    0x20000456   0x00000002   PAD
    0x20000458   0x0000012c   Zero   RW          778    .bss                fatfs.o
    0x20000584   0x000001b4   Zero   RW          892    .bss                protocol_fs.o
    0x20000738   0x00000018   Zero   RW         1319    .bss                motor.o
    0x20000750   0x0000000a   Zero   RW         1425    .bss                rtc.o
    0x2000075a   0x00000006   PAD
    0x20000760   0x000002c0   Zero   RW         1512    .bss                sdio_sdcard.o
    0x20000a20   0x0000000e   Zero   RW         1745    .bss                ili9486.o
    0x20000a2e   0x000000c8   Zero   RW         1927    .bss                usart.o
    0x20000af6   0x0000000a   PAD
    0x20000b00   0x00015400   Zero   RW         2006    .bss                malloc.o
    0x20015f00   0x00000040   Zero   RW         4809    .bss                queue.o
    0x20015f40   0x000002e4   Zero   RW         5069    .bss                tasks.o
    0x20016224   0x00000028   Zero   RW         5402    .bss                timers.o
    0x2001624c   0x00005000   Zero   RW         5611    .bss                heap_4.o
    0x2001b24c   0x00000050   Zero   RW         5665    .bss                exfuns.o
    0x2001b29c   0x0000000c   Zero   RW         5994    .bss                ff.o
    0x2001b2a8   0x00000060   Zero   RW         6491    .bss                c_w.l(libspace.o)
    0x2001b308   0x00000200   Zero   RW         2072    HEAP                startup_stm32f40_41xxx.o
    0x2001b508   0x00000400   Zero   RW         2071    STACK               startup_stm32f40_41xxx.o



  Load Region LR$$.ARM.__AT_0x10000000 (Base: 0x10000000, Size: 0x00000000, Max: 0x00005000, ABSOLUTE)

    Execution Region ER$$.ARM.__AT_0x10000000 (Base: 0x10000000, Size: 0x00005000, Max: 0x00005000, ABSOLUTE, UNINIT)

    Base Addr    Size         Type   Attr      Idx    E Section Name        Object

    0x10000000   0x00005000   Zero   RW         2002    .ARM.__AT_0x10000000  malloc.o



  Load Region LR$$.ARM.__AT_0x10005000 (Base: 0x10005000, Size: 0x00000000, Max: 0x00000500, ABSOLUTE)

    Execution Region ER$$.ARM.__AT_0x10005000 (Base: 0x10005000, Size: 0x00000500, Max: 0x00000500, ABSOLUTE, UNINIT)

    Base Addr    Size         Type   Attr      Idx    E Section Name        Object

    0x10005000   0x00000500   Zero   RW         2003    .ARM.__AT_0x10005000  malloc.o



  Load Region LR$$.ARM.__AT_0x68000000 (Base: 0x68000000, Size: 0x00000000, Max: 0x00000020, ABSOLUTE)

    Execution Region ER$$.ARM.__AT_0x68000000 (Base: 0x68000000, Size: 0x00000020, Max: 0x00000020, ABSOLUTE, UNINIT)

    Base Addr    Size         Type   Attr      Idx    E Section Name        Object

    0x68000000   0x00000020   Zero   RW         2004    .ARM.__AT_0x68000000  malloc.o



  Load Region LR$$.ARM.__AT_0x68000020 (Base: 0x68000020, Size: 0x00000000, Max: 0x00000004, ABSOLUTE)

    Execution Region ER$$.ARM.__AT_0x68000020 (Base: 0x68000020, Size: 0x00000004, Max: 0x00000004, ABSOLUTE, UNINIT)

    Base Addr    Size         Type   Attr      Idx    E Section Name        Object

    0x68000020   0x00000002   Zero   RW         2005    .ARM.__AT_0x68000020  malloc.o


==============================================================================

Image component sizes


      Code (inc. data)   RO Data    RW Data    ZI Data      Debug   Object Name

       444         22          0          0          0        799   adc.o
       148          8          0         32          0       1414   asc2bcd.o
       212         14          0          0          0       1353   buzzer.o
       180         18     175304          0          0       2655   cc936.o
        72          0          0          0          0        996   crc.o
       220         18          0          4          0       2601   delay.o
       394          6          0          0          0       6507   diskio.o
      3566        312          0        117          0       9370   display.o
       772         80          0         30          0       4143   dma.o
         0          0          0          0          0      10392   event_groups.o
       206         18          0         20         80       5008   exfuns.o
      2096        376        141        167        300       2716   fatfs.o
      7922         66         58          2         12      39147   ff.o
       120         20          0          0          0        588   gpio.o
      1808         76      15652          0          0       8229   gui_lcd.o
       752        176          0         24      20480       4079   heap_4.o
      1492         72          0          4         14      10447   ili9486.o
      1408         80          0         20          0       2242   key.o
       148          0          0          0          0       3334   list.o
       404        110          0          4          0     356680   main.o
       504         60         36         36     108834       6618   malloc.o
        76          6          0          0          0        570   message.o
       180         24          0          0          0       2161   misc.o
      1008        112          0          1         24       6752   motor.o
      1182        396          0         12          0      11145   port.o
      5240        292         48        220        436      15156   protocol_fs.o
       820        152          0         32          0       3067   pwm.o
      2164        238          0          0         64      15861   queue.o
       404         16          0          4         10       4532   rtc.o
        18          0          0          4          0        785   rtc_task.o
      7494        404          0         16        704      34473   sdio_sdcard.o
        22          0          0          0          0       1036   serial.o
        64         26        392          0       1536        860   startup_stm32f40_41xxx.o
       414         24          0          0          0       6168   stm32f4xx_adc.o
       706         58          0          0          0       6513   stm32f4xx_dma.o
       184         16          0          0          0       2164   stm32f4xx_exti.o
       282          6          0          0          0       1885   stm32f4xx_fsmc.o
       236          0          0          0          0       3052   stm32f4xx_gpio.o
        32          6          0          0          0       2961   stm32f4xx_it.o
        12          6          0          0          0        554   stm32f4xx_pwr.o
       572         72          0         16          0       8380   stm32f4xx_rcc.o
      1366        104          0          0          0      13060   stm32f4xx_rtc.o
       220         44          0          0          0       6377   stm32f4xx_sdio.o
        64          4          0          0          0        676   stm32f4xx_syscfg.o
       462         38          0          0          0       6933   stm32f4xx_tim.o
       434          8          0          0          0       5012   stm32f4xx_usart.o
        16          0          0          0          0        516   sys.o
       340         32          0         20          0       1889   system_stm32f4xx.o
      3406        878          0         60        740      29979   tasks.o
      2258        372          0        228          0      11931   test_task.o
       128         14          0          1          0       1430   timer.o
      1310        312          0         20         40       8959   timers.o
       816         58          0          6        200       5904   usart.o
        18          0          0          4          0        817   voltage_task.o

    ----------------------------------------------------------------------
     54862       5250     191666       1112     133492     700876   Object Totals
         0          0         32          0          0          0   (incl. Generated)
        46          0          3          8         18          0   (incl. Padding)

    ----------------------------------------------------------------------

      Code (inc. data)   RO Data    RW Data    ZI Data      Debug   Library Member Name

        90          0          0          0          0          0   __dczerorl2.o
         8          0          0          0          0         68   __main.o
       312          4         17          0          0         92   __printf_flags_wp.o
        14          0          0          0          0         68   __printf_wp.o
         0          0          0          0          0          0   __rtentry.o
        12          0          0          0          0          0   __rtentry2.o
         6          0          0          0          0          0   __rtentry4.o
        52          8          0          0          0          0   __scatter.o
        28          0          0          0          0          0   __scatter_zi.o
        44          0          0          0          0        108   _printf_char.o
        48          6          0          0          0         96   _printf_char_common.o
        36          4          0          0          0         80   _printf_char_file.o
         6          0          0          0          0          0   _printf_d.o
       120         16          0          0          0         92   _printf_dec.o
         6          0          0          0          0          0   _printf_f.o
      1050          0          0          0          0        216   _printf_fp_dec.o
       128         16          0          0          0         84   _printf_fp_infnan.o
        88          4         40          0          0         88   _printf_hex_int.o
       178          0          0          0          0         88   _printf_intcommon.o
        78          0          0          0          0        108   _printf_pad.o
         0          0          0          0          0          0   _printf_percent.o
         4          0          0          0          0          0   _printf_percent_end.o
         6          0          0          0          0          0   _printf_s.o
        82          0          0          0          0         80   _printf_str.o
         6          0          0          0          0          0   _printf_x.o
        10          0          0          0          0         68   _sputc.o
        16          0          0          0          0         68   aeabi_memset.o
       220          4        148          0          0         96   bigflt0.o
      1910        128          0          0          0        672   btod.o
        12          0          0          0          0         72   exit.o
         8          0          0          0          0         68   ferror.o
         6          0          0          0          0        152   heapauxi.o
        44         10         28          0          0         76   lc_numeric_c.o
         2          0          0          0          0          0   libinit.o
        22          0          0          0          0          0   libinit2.o
         2          0          0          0          0          0   libshutdown.o
         2          0          0          0          0          0   libshutdown2.o
         8          4          0          0         96         68   libspace.o
        72          0          0          0          0         76   llsdiv.o
       138          0          0          0          0         80   lludiv10.o
       238          0          0          0          0        100   lludivv7m.o
        88          0          0          0          0         76   memcmp.o
        24          4          0          0          0         84   noretval__2printf.o
        40          6          0          0          0         84   noretval__2sprintf.o
         8          4          0          0          0         68   rt_locale_intlibspace.o
        68          0          0          0          0         68   rt_memclr.o
        78          0          0          0          0         80   rt_memclr_w.o
       138          0          0          0          0         68   rt_memcpy_v6.o
       100          0          0          0          0         80   rt_memcpy_w.o
         2          0          0          0          0          0   rtexit.o
        10          0          0          0          0          0   rtexit2.o
       128          0          0          0          0         68   strcmpv7m.o
        62          0          0          0          0         76   strlen.o
        74          0          0          0          0         80   sys_stackheap_outer.o
         2          0          0          0          0         68   use_no_semi.o
         2          0          0          0          0         68   use_no_semi_2.o
        12          0          0          0          0        116   dretinf.o
        86          4          0          0          0        132   f2d.o
       140          4          0          0          0        132   fnaninf.o
        10          0          0          0          0        116   fpinit.o
         4          0          0          0          0        116   printf1.o
         0          0          0          0          0          0   usenofp.o
        48          0          0          0          0        124   fpclassify.o

    ----------------------------------------------------------------------
      6250        226        234          0         96       4568   Library Totals
        14          0          1          0          0          0   (incl. Padding)

    ----------------------------------------------------------------------

      Code (inc. data)   RO Data    RW Data    ZI Data      Debug   Library Name

      5936        218        233          0         96       3832   c_w.l
       252          8          0          0          0        612   fz_wm.l
        48          0          0          0          0        124   m_wm.l

    ----------------------------------------------------------------------
      6250        226        234          0         96       4568   Library Totals

    ----------------------------------------------------------------------

==============================================================================


      Code (inc. data)   RO Data    RW Data    ZI Data      Debug   

     61112       5476     191900       1112     133588     667560   Grand Totals
     61112       5476     191900        408     133588     667560   ELF Image Totals (compressed)
     61112       5476     191900        408          0          0   ROM Totals

==============================================================================

    Total RO  Size (Code + RO Data)               253012 ( 247.08kB)
    Total RW  Size (RW Data + ZI Data)            134700 ( 131.54kB)
    Total ROM Size (Code + RO Data + RW Data)     253420 ( 247.48kB)

==============================================================================

