Component: ARM Compiler 5.05 update 1 (build 106) Tool: armlink [4d0efa]

==============================================================================

Section Cross References

    main.o(i.Burning_Program_Function) refers to protocol_fs.o(i.FilterIdCheck) for FilterIdCheck
    main.o(i.Burning_Program_Function) refers to delay.o(i.delay_ms) for delay_ms
    main.o(i.Burning_Program_Function) refers to protocol_fs.o(i.Filter_EnterModeCMD) for Filter_EnterModeCMD
    main.o(i.Burning_Program_Function) refers to protocol_fs.o(i.Filter_RecieveDataProcess) for Filter_RecieveDataProcess
    main.o(i.Burning_Program_Function) refers to main.o(.data) for UpdateFirmwareEnFlag
    main.o(i.Burning_Program_Function) refers to protocol_fs.o(.data) for FS_SerialReceiveBuff
    main.o(i.Burning_Program_Function) refers to display.o(.data) for DisplayUpdataEnable
    main.o(i.Clean_Filter_Calibration_Function) refers to protocol_fs.o(i.Filter_EnterModeCMD) for Filter_EnterModeCMD
    main.o(i.Clean_Filter_Calibration_Function) refers to delay.o(i.delay_ms) for delay_ms
    main.o(i.Clean_Filter_Calibration_Function) refers to protocol_fs.o(i.Filter_RecieveDataProcess) for Filter_RecieveDataProcess
    main.o(i.Clean_Filter_Calibration_Function) refers to protocol_fs.o(.bss) for FS
    main.o(i.Clean_Filter_Calibration_Function) refers to main.o(.data) for event
    main.o(i.Clean_Filter_Calibration_Function) refers to display.o(.data) for DisplayUpdataEnable
    main.o(i.DataInit) refers to stm32f4xx_tim.o(i.TIM_Cmd) for TIM_Cmd
    main.o(i.DataInit) refers to display.o(i.DisDrawUI) for DisDrawUI
    main.o(i.DataInit) refers to protocol_fs.o(i.Filter_DataInit) for Filter_DataInit
    main.o(i.DataInit) refers to main.o(.data) for TimerFlag
    main.o(i.DataInit) refers to display.o(.data) for DisplayUpdataEnable
    main.o(i.DataServe) refers to protocol_fs.o(i.FilterIdCheck) for FilterIdCheck
    main.o(i.DataServe) refers to fatfs.o(i.save) for save
    main.o(i.DataServe) refers to protocol_fs.o(i.UartSendData_toPC) for UartSendData_toPC
    main.o(i.Dirty_Filter_Calibration_Function) refers to motor.o(i.motor_drive) for motor_drive
    main.o(i.Dirty_Filter_Calibration_Function) refers to delay.o(i.delay_ms) for delay_ms
    main.o(i.Dirty_Filter_Calibration_Function) refers to protocol_fs.o(i.Filter_EnterModeCMD) for Filter_EnterModeCMD
    main.o(i.Dirty_Filter_Calibration_Function) refers to protocol_fs.o(i.Filter_RecieveDataProcess) for Filter_RecieveDataProcess
    main.o(i.Dirty_Filter_Calibration_Function) refers to motor.o(.bss) for pulse
    main.o(i.Dirty_Filter_Calibration_Function) refers to protocol_fs.o(.bss) for FS
    main.o(i.Dirty_Filter_Calibration_Function) refers to main.o(.data) for event
    main.o(i.Dirty_Filter_Calibration_Function) refers to display.o(.data) for DisplayUpdataEnable
    main.o(i.FSM_EventHandle) refers to main.o(i.FSM_StateTransfer) for FSM_StateTransfer
    main.o(i.FSM_EventHandle) refers to main.o(.data) for g_max_num
    main.o(i.Half_Filter_Test_Function) refers to motor.o(i.motor_drive) for motor_drive
    main.o(i.Half_Filter_Test_Function) refers to stm32f4xx_tim.o(i.TIM_Cmd) for TIM_Cmd
    main.o(i.Half_Filter_Test_Function) refers to delay.o(i.delay_ms) for delay_ms
    main.o(i.Half_Filter_Test_Function) refers to protocol_fs.o(i.Filter_EnterModeCMD) for Filter_EnterModeCMD
    main.o(i.Half_Filter_Test_Function) refers to protocol_fs.o(i.Filter_RecieveDataProcess) for Filter_RecieveDataProcess
    main.o(i.Half_Filter_Test_Function) refers to main.o(i.ReadVolt) for ReadVolt
    main.o(i.Half_Filter_Test_Function) refers to main.o(i.DataServe) for DataServe
    main.o(i.Half_Filter_Test_Function) refers to motor.o(.bss) for pulse
    main.o(i.Half_Filter_Test_Function) refers to protocol_fs.o(.bss) for FS
    main.o(i.Half_Filter_Test_Function) refers to pwm.o(.data) for pwm_val_fs
    main.o(i.Half_Filter_Test_Function) refers to main.o(.data) for event
    main.o(i.Half_Filter_Test_Function) refers to display.o(.data) for DisplayUpdataEnable
    main.o(i.InitFsm) refers to main.o(i.FSM_Regist) for FSM_Regist
    main.o(i.InitFsm) refers to main.o(.data) for g_max_num
    main.o(i.PID_Calibration_Function) refers to protocol_fs.o(i.PID_Calibration_Mode) for PID_Calibration_Mode
    main.o(i.PID_Calibration_Function) refers to delay.o(i.delay_ms) for delay_ms
    main.o(i.PID_Calibration_Function) refers to protocol_fs.o(i.PID_Set_Ok) for PID_Set_Ok
    main.o(i.PID_Calibration_Function) refers to protocol_fs.o(.data) for uartMode
    main.o(i.PID_Calibration_Function) refers to main.o(.data) for event
    main.o(i.PID_Calibration_Function) refers to display.o(.data) for DisplayUpdataEnable
    main.o(i.ReadVolt) refers to stm32f4xx_adc.o(i.ADC_SoftwareStartConv) for ADC_SoftwareStartConv
    main.o(i.ReadVolt) refers to stm32f4xx_dma.o(i.DMA_Cmd) for DMA_Cmd
[...]
    RCC_GetClocksFreq                        0x08005951   Thumb Code   214  stm32f4xx_rcc.o(i.RCC_GetClocksFreq)
    RCC_GetFlagStatus                        0x08005a39   Thumb Code    60  stm32f4xx_rcc.o(i.RCC_GetFlagStatus)
    RCC_LSEConfig                            0x08005a79   Thumb Code    40  stm32f4xx_rcc.o(i.RCC_LSEConfig)
    RCC_RTCCLKCmd                            0x08005aa5   Thumb Code     6  stm32f4xx_rcc.o(i.RCC_RTCCLKCmd)
    RCC_RTCCLKConfig                         0x08005ab1   Thumb Code    50  stm32f4xx_rcc.o(i.RCC_RTCCLKConfig)
    RTC_Alarm_IRQHandler                     0x08005aed   Thumb Code    36  rtc.o(i.RTC_Alarm_IRQHandler)
    RTC_ClearFlag                            0x08005b51   Thumb Code    24  stm32f4xx_rtc.o(i.RTC_ClearFlag)
    RTC_ClearITPendingBit                    0x08005b6d   Thumb Code    28  stm32f4xx_rtc.o(i.RTC_ClearITPendingBit)
    RTC_EnterInitMode                        0x08005b8d   Thumb Code    76  stm32f4xx_rtc.o(i.RTC_EnterInitMode)
    RTC_ExitInitMode                         0x08005bdd   Thumb Code    14  stm32f4xx_rtc.o(i.RTC_ExitInitMode)
    RTC_GetDate                              0x08005bf1   Thumb Code    68  stm32f4xx_rtc.o(i.RTC_GetDate)
    RTC_GetFlagStatus                        0x08005c3d   Thumb Code    32  stm32f4xx_rtc.o(i.RTC_GetFlagStatus)
    RTC_GetTime                              0x08005c65   Thumb Code    72  stm32f4xx_rtc.o(i.RTC_GetTime)
    RTC_ITConfig                             0x08005cb5   Thumb Code    94  stm32f4xx_rtc.o(i.RTC_ITConfig)
    RTC_Init                                 0x08005d19   Thumb Code    94  stm32f4xx_rtc.o(i.RTC_Init)
    RTC_ReadBackupRegister                   0x08005d7d   Thumb Code    26  stm32f4xx_rtc.o(i.RTC_ReadBackupRegister)
    RTC_SetDate                              0x08005d9d   Thumb Code   190  stm32f4xx_rtc.o(i.RTC_SetDate)
    RTC_SetTime                              0x08005e65   Thumb Code   198  stm32f4xx_rtc.o(i.RTC_SetTime)
    RTC_SetWakeUpCounter                     0x08005f35   Thumb Code    22  stm32f4xx_rtc.o(i.RTC_SetWakeUpCounter)
    RTC_Set_Date                             0x08005f51   Thumb Code    36  rtc.o(i.RTC_Set_Date)
    RTC_Set_Time                             0x08005f75   Thumb Code    36  rtc.o(i.RTC_Set_Time)
    RTC_Set_WakeUp                           0x08005f99   Thumb Code   108  rtc.o(i.RTC_Set_WakeUp)
    RTC_WKUP_IRQHandler                      0x08006009   Thumb Code    30  rtc.o(i.RTC_WKUP_IRQHandler)
    RTC_WaitForSynchro                       0x08006029   Thumb Code    92  stm32f4xx_rtc.o(i.RTC_WaitForSynchro)
    RTC_WakeUpClockConfig                    0x08006089   Thumb Code    42  stm32f4xx_rtc.o(i.RTC_WakeUpClockConfig)
    RTC_WakeUpCmd                            0x080060b9   Thumb Code   116  stm32f4xx_rtc.o(i.RTC_WakeUpCmd)
    RTC_WriteBackupRegister                  0x08006131   Thumb Code    24  stm32f4xx_rtc.o(i.RTC_WriteBackupRegister)
    ReadVolt                                 0x0800614d   Thumb Code    34  main.o(i.ReadVolt)
    ReceiveID                                0x0800617d   Thumb Code   246  protocol_fs.o(i.ReceiveID)
    SDEnWideBus                              0x08006281   Thumb Code   158  sdio_sdcard.o(i.SDEnWideBus)
    SDIO_ClearFlag                           0x0800632d   Thumb Code     6  stm32f4xx_sdio.o(i.SDIO_ClearFlag)
    SDIO_ClockCmd                            0x08006339   Thumb Code     6  stm32f4xx_sdio.o(i.SDIO_ClockCmd)
    SDIO_Clock_Set                           0x08006345   Thumb Code    16  sdio_sdcard.o(i.SDIO_Clock_Set)
    SDIO_DataConfig                          0x08006359   Thumb Code    46  stm32f4xx_sdio.o(i.SDIO_DataConfig)
    SDIO_GetFlagStatus                       0x0800638d   Thumb Code    20  stm32f4xx_sdio.o(i.SDIO_GetFlagStatus)
    SDIO_GetPowerState                       0x080063a5   Thumb Code    10  stm32f4xx_sdio.o(i.SDIO_GetPowerState)
    SDIO_IRQHandler                          0x080063b5   Thumb Code     8  sdio_sdcard.o(i.SDIO_IRQHandler)
    SDIO_Init                                0x080063bd   Thumb Code    42  stm32f4xx_sdio.o(i.SDIO_Init)
    SDIO_Register_Deinit                     0x080063ed   Thumb Code    48  sdio_sdcard.o(i.SDIO_Register_Deinit)
    SDIO_SendCommand                         0x08006425   Thumb Code    40  stm32f4xx_sdio.o(i.SDIO_SendCommand)
    SDIO_SetPowerState                       0x08006451   Thumb Code     6  stm32f4xx_sdio.o(i.SDIO_SetPowerState)
    SD_DMA_Config                            0x0800645d   Thumb Code   118  sdio_sdcard.o(i.SD_DMA_Config)
    SD_EnableWideBusOperation                0x080064dd   Thumb Code    94  sdio_sdcard.o(i.SD_EnableWideBusOperation)
    SD_GetCardInfo                           0x08006545   Thumb Code   772  sdio_sdcard.o(i.SD_GetCardInfo)
    SD_Init                                  0x08006859   Thumb Code   286  sdio_sdcard.o(i.SD_Init)
    SD_InitializeCards                       0x0800698d   Thumb Code   330  sdio_sdcard.o(i.SD_InitializeCards)
    SD_PowerON                               0x08006af1   Thumb Code   466  sdio_sdcard.o(i.SD_PowerON)
    SD_ProcessIRQSrc                         0x08006cdd   Thumb Code   318  sdio_sdcard.o(i.SD_ProcessIRQSrc)
    SD_ReadBlock                             0x08006e31   Thumb Code   574  sdio_sdcard.o(i.SD_ReadBlock)
    SD_ReadDisk                              0x08007099   Thumb Code   148  sdio_sdcard.o(i.SD_ReadDisk)
    SD_ReadMultiBlocks                       0x08007131   Thumb Code   710  sdio_sdcard.o(i.SD_ReadMultiBlocks)
    SD_SelectDeselect                        0x08007425   Thumb Code    42  sdio_sdcard.o(i.SD_SelectDeselect)
    SD_SetDeviceMode                         0x08007455   Thumb Code    20  sdio_sdcard.o(i.SD_SetDeviceMode)
    SD_WriteBlock                            0x0800746d   Thumb Code   862  sdio_sdcard.o(i.SD_WriteBlock)
    SD_WriteDisk                             0x080077f5   Thumb Code   148  sdio_sdcard.o(i.SD_WriteDisk)
    SD_WriteMultiBlocks                      0x0800788d   Thumb Code   934  sdio_sdcard.o(i.SD_WriteMultiBlocks)
    SYSCFG_EXTILineConfig                    0x08007c5d   Thumb Code    60  stm32f4xx_syscfg.o(i.SYSCFG_EXTILineConfig)
    Scan_QR_Codes_Function                   0x08007c9d   Thumb Code    44  main.o(i.Scan_QR_Codes_Function)
    SdFatfsInit                              0x08007ccd   Thumb Code   848  fatfs.o(i.SdFatfsInit)
    SendCMDtoScannDevice                     0x0800813d   Thumb Code    70  protocol_fs.o(i.SendCMDtoScannDevice)
    Show_Str                                 0x08008285   Thumb Code   330  gui.o(i.Show_Str)
    SysTick_CLKSourceConfig                  0x080083d5   Thumb Code    40  misc.o(i.SysTick_CLKSourceConfig)
    SysTick_Handler                          0x080083fd   Thumb Code    16  delay.o(i.SysTick_Handler)
    SystemInit                               0x0800840d   Thumb Code    88  system_stm32f4xx.o(i.SystemInit)
    TASK_KeyDeal                             0x08008475   Thumb Code   388  main.o(i.TASK_KeyDeal)
    TASK_KeyScan                             0x080086cd   Thumb Code  1304  key.o(i.TASK_KeyScan)
    TIM1_CC_IRQHandler                       0x08008bfd   Thumb Code    54  motor.o(i.TIM1_CC_IRQHandler)
    TIM1_PWM_Init                            0x08008c41   Thumb Code   230  motor.o(i.TIM1_PWM_Init)
    TIM3_IRQHandler                          0x08008d31   Thumb Code    28  timer.o(i.TIM3_IRQHandler)
    TIM3_Int_Init                            0x08008d55   Thumb Code    86  timer.o(i.TIM3_Int_Init)
    TIM4_Cap_Init                            0x08008db1   Thumb Code   166  pwm.o(i.TIM4_Cap_Init)
    TIM4_IRQHandler                          0x08008e9d   Thumb Code   458  pwm.o(i.TIM4_IRQHandler)
    TIM_ARRPreloadConfig                     0x080090b5   Thumb Code    24  stm32f4xx_tim.o(i.TIM_ARRPreloadConfig)
    TIM_ClearITPendingBit                    0x080090cd   Thumb Code     6  stm32f4xx_tim.o(i.TIM_ClearITPendingBit)
    TIM_Cmd                                  0x080090d3   Thumb Code    24  stm32f4xx_tim.o(i.TIM_Cmd)
    TIM_CtrlPWMOutputs                       0x080090eb   Thumb Code    30  stm32f4xx_tim.o(i.TIM_CtrlPWMOutputs)
    TIM_GetITStatus                          0x08009109   Thumb Code    34  stm32f4xx_tim.o(i.TIM_GetITStatus)
    TIM_ITConfig                             0x0800912b   Thumb Code    18  stm32f4xx_tim.o(i.TIM_ITConfig)
    TIM_OC2Init                              0x0800913d   Thumb Code   154  stm32f4xx_tim.o(i.TIM_OC2Init)
    TIM_OC2PreloadConfig                     0x080091e1   Thumb Code    26  stm32f4xx_tim.o(i.TIM_OC2PreloadConfig)
    TIM_SetCompare2                          0x080091fb   Thumb Code     4  stm32f4xx_tim.o(i.TIM_SetCompare2)
    TIM_TimeBaseInit                         0x08009201   Thumb Code   104  stm32f4xx_tim.o(i.TIM_TimeBaseInit)
    Termination_Test_Function                0x08009285   Thumb Code    38  main.o(i.Termination_Test_Function)
    UART4_IRQHandler                         0x080092bd   Thumb Code   198  protocol_fs.o(i.UART4_IRQHandler)
    USART1_IRQHandler                        0x08009391   Thumb Code   122  usart.o(i.USART1_IRQHandler)
    USART2_IRQHandler                        0x08009419   Thumb Code   204  protocol_fs.o(i.USART2_IRQHandler)
    USART3_IRQHandler                        0x080094f1   Thumb Code   210  protocol_fs.o(i.USART3_IRQHandler)
    USART6_IRQHandler                        0x080095d1   Thumb Code   204  protocol_fs.o(i.USART6_IRQHandler)
    USART_ClearITPendingBit                  0x080096a9   Thumb Code    30  stm32f4xx_usart.o(i.USART_ClearITPendingBit)
    USART_Cmd                                0x080096c7   Thumb Code    24  stm32f4xx_usart.o(i.USART_Cmd)
    USART_GetITStatus                        0x080096df   Thumb Code    84  stm32f4xx_usart.o(i.USART_GetITStatus)
    USART_ITConfig                           0x08009733   Thumb Code    74  stm32f4xx_usart.o(i.USART_ITConfig)
    USART_Init                               0x0800977d   Thumb Code   204  stm32f4xx_usart.o(i.USART_Init)
    USART_ReceiveData                        0x08009851   Thumb Code    10  stm32f4xx_usart.o(i.USART_ReceiveData)
    USART_SendChar                           0x0800985b   Thumb Code    16  usart.o(i.USART_SendChar)
    UartSendData_toPC                        0x0800986d   Thumb Code  1316  protocol_fs.o(i.UartSendData_toPC)
    UsageFault_Handler                       0x08009d9d   Thumb Code     4  stm32f4xx_it.o(i.UsageFault_Handler)
    VoltChange                               0x08009da1   Thumb Code    78  display.o(i.VoltChange)
    VoltChanges                              0x08009df1   Thumb Code   292  display.o(i.VoltChanges)
    __ARM_fpclassify                         0x08009f79   Thumb Code    48  fpclassify.o(i.__ARM_fpclassify)
    _is_digit                                0x08009fa9   Thumb Code    14  __printf_wp.o(i._is_digit)
    _sys_exit                                0x08009fb7   Thumb Code     4  usart.o(i._sys_exit)
    array_cmp                                0x08009fbb   Thumb Code    22  serial.o(i.array_cmp)
    buzzerInit                               0x08009fd1   Thumb Code   152  buzzer.o(i.buzzerInit)
    buzzerRingNum                            0x0800a071   Thumb Code    46  buzzer.o(i.buzzerRingNum)
    clust2sect                               0x0800a17b   Thumb Code    26  ff.o(i.clust2sect)
    convert_from_bytes_to_power_of_two       0x0800a225   Thumb Code    18  sdio_sdcard.o(i.convert_from_bytes_to_power_of_two)
    delay_init                               0x0800a57d   Thumb Code    58  delay.o(i.delay_init)
    delay_ms                                 0x0800a5c1   Thumb Code    60  delay.o(i.delay_ms)
    delay_us                                 0x0800a601   Thumb Code    68  delay.o(i.delay_us)
    dir_sdi                                  0x0800a9c9   Thumb Code   158  ff.o(i.dir_sdi)
    disk_initialize                          0x0800aa67   Thumb Code    40  diskio.o(i.disk_initialize)
    disk_ioctl                               0x0800aa91   Thumb Code   102  diskio.o(i.disk_ioctl)
    disk_read                                0x0800aafd   Thumb Code   104  diskio.o(i.disk_read)
    disk_status                              0x0800ab65   Thumb Code     6  diskio.o(i.disk_status)
    disk_write                               0x0800ab6b   Thumb Code   104  diskio.o(i.disk_write)
    exf_getfree                              0x0800abd3   Thumb Code    74  exfuns.o(i.exf_getfree)
    exfuns_init                              0x0800ac1d   Thumb Code   114  exfuns.o(i.exfuns_init)
    f_getfree                                0x0800aca1   Thumb Code   258  ff.o(i.f_getfree)
    f_lseek                                  0x0800ada3   Thumb Code   654  ff.o(i.f_lseek)
    f_mkdir                                  0x0800b031   Thumb Code   380  ff.o(i.f_mkdir)
    f_mount                                  0x0800b1ad   Thumb Code    86  ff.o(i.f_mount)
    f_open                                   0x0800b209   Thumb Code   384  ff.o(i.f_open)
    f_opendir                                0x0800b389   Thumb Code   136  ff.o(i.f_opendir)
    f_read                                   0x0800b411   Thumb Code   432  ff.o(i.f_read)
    f_sync                                   0x0800b5c1   Thumb Code   176  ff.o(i.f_sync)
    f_write                                  0x0800b671   Thumb Code   490  ff.o(i.f_write)
    ff_convert                               0x0800b85d   Thumb Code   116  cc936.o(i.ff_convert)
    ff_memalloc                              0x0800b8d9   Thumb Code    14  diskio.o(i.ff_memalloc)
    ff_memfree                               0x0800b8e7   Thumb Code    14  diskio.o(i.ff_memfree)
    ff_wtoupper                              0x0800b8f5   Thumb Code    46  cc936.o(i.ff_wtoupper)
    fputc                                    0x0800bdc5   Thumb Code    22  usart.o(i.fputc)
    getTime                                  0x0800bea9   Thumb Code    70  message.o(i.getTime)
    get_fat                                  0x0800bef5   Thumb Code   232  ff.o(i.get_fat)
    get_fattime                              0x0800bfdd   Thumb Code     4  diskio.o(i.get_fattime)
    main                                     0x0800c04d   Thumb Code   208  main.o(i.main)
    motor_calibration                        0x0800c199   Thumb Code    46  motor.o(i.motor_calibration)
    motor_drive                              0x0800c1d1   Thumb Code   142  motor.o(i.motor_drive)
    my_mem_free                              0x0800c2a9   Thumb Code    96  malloc.o(i.my_mem_free)
    my_mem_init                              0x0800c315   Thumb Code    54  malloc.o(i.my_mem_init)
    my_mem_malloc                            0x0800c359   Thumb Code   156  malloc.o(i.my_mem_malloc)
    my_mem_perused                           0x0800c401   Thumb Code    54  malloc.o(i.my_mem_perused)
    myfree                                   0x0800c441   Thumb Code    30  malloc.o(i.myfree)
    mymalloc                                 0x0800c465   Thumb Code    34  malloc.o(i.mymalloc)
    mymemset                                 0x0800c48d   Thumb Code    20  malloc.o(i.mymemset)
    put_fat                                  0x0800cf99   Thumb Code   310  ff.o(i.put_fat)
    pvPortMalloc                             0x0800d0d1   Thumb Code   262  heap_4.o(i.pvPortMalloc)
    pvTaskIncrementMutexHeldCount            0x0800d225   Thumb Code    26  tasks.o(i.pvTaskIncrementMutexHeldCount)
    pxPortInitialiseStack                    0x0800d245   Thumb Code    38  port.o(i.pxPortInitialiseStack)
    save                                     0x0800d2dd   Thumb Code   872  fatfs.o(i.save)
    start_task                               0x0800d6ad   Thumb Code    62  main.o(i.start_task)
    task1_task                               0x0800d84d   Thumb Code    90  main.o(i.task1_task)
    task2_task                               0x0800d8b5   Thumb Code    26  main.o(i.task2_task)
    uart_init                                0x0800d8e9   Thumb Code   164  usart.o(i.uart_init)
    uxListRemove                             0x0800d995   Thumb Code    40  list.o(i.uxListRemove)
    vListInitialise                          0x0800d9bd   Thumb Code    26  list.o(i.vListInitialise)
    vListInitialiseItem                      0x0800d9d7   Thumb Code     6  list.o(i.vListInitialiseItem)
    vListInsert                              0x0800d9dd   Thumb Code    52  list.o(i.vListInsert)
    vListInsertEnd                           0x0800da11   Thumb Code    24  list.o(i.vListInsertEnd)
    vPortEnterCritical                       0x0800da29   Thumb Code    68  port.o(i.vPortEnterCritical)
    vPortExitCritical                        0x0800dab1   Thumb Code    48  port.o(i.vPortExitCritical)
    vPortFree                                0x0800db21   Thumb Code   120  heap_4.o(i.vPortFree)
    vPortSetupTimerInterrupt                 0x0800dbd9   Thumb Code    26  port.o(i.vPortSetupTimerInterrupt)
    vPortValidateInterruptPriority           0x0800dbf9   Thumb Code    86  port.o(i.vPortValidateInterruptPriority)
    vQueueAddToRegistry                      0x0800dc99   Thumb Code    38  queue.o(i.vQueueAddToRegistry)
    vQueueWaitForMessageRestricted           0x0800dcc5   Thumb Code    74  queue.o(i.vQueueWaitForMessageRestricted)
    vTaskDelay                               0x0800dd11   Thumb Code    72  tasks.o(i.vTaskDelay)
    vTaskDelete                              0x0800dd85   Thumb Code   192  tasks.o(i.vTaskDelete)
    vTaskMissedYield                         0x0800de91   Thumb Code     8  tasks.o(i.vTaskMissedYield)
    vTaskPlaceOnEventList                    0x0800de9d   Thumb Code    42  tasks.o(i.vTaskPlaceOnEventList)
    vTaskPlaceOnEventListRestricted          0x0800def1   Thumb Code    50  tasks.o(i.vTaskPlaceOnEventListRestricted)
    vTaskPriorityInherit                     0x0800df4d   Thumb Code   164  tasks.o(i.vTaskPriorityInherit)
    vTaskSetTimeOutState                     0x0800dffd   Thumb Code    32  tasks.o(i.vTaskSetTimeOutState)
    vTaskStartScheduler                      0x0800e049   Thumb Code   108  tasks.o(i.vTaskStartScheduler)
    vTaskSuspendAll                          0x0800e0f5   Thumb Code    12  tasks.o(i.vTaskSuspendAll)
    vTaskSwitchContext                       0x0800e105   Thumb Code   110  tasks.o(i.vTaskSwitchContext)
    xPortStartScheduler                      0x0800e1e5   Thumb Code   258  port.o(i.xPortStartScheduler)
    xPortSysTickHandler                      0x0800e341   Thumb Code    46  port.o(i.xPortSysTickHandler)
    xQueueGenericCreate                      0x0800e375   Thumb Code    78  queue.o(i.xQueueGenericCreate)
    xQueueGenericReceive                     0x0800e3e9   Thumb Code   416  queue.o(i.xQueueGenericReceive)
    xQueueGenericReset                       0x0800e5b1   Thumb Code   136  queue.o(i.xQueueGenericReset)
    xQueueGenericSend                        0x0800e661   Thumb Code   412  queue.o(i.xQueueGenericSend)
    xQueueGenericSendFromISR                 0x0800e825   Thumb Code   234  queue.o(i.xQueueGenericSendFromISR)
    xTaskCheckForTimeOut                     0x0800e935   Thumb Code   116  tasks.o(i.xTaskCheckForTimeOut)
    xTaskCreate                              0x0800e9d5   Thumb Code    96  tasks.o(i.xTaskCreate)
    xTaskGetSchedulerState                   0x0800ea35   Thumb Code    24  tasks.o(i.xTaskGetSchedulerState)
    xTaskGetTickCount                        0x0800ea55   Thumb Code     6  tasks.o(i.xTaskGetTickCount)
    xTaskIncrementTick                       0x0800ea61   Thumb Code   272  tasks.o(i.xTaskIncrementTick)
    xTaskPriorityDisinherit                  0x0800ebc1   Thumb Code   168  tasks.o(i.xTaskPriorityDisinherit)
    xTaskRemoveFromEventList                 0x0800ec99   Thumb Code   118  tasks.o(i.xTaskRemoveFromEventList)
    xTaskResumeAll                           0x0800ed4d   Thumb Code   214  tasks.o(i.xTaskResumeAll)
    xTimerCreateTimerTask                    0x0800ee6d   Thumb Code    56  timers.o(i.xTimerCreateTimerTask)
    xTimerGenericCommand                     0x0800eee1   Thumb Code   118  timers.o(i.xTimerGenericCommand)
    _get_lc_numeric                          0x0800ef85   Thumb Code    44  lc_numeric_c.o(locale$$code)
    __fpl_dretinf                            0x0800efb1   Thumb Code    12  dretinf.o(x$fpl$dretinf)
    __aeabi_f2d                              0x0800efbd   Thumb Code     0  f2d.o(x$fpl$f2d)
    _f2d                                     0x0800efbd   Thumb Code    86  f2d.o(x$fpl$f2d)
    __fpl_fnaninf                            0x0800f013   Thumb Code   140  fnaninf.o(x$fpl$fnaninf)
    _fp_init                                 0x0800f09f   Thumb Code    10  fpinit.o(x$fpl$fpinit)
    __fplib_config_fpu_vfp                   0x0800f0a7   Thumb Code     0  fpinit.o(x$fpl$fpinit)
    __fplib_config_pureend_doubles           0x0800f0a7   Thumb Code     0  fpinit.o(x$fpl$fpinit)
    _printf_fp_dec                           0x0800f0a9   Thumb Code     4  printf1.o(x$fpl$printf1)
    __I$use$fp                               0x0800f0ac   Number         0  usenofp.o(x$fpl$usenofp)
    asc2_1206                                0x0800f0dc   Data        1140  gui.o(.constdata)
    asc2_1608                                0x0800f550   Data        1520  gui.o(.constdata)
    asc2_2412                                0x0800fb40   Data        2280  gui.o(.constdata)
    asc2_3216                                0x08010428   Data        6080  gui.o(.constdata)
    tfont16                                  0x08011be8   Data         476  gui.o(.constdata)
    tfont24                                  0x08011dc4   Data        1036  gui.o(.constdata)
    tfont32                                  0x080121d0   Data        1820  gui.o(.constdata)
    memtblsize                               0x080128ec   Data          12  malloc.o(.constdata)
    memblksize                               0x080128f8   Data          12  malloc.o(.constdata)
    memsize                                  0x08012904   Data          12  malloc.o(.constdata)
    Region$$Table$$Base                      0x0803d7bc   Number         0  anon$$obj.o(Region$$Table)
    Region$$Table$$Limit                     0x0803d7dc   Number         0  anon$$obj.o(Region$$Table)
    mem3base                                 0x10000000   Data       61440  malloc.o(.ARM.__AT_0x10000000)
    mem3mapbase                              0x1000f000   Data        3840  malloc.o(.ARM.__AT_0x1000F000)
    StartTask_Handler                        0x20000000   Data           4  main.o(.data)
    Task1Task_Handler                        0x20000004   Data           4  main.o(.data)
    Task2Task_Handler                        0x20000008   Data           4  main.o(.data)
    TimerFlag                                0x2000000c   Data           1  main.o(.data)
    TimerCount                               0x2000000e   Data           2  main.o(.data)
    g_max_num                                0x20000010   Data           4  main.o(.data)
    event                                    0x20000014   Data           4  main.o(.data)
    UpdateFirmwareEnFlag                     0x20000018   Data           1  main.o(.data)
    TestDeviceTable                          0x2000001c   Data         208  main.o(.data)
    SystemCoreClock                          0x200000ec   Data           4  system_stm32f4xx.o(.data)
    AHBPrescTable                            0x200000f0   Data          16  system_stm32f4xx.o(.data)
    DisplayUpdataEnable                      0x20000120   Data           1  display.o(.data)
    Tp1_1                                    0x20000121   Data           5  display.o(.data)
    Tp1_2                                    0x20000126   Data           5  display.o(.data)
    Tp1_3                                    0x2000012b   Data           5  display.o(.data)
    Tp1_4                                    0x20000130   Data           5  display.o(.data)
    Tp2_1                                    0x20000135   Data           5  display.o(.data)
    Tp2_2                                    0x2000013a   Data           5  display.o(.data)
    Tp2_3                                    0x2000013f   Data           5  display.o(.data)
    Tp2_4                                    0x20000144   Data           5  display.o(.data)
    V33_1                                    0x20000149   Data           5  display.o(.data)
    V33_2                                    0x2000014e   Data           5  display.o(.data)
    V33_3                                    0x20000153   Data           5  display.o(.data)
    V33_4                                    0x20000158   Data           5  display.o(.data)
    Vmax_1                                   0x2000015d   Data           5  display.o(.data)
    Vmax_2                                   0x20000162   Data           5  display.o(.data)
    Vmax_3                                   0x20000167   Data           5  display.o(.data)
    Vmax_4                                   0x2000016c   Data           5  display.o(.data)
    Vmin_1                                   0x20000171   Data           5  display.o(.data)
    Vmin_2                                   0x20000176   Data           5  display.o(.data)
    Vmin_3                                   0x2000017b   Data           5  display.o(.data)
    Vmin_4                                   0x20000180   Data           5  display.o(.data)
    BlockingRate_1                           0x20000185   Data           4  display.o(.data)
    BlockingRate_2                           0x20000189   Data           4  display.o(.data)
    BlockingRate_3                           0x2000018d   Data           4  display.o(.data)
    BlockingRate_4                           0x20000191   Data           4  display.o(.data)
    FileDirBuff                              0x20000195   Data          13  fatfs.o(.data)
    SerialBuff                               0x200001a2   Data          22  fatfs.o(.data)
    SerialBuff2                              0x200001b8   Data          24  fatfs.o(.data)
    SDSaveDataType                           0x200001d0   Data         108  fatfs.o(.data)
    ID                                       0x2000023c   Data           6  message.o(.data)
    MessagePlace                             0x20000242   Data           1  message.o(.data)
    MessageOverTimeCnt                       0x20000244   Data           2  message.o(.data)
    MessageUpDownCnt                         0x20000246   Data           1  message.o(.data)
    MessageGlintFlag                         0x20000247   Data           1  message.o(.data)
    MessageSetFlag                           0x20000248   Data           1  message.o(.data)
    burning_check_ok                         0x2000024a   Data           1  protocol_fs.o(.data)
    UartSendData_PC                          0x2000024b   Data         200  protocol_fs.o(.data)
    uartMode                                 0x20000313   Data           1  protocol_fs.o(.data)
    IDstartSendFlag                          0x20000314   Data           1  protocol_fs.o(.data)
    IDCheckOk                                0x20000315   Data           1  protocol_fs.o(.data)
    FS_SerialBuff                            0x20000316   Data           8  protocol_fs.o(.data)
    FS_SerialReceiveBuff                     0x2000031e   Data           8  protocol_fs.o(.data)
    DMA1_MEM_LEN                             0x20000326   Data           2  dma.o(.data)
    DMA2_MEM_LEN                             0x20000328   Data           2  dma.o(.data)
    BuffAdc1Receave                          0x2000032a   Data          10  dma.o(.data)
    BuffAdc3Receave                          0x20000334   Data          16  dma.o(.data)
    KeyCurrent                               0x20000344   Data           2  key.o(.data)
    KeyOld                                   0x20000346   Data           2  key.o(.data)
    KeyNoChangedTime                         0x20000348   Data           2  key.o(.data)
    KeyPress                                 0x2000034a   Data           2  key.o(.data)
    KeyDown                                  0x2000034c   Data           2  key.o(.data)
    KeyUp                                    0x2000034e   Data           2  key.o(.data)
    KeyLast                                  0x20000350   Data           2  key.o(.data)
    isKeyClicked                             0x20000352   Data           2  key.o(.data)
    isKeyPressLong                           0x20000354   Data           2  key.o(.data)
    KeyPressTimeCnt_top                      0x20000356   Data           2  key.o(.data)
    cur_position                             0x20000358   Data           1  motor.o(.data)
    pwm_val_fs                               0x2000035a   Data           8  pwm.o(.data)
    NVIC_InitStructure                       0x2000037a   Data           4  rtc.o(.data)
    TransferError                            0x2000038a   Data           1  sdio_sdcard.o(.data)
    TransferEnd                              0x2000038b   Data           1  sdio_sdcard.o(.data)
    tempbuff                                 0x2000038c   Data           4  sdio_sdcard.o(.data)
    PointColor                               0x20000390   Data           2  lcd.o(.data)
    BackColor                                0x20000392   Data           2  lcd.o(.data)
    __stdout                                 0x20000398   Data           4  usart.o(.data)
    USART_RX_STA                             0x2000039c   Data           2  usart.o(.data)
    mallco_dev                               0x200003a0   Data          36  malloc.o(.data)
    pxCurrentTCB                             0x200003d4   Data           4  tasks.o(.data)
    file                                     0x20000448   Data           4  exfuns.o(.data)
    ftemp                                    0x2000044c   Data           4  exfuns.o(.data)
    br                                       0x20000450   Data           4  exfuns.o(.data)
    bw                                       0x20000454   Data           4  exfuns.o(.data)
    fatbuf                                   0x20000458   Data           4  exfuns.o(.data)
    FilenameBuff                             0x20000460   Data         100  fatfs.o(.bss)
    SDSaveDataBuf                            0x200004c4   Data         200  fatfs.o(.bss)
    Flash_Buffer                             0x2000058c   Data          28  message.o(.bss)
    MessageBuf                               0x200005a8   Data         100  message.o(.bss)
    FS                                       0x2000060c   Data         416  protocol_fs.o(.bss)
    idReceive2ScanningBuff                   0x200007ac   Data          20  protocol_fs.o(.bss)
    pulse                                    0x200007c0   Data          24  motor.o(.bss)
    calendar                                 0x200007d8   Data          10  rtc.o(.bss)
    SDIO_InitStructure                       0x200007e8   Data          24  sdio_sdcard.o(.bss)
    SDIO_CmdInitStructure                    0x20000800   Data          20  sdio_sdcard.o(.bss)
    SDIO_DataInitStructure                   0x20000814   Data          24  sdio_sdcard.o(.bss)
    SDCardInfo                               0x20000850   Data          88  sdio_sdcard.o(.bss)
    SDIO_DATA_BUFFER                         0x200008a8   Data         512  sdio_sdcard.o(.bss)
    lcddev                                   0x20000aa8   Data          14  lcd.o(.bss)
    USART_RX_BUF                             0x20000ab6   Data         200  usart.o(.bss)
    mem1base                                 0x20000b80   Data       51200  malloc.o(.bss)
    mem1mapbase                              0x2000d380   Data        3200  malloc.o(.bss)
    xQueueRegistry                           0x2000e000   Data          64  queue.o(.bss)
    fs                                       0x2001334c   Data          12  exfuns.o(.bss)
    fileinfo                                 0x20013358   Data          32  exfuns.o(.bss)
    dir                                      0x20013378   Data          36  exfuns.o(.bss)
    __libspace_start                         0x200133a8   Data          96  libspace.o(.bss)
    __temporary_stack_top$libspace           0x20013408   Data           0  libspace.o(.bss)
    mem2base                                 0x68000000   Data       10240  malloc.o(.ARM.__AT_0x68000000)
    mem2mapbase                              0x68002800   Data         640  malloc.o(.ARM.__AT_0x68002800)



==============================================================================

Memory Map of the image

  Image Entry point : 0x08000189

  Load Region LR_IROM1 (Base: 0x08000000, Size: 0x0003dc58, Max: 0x00080000, ABSOLUTE, COMPRESSED[0x0003d98c])

    Execution Region ER_IROM1 (Base: 0x08000000, Size: 0x0003d7f8, Max: 0x00080000, ABSOLUTE)

    Base Addr    Size         Type   Attr      Idx    E Section Name        Object

    0x08000000   0x00000188   Data   RO         1889    RESET               startup_stm32f40_41xxx.o
    0x08000188   0x00000008   Code   RO         6207  * !!!main             c_w.l(__main.o)
    0x08000190   0x00000034   Code   RO         6448    !!!scatter          c_w.l(__scatter.o)
    0x080001c4   0x0000005a   Code   RO         6446    !!dczerorl2         c_w.l(__dczerorl2.o)
    0x0800021e   0x00000002   PAD
    0x08000220   0x0000001c   Code   RO         6450    !!handler_zi        c_w.l(__scatter_zi.o)
    0x0800023c   0x00000000   Code   RO         6190    .ARM.Collect$$_printf_percent$$00000000  c_w.l(_printf_percent.o)
    0x0800023c   0x00000006   Code   RO         6189    .ARM.Collect$$_printf_percent$$00000003  c_w.l(_printf_f.o)
    0x08000242   0x00000006   Code   RO         6187    .ARM.Collect$$_printf_percent$$00000009  c_w.l(_printf_d.o)
    0x08000248   0x00000006   Code   RO         6186    .ARM.Collect$$_printf_percent$$0000000C  c_w.l(_printf_x.o)
    0x0800024e   0x00000006   Code   RO         6185    .ARM.Collect$$_printf_percent$$00000014  c_w.l(_printf_s.o)
    0x08000254   0x00000004   Code   RO         6230    .ARM.Collect$$_printf_percent$$00000017  c_w.l(_printf_percent_end.o)
    0x08000258   0x00000002   Code   RO         6320    .ARM.Collect$$libinit$$00000000  c_w.l(libinit.o)
    0x0800025a   0x00000004   Code   RO         6321    .ARM.Collect$$libinit$$00000001  c_w.l(libinit2.o)
    0x0800025e   0x00000000   Code   RO         6324    .ARM.Collect$$libinit$$00000004  c_w.l(libinit2.o)
    0x0800025e   0x00000000   Code   RO         6327    .ARM.Collect$$libinit$$0000000A  c_w.l(libinit2.o)
    0x0800025e   0x00000000   Code   RO         6329    .ARM.Collect$$libinit$$0000000C  c_w.l(libinit2.o)
    0x0800025e   0x00000000   Code   RO         6331    .ARM.Collect$$libinit$$0000000E  c_w.l(libinit2.o)
    0x0800025e   0x00000006   Code   RO         6332    .ARM.Collect$$libinit$$0000000F  c_w.l(libinit2.o)
    0x08000264   0x00000000   Code   RO         6334    .ARM.Collect$$libinit$$00000011  c_w.l(libinit2.o)
    0x08000264   0x00000000   Code   RO         6336    .ARM.Collect$$libinit$$00000013  c_w.l(libinit2.o)
    0x08000264   0x00000000   Code   RO         6338    .ARM.Collect$$libinit$$00000015  c_w.l(libinit2.o)
    0x08000264   0x0000000a   Code   RO         6339    .ARM.Collect$$libinit$$00000016  c_w.l(libinit2.o)
    0x0800026e   0x00000000   Code   RO         6340    .ARM.Collect$$libinit$$00000017  c_w.l(libinit2.o)
    0x0800026e   0x00000000   Code   RO         6342    .ARM.Collect$$libinit$$00000019  c_w.l(libinit2.o)
    0x0800026e   0x00000000   Code   RO         6344    .ARM.Collect$$libinit$$0000001B  c_w.l(libinit2.o)
    0x0800026e   0x00000000   Code   RO         6346    .ARM.Collect$$libinit$$0000001D  c_w.l(libinit2.o)
    0x0800026e   0x00000000   Code   RO         6348    .ARM.Collect$$libinit$$0000001F  c_w.l(libinit2.o)
    0x0800026e   0x00000000   Code   RO         6350    .ARM.Collect$$libinit$$00000021  c_w.l(libinit2.o)
    0x0800026e   0x00000000   Code   RO         6352    .ARM.Collect$$libinit$$00000023  c_w.l(libinit2.o)
    0x0800026e   0x00000000   Code   RO         6354    .ARM.Collect$$libinit$$00000025  c_w.l(libinit2.o)
    0x0800026e   0x00000000   Code   RO         6358    .ARM.Collect$$libinit$$0000002C  c_w.l(libinit2.o)
    0x0800026e   0x00000000   Code   RO         6360    .ARM.Collect$$libinit$$0000002E  c_w.l(libinit2.o)
    0x0800026e   0x00000000   Code   RO         6362    .ARM.Collect$$libinit$$00000030  c_w.l(libinit2.o)
    0x0800026e   0x00000000   Code   RO         6364    .ARM.Collect$$libinit$$00000032  c_w.l(libinit2.o)
    0x0800026e   0x00000002   Code   RO         6365    .ARM.Collect$$libinit$$00000033  c_w.l(libinit2.o)
    0x08000270   0x00000002   Code   RO         6407    .ARM.Collect$$libshutdown$$00000000  c_w.l(libshutdown.o)
    0x08000272   0x00000000   Code   RO         6417    .ARM.Collect$$libshutdown$$00000003  c_w.l(libshutdown2.o)
    0x08000272   0x00000000   Code   RO         6420    .ARM.Collect$$libshutdown$$00000006  c_w.l(libshutdown2.o)
    0x08000272   0x00000000   Code   RO         6423    .ARM.Collect$$libshutdown$$00000009  c_w.l(libshutdown2.o)
    0x08000272   0x00000000   Code   RO         6425    .ARM.Collect$$libshutdown$$0000000B  c_w.l(libshutdown2.o)
    0x08000272   0x00000000   Code   RO         6428    .ARM.Collect$$libshutdown$$0000000E  c_w.l(libshutdown2.o)
    0x08000272   0x00000002   Code   RO         6429    .ARM.Collect$$libshutdown$$0000000F  c_w.l(libshutdown2.o)
    0x08000274   0x00000000   Code   RO         6215    .ARM.Collect$$rtentry$$00000000  c_w.l(__rtentry.o)
    0x08000274   0x00000000   Code   RO         6239    .ARM.Collect$$rtentry$$00000002  c_w.l(__rtentry2.o)
    0x08000274   0x00000006   Code   RO         6251    .ARM.Collect$$rtentry$$00000004  c_w.l(__rtentry4.o)
    0x0800027a   0x00000000   Code   RO         6241    .ARM.Collect$$rtentry$$00000009  c_w.l(__rtentry2.o)
    0x0800027a   0x00000004   Code   RO         6242    .ARM.Collect$$rtentry$$0000000A  c_w.l(__rtentry2.o)
    0x0800027e   0x00000000   Code   RO         6244    .ARM.Collect$$rtentry$$0000000C  c_w.l(__rtentry2.o)
    0x0800027e   0x00000008   Code   RO         6245    .ARM.Collect$$rtentry$$0000000D  c_w.l(__rtentry2.o)
    0x08000286   0x00000002   Code   RO         6366    .ARM.Collect$$rtexit$$00000000  c_w.l(rtexit.o)
    0x08000288   0x00000000   Code   RO         6377    .ARM.Collect$$rtexit$$00000002  c_w.l(rtexit2.o)
    0x08000288   0x00000004   Code   RO         6378    .ARM.Collect$$rtexit$$00000003  c_w.l(rtexit2.o)
    0x0800028c   0x00000006   Code   RO         6379    .ARM.Collect$$rtexit$$00000004  c_w.l(rtexit2.o)
    0x08000292   0x00000002   PAD
    0x08000294   0x00000010   Code   RO         1718    .emb_text           sys.o
    0x080002a4   0x000000b6   Code   RO         5335    .emb_text           port.o
    0x0800035a   0x00000002   PAD
    0x0800035c   0x00000040   Code   RO         1890    .text               startup_stm32f40_41xxx.o
    0x0800039c   0x00000002   Code   RO         6123    .text               c_w.l(use_no_semi_2.o)
    0x0800039e   0x00000048   Code   RO         6125    .text               c_w.l(llsdiv.o)
    0x080003e6   0x00000002   PAD
    0x080003e8   0x00000018   Code   RO         6131    .text               c_w.l(noretval__2printf.o)
    0x08000400   0x00000028   Code   RO         6133    .text               c_w.l(noretval__2sprintf.o)
    0x08000428   0x0000004e   Code   RO         6137    .text               c_w.l(_printf_pad.o)
    0x08000476   0x00000052   Code   RO         6139    .text               c_w.l(_printf_str.o)
    0x080004c8   0x00000078   Code   RO         6141    .text               c_w.l(_printf_dec.o)
    0x08000540   0x00000058   Code   RO         6146    .text               c_w.l(_printf_hex_int.o)
    0x08000598   0x00000138   Code   RO         6176    .text               c_w.l(__printf_flags_wp.o)
    0x080006d0   0x00000058   Code   RO         6191    .text               c_w.l(memcmp.o)
    0x08000728   0x0000003e   Code   RO         6195    .text               c_w.l(strlen.o)
    0x08000766   0x0000008a   Code   RO         6197    .text               c_w.l(rt_memcpy_v6.o)
    0x080007f0   0x00000064   Code   RO         6199    .text               c_w.l(rt_memcpy_w.o)
    0x08000854   0x00000010   Code   RO         6201    .text               c_w.l(aeabi_memset.o)
    0x08000864   0x00000080   Code   RO         6203    .text               c_w.l(strcmpv7m.o)
    0x080008e4   0x00000006   Code   RO         6205    .text               c_w.l(heapauxi.o)
    0x080008ea   0x00000002   Code   RO         6213    .text               c_w.l(use_no_semi.o)
    0x080008ec   0x000000ee   Code   RO         6216    .text               c_w.l(lludivv7m.o)
    0x080009da   0x000000b2   Code   RO         6218    .text               c_w.l(_printf_intcommon.o)
    0x08000a8c   0x0000041a   Code   RO         6220    .text               c_w.l(_printf_fp_dec.o)
    0x08000ea6   0x00000002   PAD
    0x08000ea8   0x00000030   Code   RO         6222    .text               c_w.l(_printf_char_common.o)
    0x08000ed8   0x0000000a   Code   RO         6224    .text               c_w.l(_sputc.o)
    0x08000ee2   0x0000002c   Code   RO         6226    .text               c_w.l(_printf_char.o)
    0x08000f0e   0x00000002   PAD
    0x08000f10   0x00000024   Code   RO         6228    .text               c_w.l(_printf_char_file.o)
    0x08000f34   0x00000044   Code   RO         6231    .text               c_w.l(rt_memclr.o)
    0x08000f78   0x00000008   Code   RO         6260    .text               c_w.l(rt_locale_intlibspace.o)
    0x08000f80   0x0000008a   Code   RO         6262    .text               c_w.l(lludiv10.o)
    0x0800100a   0x00000002   PAD
    0x0800100c   0x00000080   Code   RO         6264    .text               c_w.l(_printf_fp_infnan.o)
    0x0800108c   0x000000dc   Code   RO         6268    .text               c_w.l(bigflt0.o)
    0x08001168   0x00000008   Code   RO         6293    .text               c_w.l(ferror.o)
    0x08001170   0x0000004e   Code   RO         6300    .text               c_w.l(rt_memclr_w.o)
    0x080011be   0x00000002   PAD
    0x080011c0   0x00000008   Code   RO         6306    .text               c_w.l(libspace.o)
    0x080011c8   0x0000004a   Code   RO         6309    .text               c_w.l(sys_stackheap_outer.o)
    0x08001212   0x0000000c   Code   RO         6313    .text               c_w.l(exit.o)
    0x0800121e   0x0000003e   Code   RO         6271    CL$$btod_d2e        c_w.l(btod.o)
    0x0800125c   0x00000046   Code   RO         6273    CL$$btod_d2e_denorm_low  c_w.l(btod.o)
    0x080012a2   0x00000060   Code   RO         6272    CL$$btod_d2e_norm_op1  c_w.l(btod.o)
    0x08001302   0x00000338   Code   RO         6281    CL$$btod_div_common  c_w.l(btod.o)
    0x0800163a   0x000000c6   Code   RO         6278    CL$$btod_e2e        c_w.l(btod.o)
    0x08001700   0x00000028   Code   RO         6275    CL$$btod_ediv       c_w.l(btod.o)
    0x08001728   0x00000028   Code   RO         6274    CL$$btod_emul       c_w.l(btod.o)
    0x08001750   0x00000244   Code   RO         6280    CL$$btod_mult_common  c_w.l(btod.o)
    0x08001994   0x00000128   Code   RO         1045    i.ADCInit_DMA       dma.o
    0x08001abc   0x00000016   Code   RO         3315    i.ADC_Cmd           stm32f4xx_adc.o
    0x08001ad2   0x00000002   PAD
    0x08001ad4   0x00000030   Code   RO         3316    i.ADC_CommonInit    stm32f4xx_adc.o
    0x08001b04   0x00000016   Code   RO         3319    i.ADC_DMACmd        stm32f4xx_adc.o
    0x08001b1a   0x00000016   Code   RO         3320    i.ADC_DMARequestAfterLastTransferCmd  stm32f4xx_adc.o
    0x08001b30   0x00000016   Code   RO         3321    i.ADC_DeInit        stm32f4xx_adc.o
    0x08001b46   0x00000002   PAD
    0x08001b48   0x00000054   Code   RO         3335    i.ADC_Init          stm32f4xx_adc.o
    0x08001b9c   0x000000b8   Code   RO         3340    i.ADC_RegularChannelConfig  stm32f4xx_adc.o
    0x08001c54   0x0000000a   Code   RO         3342    i.ADC_SoftwareStartConv  stm32f4xx_adc.o
    0x08001c5e   0x00000002   PAD
    0x08001c60   0x00000094   Code   RO          479    i.ASC2BCD           asc2bcd.o
    0x08001cf4   0x000000b8   Code   RO         1046    i.Adc1Change        dma.o
    0x08001dac   0x0000009c   Code   RO         1047    i.Adc3Change        dma.o
    0x08001e48   0x000001bc   Code   RO          999    i.Adc_Init          adc.o
    0x08002004   0x00000034   Code   RO          533    i.BlockingRateChange  display.o
    0x08002038   0x00000108   Code   RO            3    i.Burning_Program_Function  main.o
    0x08002140   0x00000004   Code   RO          380    i.BusFault_Handler  stm32f4xx_it.o
    0x08002144   0x00000048   Code   RO          513    i.CRC16             crc.o
    0x0800218c   0x000000c8   Code   RO            4    i.Clean_Filter_Calibration_Function  main.o
    0x08002254   0x00000030   Code   RO         1320    i.CmdError          sdio_sdcard.o
    0x08002284   0x00000064   Code   RO         1321    i.CmdResp1Error     sdio_sdcard.o
    0x080022e8   0x00000054   Code   RO         1322    i.CmdResp2Error     sdio_sdcard.o
    0x0800233c   0x00000038   Code   RO         1323    i.CmdResp3Error     sdio_sdcard.o
    0x08002374   0x00000094   Code   RO         1324    i.CmdResp6Error     sdio_sdcard.o
    0x08002408   0x0000004c   Code   RO         1325    i.CmdResp7Error     sdio_sdcard.o
    0x08002454   0x0000002c   Code   RO         1048    i.DMA2_Stream0_IRQHandler  dma.o
    0x08002480   0x0000002c   Code   RO         1049    i.DMA2_Stream1_IRQHandler  dma.o
    0x080024ac   0x00000034   Code   RO         3552    i.DMA_ClearITPendingBit  stm32f4xx_dma.o
    0x080024e0   0x00000016   Code   RO         3553    i.DMA_Cmd           stm32f4xx_dma.o
    0x080024f6   0x00000002   PAD
    0x080024f8   0x00000158   Code   RO         3554    i.DMA_DeInit        stm32f4xx_dma.o
    0x08002650   0x00000016   Code   RO         3557    i.DMA_FlowControllerConfig  stm32f4xx_dma.o
    0x08002666   0x00000014   Code   RO         3558    i.DMA_GetCmdStatus  stm32f4xx_dma.o
    0x0800267a   0x00000002   PAD
    0x0800267c   0x00000064   Code   RO         3563    i.DMA_GetITStatus   stm32f4xx_dma.o
    0x080026e0   0x0000003a   Code   RO         3564    i.DMA_ITConfig      stm32f4xx_dma.o
    0x0800271a   0x00000002   PAD
    0x0800271c   0x00000058   Code   RO         3565    i.DMA_Init          stm32f4xx_dma.o
    0x08002774   0x0000003c   Code   RO            5    i.DataInit          main.o
    0x080027b0   0x00000014   Code   RO            6    i.DataServe         main.o
    0x080027c4   0x00000002   Code   RO          381    i.DebugMon_Handler  stm32f4xx_it.o
    0x080027c6   0x00000002   PAD
    0x080027c8   0x00000118   Code   RO            7    i.Dirty_Filter_Calibration_Function  main.o
    0x080028e0   0x000000f0   Code   RO          534    i.DisDrawLine       display.o
    0x080029d0   0x00000158   Code   RO          535    i.DisDrawUI         display.o
    0x08002b28   0x00000054   Code   RO          536    i.DisJudge          display.o
    0x08002b7c   0x000002b8   Code   RO          537    i.DisTestVolt       display.o
    0x08002e34   0x00000054   Code   RO          538    i.DisVolt           display.o
    0x08002e88   0x0000063c   Code   RO          539    i.Display           display.o
    0x080034c4   0x00000048   Code   RO         1150    i.EXTI0_IRQHandler  motor.o
    0x0800350c   0x00000044   Code   RO         1151    i.EXTI1_IRQHandler  motor.o
    0x08003550   0x000000c0   Code   RO         1152    i.EXTIX_Init        motor.o
    0x08003610   0x0000000c   Code   RO         4228    i.EXTI_ClearITPendingBit  stm32f4xx_exti.o
    0x0800361c   0x00000018   Code   RO         4232    i.EXTI_GetITStatus  stm32f4xx_exti.o
    0x08003634   0x00000094   Code   RO         4233    i.EXTI_Init         stm32f4xx_exti.o
    0x080036c8   0x00000034   Code   RO         3189    i.FSMC_NORSRAMCmd   stm32f4xx_fsmc.o
    0x080036fc   0x000000e6   Code   RO         3191    i.FSMC_NORSRAMInit  stm32f4xx_fsmc.o
    0x080037e2   0x00000002   PAD
    0x080037e4   0x00000064   Code   RO            8    i.FSM_EventHandle   main.o
    0x08003848   0x00000004   Code   RO            9    i.FSM_Regist        main.o
    0x0800384c   0x00000004   Code   RO           10    i.FSM_StateTransfer  main.o
    0x08003850   0x000001cc   Code   RO         1736    i.FS_uart_init      usart.o
    0x08003a1c   0x00000028   Code   RO          717    i.FilterIdCheck     protocol_fs.o
    0x08003a44   0x000001a0   Code   RO          718    i.Filter_DataInit   protocol_fs.o
    0x08003be4   0x000000fc   Code   RO          719    i.Filter_EnterModeCMD  protocol_fs.o
    0x08003ce0   0x000002f4   Code   RO          720    i.Filter_RecieveDataProcess  protocol_fs.o
    0x08003fd4   0x000001a4   Code   RO          721    i.Filter_WCV        protocol_fs.o
    0x08004178   0x00000144   Code   RO          722    i.Filter_WID        protocol_fs.o
    0x080042bc   0x00000194   Code   RO         1326    i.FindSCR           sdio_sdcard.o
    0x08004450   0x00000090   Code   RO         1941    i.GPIO_Init         stm32f4xx_gpio.o
    0x080044e0   0x00000046   Code   RO         1942    i.GPIO_PinAFConfig  stm32f4xx_gpio.o
    0x08004526   0x00000012   Code   RO         1945    i.GPIO_ReadInputDataBit  stm32f4xx_gpio.o
    0x08004538   0x00000004   Code   RO         1948    i.GPIO_ResetBits    stm32f4xx_gpio.o
    0x0800453c   0x00000108   Code   RO          877    i.GUI_DrawFont16    gui.o
    0x08004644   0x00000118   Code   RO          878    i.GUI_DrawFont24    gui.o
    0x0800475c   0x00000108   Code   RO          879    i.GUI_DrawFont32    gui.o
    0x08004864   0x00000078   Code   RO         1098    i.GpioConfiguration  gpio.o
    0x080048dc   0x000001a4   Code   RO           11    i.Half_Filter_Test_Function  main.o
    0x08004a80   0x00000004   Code   RO          382    i.HardFault_Handler  stm32f4xx_it.o
    0x08004a84   0x000000a4   Code   RO          723    i.IDBuff_cmp        protocol_fs.o
    0x08004b28   0x00000002   Code   RO           12    i.Idle_State_Function  main.o
    0x08004b2a   0x00000002   PAD
    0x08004b2c   0x00000020   Code   RO           13    i.InitFsm           main.o
    0x08004b4c   0x000000a0   Code   RO         1327    i.IsCardProgramming  sdio_sdcard.o
    0x08004bec   0x00000050   Code   RO         1118    i.KEY_Init          key.o
    0x08004c3c   0x00000038   Code   RO         1561    i.LCD_Clear         lcd.o
    0x08004c74   0x000000b0   Code   RO          884    i.LCD_DrawLine      gui.o
    0x08004d24   0x0000001c   Code   RO         1562    i.LCD_DrawPoint     lcd.o
    0x08004d40   0x0000000c   Code   RO         1563    i.LCD_DrawPoint_16Bit  lcd.o
    0x08004d4c   0x00000070   Code   RO          886    i.LCD_Fill          gui.o
    0x08004dbc   0x0000021c   Code   RO         1564    i.LCD_GPIOInit      lcd.o
    0x08004fd8   0x00000248   Code   RO         1565    i.LCD_Init          lcd.o
    0x08005220   0x00000058   Code   RO         1569    i.LCD_SetCursor     lcd.o
    0x08005278   0x00000030   Code   RO         1570    i.LCD_SetParam      lcd.o
    0x080052a8   0x00000050   Code   RO         1571    i.LCD_SetWindows    lcd.o
    0x080052f8   0x00000178   Code   RO          887    i.LCD_ShowChar      gui.o
    0x08005470   0x0000000c   Code   RO         1572    i.LCD_WR_DATA       lcd.o
    0x0800547c   0x0000000c   Code   RO         1573    i.LCD_WR_REG        lcd.o
    0x08005488   0x00000010   Code   RO         1574    i.LCD_WriteRAM_Prepare  lcd.o
    0x08005498   0x00000010   Code   RO         1575    i.LCD_WriteReg      lcd.o
    0x080054a8   0x00000094   Code   RO         1153    i.MOTOR_Init        motor.o
    0x0800553c   0x00000004   Code   RO          383    i.MemManage_Handler  stm32f4xx_it.o
    0x08005540   0x00000080   Code   RO          666    i.MessageToBuffDis  message.o
    0x080055c0   0x0000008e   Code   RO         1257    i.My_RTC_Init       rtc.o
    0x0800564e   0x00000002   Code   RO          384    i.NMI_Handler       stm32f4xx_it.o
    0x08005650   0x00000078   Code   RO         1896    i.NVIC_Init         misc.o
    0x080056c8   0x00000014   Code   RO         1897    i.NVIC_PriorityGroupConfig  misc.o
    0x080056dc   0x00000058   Code   RO           14    i.PID_Calibration_Function  main.o
    0x08005734   0x000000b8   Code   RO          724    i.PID_Calibration_Mode  protocol_fs.o
    0x080057ec   0x00000088   Code   RO          725    i.PID_Set_Ok        protocol_fs.o
    0x08005874   0x0000000c   Code   RO         4289    i.PWR_BackupAccessCmd  stm32f4xx_pwr.o
    0x08005880   0x00000030   Code   RO         1219    i.PwmInputGpio_Init  pwm.o
    0x080058b0   0x00000020   Code   RO         2038    i.RCC_AHB1PeriphClockCmd  stm32f4xx_rcc.o
    0x080058d0   0x00000020   Code   RO         2044    i.RCC_AHB3PeriphClockCmd  stm32f4xx_rcc.o
    0x080058f0   0x00000020   Code   RO         2047    i.RCC_APB1PeriphClockCmd  stm32f4xx_rcc.o
    0x08005910   0x00000020   Code   RO         2050    i.RCC_APB2PeriphClockCmd  stm32f4xx_rcc.o
    0x08005930   0x00000020   Code   RO         2052    i.RCC_APB2PeriphResetCmd  stm32f4xx_rcc.o
    0x08005950   0x000000e8   Code   RO         2059    i.RCC_GetClocksFreq  stm32f4xx_rcc.o
    0x08005a38   0x00000040   Code   RO         2060    i.RCC_GetFlagStatus  stm32f4xx_rcc.o
    0x08005a78   0x0000002c   Code   RO         2068    i.RCC_LSEConfig     stm32f4xx_rcc.o
    0x08005aa4   0x0000000c   Code   RO         2082    i.RCC_RTCCLKCmd     stm32f4xx_rcc.o
    0x08005ab0   0x0000003c   Code   RO         2083    i.RCC_RTCCLKConfig  stm32f4xx_rcc.o
    0x08005aec   0x00000030   Code   RO         1258    i.RTC_Alarm_IRQHandler  rtc.o
    0x08005b1c   0x00000016   Code   RO         3682    i.RTC_Bcd2ToByte    stm32f4xx_rtc.o
    0x08005b32   0x0000001c   Code   RO         3684    i.RTC_ByteToBcd2    stm32f4xx_rtc.o
    0x08005b4e   0x00000002   PAD
    0x08005b50   0x0000001c   Code   RO         3687    i.RTC_ClearFlag     stm32f4xx_rtc.o
    0x08005b6c   0x00000020   Code   RO         3688    i.RTC_ClearITPendingBit  stm32f4xx_rtc.o
    0x08005b8c   0x00000050   Code   RO         3694    i.RTC_EnterInitMode  stm32f4xx_rtc.o
    0x08005bdc   0x00000014   Code   RO         3695    i.RTC_ExitInitMode  stm32f4xx_rtc.o
    0x08005bf0   0x0000004c   Code   RO         3698    i.RTC_GetDate       stm32f4xx_rtc.o
    0x08005c3c   0x00000028   Code   RO         3699    i.RTC_GetFlagStatus  stm32f4xx_rtc.o
    0x08005c64   0x00000050   Code   RO         3703    i.RTC_GetTime       stm32f4xx_rtc.o
    0x08005cb4   0x00000064   Code   RO         3707    i.RTC_ITConfig      stm32f4xx_rtc.o
    0x08005d18   0x00000064   Code   RO         3708    i.RTC_Init          stm32f4xx_rtc.o
    0x08005d7c   0x00000020   Code   RO         3711    i.RTC_ReadBackupRegister  stm32f4xx_rtc.o
    0x08005d9c   0x000000c8   Code   RO         3714    i.RTC_SetDate       stm32f4xx_rtc.o
    0x08005e64   0x000000d0   Code   RO         3715    i.RTC_SetTime       stm32f4xx_rtc.o
    0x08005f34   0x0000001c   Code   RO         3716    i.RTC_SetWakeUpCounter  stm32f4xx_rtc.o
    0x08005f50   0x00000024   Code   RO         1260    i.RTC_Set_Date      rtc.o
    0x08005f74   0x00000024   Code   RO         1261    i.RTC_Set_Time      rtc.o
    0x08005f98   0x00000070   Code   RO         1262    i.RTC_Set_WakeUp    rtc.o
    0x08006008   0x0000001e   Code   RO         1263    i.RTC_WKUP_IRQHandler  rtc.o
    0x08006026   0x00000002   PAD
    0x08006028   0x00000060   Code   RO         3731    i.RTC_WaitForSynchro  stm32f4xx_rtc.o
    0x08006088   0x00000030   Code   RO         3732    i.RTC_WakeUpClockConfig  stm32f4xx_rtc.o
    0x080060b8   0x00000078   Code   RO         3733    i.RTC_WakeUpCmd     stm32f4xx_rtc.o
    0x08006130   0x0000001c   Code   RO         3734    i.RTC_WriteBackupRegister  stm32f4xx_rtc.o
    0x0800614c   0x00000030   Code   RO           15    i.ReadVolt          main.o
    0x0800617c   0x00000104   Code   RO          726    i.ReceiveID         protocol_fs.o
    0x08006280   0x000000ac   Code   RO         1328    i.SDEnWideBus       sdio_sdcard.o
    0x0800632c   0x0000000c   Code   RO         4034    i.SDIO_ClearFlag    stm32f4xx_sdio.o
    0x08006338   0x0000000c   Code   RO         4036    i.SDIO_ClockCmd     stm32f4xx_sdio.o
    0x08006344   0x00000014   Code   RO         1329    i.SDIO_Clock_Set    sdio_sdcard.o
    0x08006358   0x00000034   Code   RO         4040    i.SDIO_DataConfig   stm32f4xx_sdio.o
    0x0800638c   0x00000018   Code   RO         4046    i.SDIO_GetFlagStatus  stm32f4xx_sdio.o
    0x080063a4   0x00000010   Code   RO         4048    i.SDIO_GetPowerState  stm32f4xx_sdio.o
    0x080063b4   0x00000008   Code   RO         1330    i.SDIO_IRQHandler   sdio_sdcard.o
    0x080063bc   0x00000030   Code   RO         4051    i.SDIO_Init         stm32f4xx_sdio.o
    0x080063ec   0x00000038   Code   RO         1331    i.SDIO_Register_Deinit  sdio_sdcard.o
    0x08006424   0x0000002c   Code   RO         4054    i.SDIO_SendCommand  stm32f4xx_sdio.o
    0x08006450   0x0000000c   Code   RO         4056    i.SDIO_SetPowerState  stm32f4xx_sdio.o
    0x0800645c   0x00000080   Code   RO         1332    i.SD_DMA_Config     sdio_sdcard.o
    0x080064dc   0x00000068   Code   RO         1333    i.SD_EnableWideBusOperation  sdio_sdcard.o
    0x08006544   0x00000314   Code   RO         1334    i.SD_GetCardInfo    sdio_sdcard.o
    0x08006858   0x00000134   Code   RO         1336    i.SD_Init           sdio_sdcard.o
    0x0800698c   0x00000164   Code   RO         1337    i.SD_InitializeCards  sdio_sdcard.o
    0x08006af0   0x000001ec   Code   RO         1339    i.SD_PowerON        sdio_sdcard.o
    0x08006cdc   0x00000154   Code   RO         1340    i.SD_ProcessIRQSrc  sdio_sdcard.o
    0x08006e30   0x00000268   Code   RO         1341    i.SD_ReadBlock      sdio_sdcard.o
    0x08007098   0x00000098   Code   RO         1342    i.SD_ReadDisk       sdio_sdcard.o
    0x08007130   0x000002f4   Code   RO         1343    i.SD_ReadMultiBlocks  sdio_sdcard.o
    0x08007424   0x00000030   Code   RO         1344    i.SD_SelectDeselect  sdio_sdcard.o
    0x08007454   0x00000018   Code   RO         1346    i.SD_SetDeviceMode  sdio_sdcard.o
    0x0800746c   0x00000388   Code   RO         1347    i.SD_WriteBlock     sdio_sdcard.o
    0x080077f4   0x00000098   Code   RO         1348    i.SD_WriteDisk      sdio_sdcard.o
    0x0800788c   0x000003d0   Code   RO         1349    i.SD_WriteMultiBlocks  sdio_sdcard.o
    0x08007c5c   0x00000040   Code   RO         2375    i.SYSCFG_EXTILineConfig  stm32f4xx_syscfg.o
    0x08007c9c   0x00000030   Code   RO           16    i.Scan_QR_Codes_Function  main.o
    0x08007ccc   0x00000470   Code   RO          617    i.SdFatfsInit       fatfs.o
    0x0800813c   0x0000005c   Code   RO          727    i.SendCMDtoScannDevice  protocol_fs.o
    0x08008198   0x000000ec   Code   RO          433    i.SetSysClock       system_stm32f4xx.o
    0x08008284   0x00000150   Code   RO          890    i.Show_Str          gui.o
    0x080083d4   0x00000028   Code   RO         1900    i.SysTick_CLKSourceConfig  misc.o
    0x080083fc   0x00000010   Code   RO         1672    i.SysTick_Handler   delay.o
    0x0800840c   0x00000068   Code   RO          435    i.SystemInit        system_stm32f4xx.o
    0x08008474   0x00000258   Code   RO           17    i.TASK_KeyDeal      main.o
    0x080086cc   0x00000530   Code   RO         1119    i.TASK_KeyScan      key.o
    0x08008bfc   0x00000044   Code   RO         1154    i.TIM1_CC_IRQHandler  motor.o
    0x08008c40   0x000000f0   Code   RO         1155    i.TIM1_PWM_Init     motor.o
    0x08008d30   0x00000024   Code   RO         1534    i.TIM3_IRQHandler   timer.o
    0x08008d54   0x0000005c   Code   RO         1535    i.TIM3_Int_Init     timer.o
    0x08008db0   0x000000ec   Code   RO         1220    i.TIM4_Cap_Init     pwm.o
    0x08008e9c   0x00000218   Code   RO         1221    i.TIM4_IRQHandler   pwm.o
    0x080090b4   0x00000018   Code   RO         2620    i.TIM_ARRPreloadConfig  stm32f4xx_tim.o
    0x080090cc   0x00000006   Code   RO         2627    i.TIM_ClearITPendingBit  stm32f4xx_tim.o
    0x080090d2   0x00000018   Code   RO         2632    i.TIM_Cmd           stm32f4xx_tim.o
    0x080090ea   0x0000001e   Code   RO         2634    i.TIM_CtrlPWMOutputs  stm32f4xx_tim.o
    0x08009108   0x00000022   Code   RO         2653    i.TIM_GetITStatus   stm32f4xx_tim.o
    0x0800912a   0x00000012   Code   RO         2657    i.TIM_ITConfig      stm32f4xx_tim.o
    0x0800913c   0x000000a4   Code   RO         2666    i.TIM_OC2Init       stm32f4xx_tim.o
    0x080091e0   0x0000001a   Code   RO         2669    i.TIM_OC2PreloadConfig  stm32f4xx_tim.o
    0x080091fa   0x00000004   Code   RO         2695    i.TIM_SetCompare2   stm32f4xx_tim.o
    0x080091fe   0x00000002   PAD
    0x08009200   0x00000084   Code   RO         2704    i.TIM_TimeBaseInit  stm32f4xx_tim.o
    0x08009284   0x00000038   Code   RO           18    i.Termination_Test_Function  main.o
    0x080092bc   0x000000d4   Code   RO          728    i.UART4_IRQHandler  protocol_fs.o
    0x08009390   0x00000088   Code   RO         1737    i.USART1_IRQHandler  usart.o
    0x08009418   0x000000d8   Code   RO          729    i.USART2_IRQHandler  protocol_fs.o
    0x080094f0   0x000000e0   Code   RO          730    i.USART3_IRQHandler  protocol_fs.o
    0x080095d0   0x000000d8   Code   RO          731    i.USART6_IRQHandler  protocol_fs.o
    0x080096a8   0x0000001e   Code   RO         2429    i.USART_ClearITPendingBit  stm32f4xx_usart.o
    0x080096c6   0x00000018   Code   RO         2432    i.USART_Cmd         stm32f4xx_usart.o
    0x080096de   0x00000054   Code   RO         2436    i.USART_GetITStatus  stm32f4xx_usart.o
    0x08009732   0x0000004a   Code   RO         2438    i.USART_ITConfig    stm32f4xx_usart.o
    0x0800977c   0x000000d4   Code   RO         2439    i.USART_Init        stm32f4xx_usart.o
    0x08009850   0x0000000a   Code   RO         2446    i.USART_ReceiveData  stm32f4xx_usart.o
    0x0800985a   0x00000010   Code   RO         1738    i.USART_SendChar    usart.o
    0x0800986a   0x00000002   PAD
    0x0800986c   0x00000530   Code   RO          732    i.UartSendData_toPC  protocol_fs.o
    0x08009d9c   0x00000004   Code   RO          385    i.UsageFault_Handler  stm32f4xx_it.o
    0x08009da0   0x0000004e   Code   RO          540    i.VoltChange        display.o
    0x08009dee   0x00000002   PAD
    0x08009df0   0x00000188   Code   RO          542    i.VoltChanges       display.o
    0x08009f78   0x00000030   Code   RO         6304    i.__ARM_fpclassify  m_wm.l(fpclassify.o)
    0x08009fa8   0x0000000e   Code   RO         6174    i._is_digit         c_w.l(__printf_wp.o)
    0x08009fb6   0x00000004   Code   RO         1740    i._sys_exit         usart.o
    0x08009fba   0x00000016   Code   RO          840    i.array_cmp         serial.o
    0x08009fd0   0x000000a0   Code   RO         1019    i.buzzerInit        buzzer.o
    0x0800a070   0x00000034   Code   RO         1020    i.buzzerRingNum     buzzer.o
    0x0800a0a4   0x00000090   Code   RO         5750    i.check_fs          ff.o
    0x0800a134   0x00000014   Code   RO         5751    i.chk_chr           ff.o
    0x0800a148   0x00000032   Code   RO         5752    i.clmt_clust        ff.o
    0x0800a17a   0x0000001a   Code   RO         5753    i.clust2sect        ff.o
    0x0800a194   0x00000090   Code   RO         5754    i.cmp_lfn           ff.o
    0x0800a224   0x00000012   Code   RO         1350    i.convert_from_bytes_to_power_of_two  sdio_sdcard.o
    0x0800a236   0x000000d6   Code   RO         5755    i.create_chain      ff.o
    0x0800a30c   0x00000270   Code   RO         5756    i.create_name       ff.o
    0x0800a57c   0x00000044   Code   RO         1673    i.delay_init        delay.o
    0x0800a5c0   0x00000040   Code   RO         1674    i.delay_ms          delay.o
    0x0800a600   0x00000048   Code   RO         1675    i.delay_us          delay.o
    0x0800a648   0x0000005c   Code   RO         5757    i.dir_alloc         ff.o
    0x0800a6a4   0x000000ea   Code   RO         5758    i.dir_find          ff.o
    0x0800a78e   0x00000110   Code   RO         5759    i.dir_next          ff.o
    0x0800a89e   0x0000012a   Code   RO         5761    i.dir_register      ff.o
    0x0800a9c8   0x0000009e   Code   RO         5763    i.dir_sdi           ff.o
    0x0800aa66   0x00000028   Code   RO         5684    i.disk_initialize   diskio.o
    0x0800aa8e   0x00000002   PAD
    0x0800aa90   0x0000006c   Code   RO         5685    i.disk_ioctl        diskio.o
    0x0800aafc   0x00000068   Code   RO         5686    i.disk_read         diskio.o
    0x0800ab64   0x00000006   Code   RO         5687    i.disk_status       diskio.o
    0x0800ab6a   0x00000068   Code   RO         5688    i.disk_write        diskio.o
    0x0800abd2   0x0000004a   Code   RO         5478    i.exf_getfree       exfuns.o
    0x0800ac1c   0x00000084   Code   RO         5479    i.exfuns_init       exfuns.o
    0x0800aca0   0x00000102   Code   RO         5767    i.f_getfree         ff.o
    0x0800ada2   0x0000028e   Code   RO         5770    i.f_lseek           ff.o
    0x0800b030   0x0000017c   Code   RO         5771    i.f_mkdir           ff.o
    0x0800b1ac   0x0000005c   Code   RO         5773    i.f_mount           ff.o
    0x0800b208   0x00000180   Code   RO         5774    i.f_open            ff.o
    0x0800b388   0x00000088   Code   RO         5775    i.f_opendir         ff.o
    0x0800b410   0x000001b0   Code   RO         5779    i.f_read            ff.o
    0x0800b5c0   0x000000b0   Code   RO         5784    i.f_sync            ff.o
    0x0800b670   0x000001ea   Code   RO         5788    i.f_write           ff.o
    0x0800b85a   0x00000002   PAD
    0x0800b85c   0x0000007c   Code   RO         6092    i.ff_convert        cc936.o
    0x0800b8d8   0x0000000e   Code   RO         5689    i.ff_memalloc       diskio.o
    0x0800b8e6   0x0000000e   Code   RO         5690    i.ff_memfree        diskio.o
    0x0800b8f4   0x00000038   Code   RO         6093    i.ff_wtoupper       cc936.o
    0x0800b92c   0x00000388   Code   RO         5789    i.find_volume       ff.o
    0x0800bcb4   0x00000080   Code   RO         5790    i.fit_lfn           ff.o
    0x0800bd34   0x00000090   Code   RO         5791    i.follow_path       ff.o
    0x0800bdc4   0x0000001c   Code   RO         1741    i.fputc             usart.o
    0x0800bde0   0x000000c8   Code   RO         5792    i.gen_numname       ff.o
    0x0800bea8   0x0000004c   Code   RO          669    i.getTime           message.o
    0x0800bef4   0x000000e8   Code   RO         5793    i.get_fat           ff.o
    0x0800bfdc   0x00000004   Code   RO         5691    i.get_fattime       diskio.o
    0x0800bfe0   0x0000004a   Code   RO         5795    i.get_ldnumber      ff.o
    0x0800c02a   0x00000020   Code   RO         5796    i.ld_clust          ff.o
    0x0800c04a   0x00000002   PAD
    0x0800c04c   0x000000f8   Code   RO           19    i.main              main.o
    0x0800c144   0x00000026   Code   RO         5797    i.mem_cmp           ff.o
    0x0800c16a   0x0000001a   Code   RO         5798    i.mem_cpy           ff.o
    0x0800c184   0x00000014   Code   RO         5799    i.mem_set           ff.o
    0x0800c198   0x00000038   Code   RO         1156    i.motor_calibration  motor.o
    0x0800c1d0   0x000000a4   Code   RO         1157    i.motor_drive       motor.o
    0x0800c274   0x00000032   Code   RO         5800    i.move_window       ff.o
    0x0800c2a6   0x00000002   PAD
    0x0800c2a8   0x0000006c   Code   RO         1809    i.my_mem_free       malloc.o
    0x0800c314   0x00000044   Code   RO         1810    i.my_mem_init       malloc.o
    0x0800c358   0x000000a8   Code   RO         1811    i.my_mem_malloc     malloc.o
    0x0800c400   0x00000040   Code   RO         1812    i.my_mem_perused    malloc.o
    0x0800c440   0x00000024   Code   RO         1813    i.myfree            malloc.o
    0x0800c464   0x00000028   Code   RO         1814    i.mymalloc          malloc.o
    0x0800c48c   0x00000014   Code   RO         1816    i.mymemset          malloc.o
    0x0800c4a0   0x00000098   Code   RO         4829    i.prvAddCurrentTaskToDelayedList  tasks.o
    0x0800c538   0x000000b8   Code   RO         4830    i.prvAddNewTaskToReadyList  tasks.o
    0x0800c5f0   0x00000064   Code   RO         5197    i.prvCheckForValidListAndQueue  timers.o
    0x0800c654   0x00000064   Code   RO         4831    i.prvCheckTasksWaitingTermination  tasks.o
    0x0800c6b8   0x0000002a   Code   RO         4588    i.prvCopyDataFromQueue  queue.o
    0x0800c6e2   0x0000007c   Code   RO         4589    i.prvCopyDataToQueue  queue.o
    0x0800c75e   0x00000012   Code   RO         4832    i.prvDeleteTCB      tasks.o
    0x0800c770   0x00000028   Code   RO         5198    i.prvGetNextExpireTime  timers.o
    0x0800c798   0x0000007c   Code   RO         5420    i.prvHeapInit       heap_4.o
    0x0800c814   0x00000028   Code   RO         4833    i.prvIdleTask       tasks.o
    0x0800c83c   0x0000002e   Code   RO         4591    i.prvInitialiseNewQueue  queue.o
    0x0800c86a   0x00000002   PAD
    0x0800c86c   0x000000d0   Code   RO         4834    i.prvInitialiseNewTask  tasks.o
    0x0800c93c   0x00000068   Code   RO         4835    i.prvInitialiseTaskLists  tasks.o
    0x0800c9a4   0x00000068   Code   RO         5421    i.prvInsertBlockIntoFreeList  heap_4.o
    0x0800ca0c   0x00000058   Code   RO         5200    i.prvInsertTimerInActiveList  timers.o
    0x0800ca64   0x0000001a   Code   RO         4592    i.prvIsQueueEmpty   queue.o
    0x0800ca7e   0x0000001e   Code   RO         4593    i.prvIsQueueFull    queue.o
    0x0800ca9c   0x000000a0   Code   RO         4594    i.prvNotifyQueueSetContainer  queue.o
    0x0800cb3c   0x00000080   Code   RO         5201    i.prvProcessExpiredTimer  timers.o
    0x0800cbbc   0x0000012c   Code   RO         5202    i.prvProcessReceivedCommands  timers.o
    0x0800cce8   0x00000074   Code   RO         5203    i.prvProcessTimerOrBlockTask  timers.o
    0x0800cd5c   0x00000034   Code   RO         4837    i.prvResetNextTaskUnblockTime  tasks.o
    0x0800cd90   0x0000002c   Code   RO         5204    i.prvSampleTimeNow  timers.o
    0x0800cdbc   0x000000bc   Code   RO         5205    i.prvSwitchTimerLists  timers.o
    0x0800ce78   0x00000074   Code   RO         5336    i.prvTaskExitError  port.o
    0x0800ceec   0x0000001a   Code   RO         5206    i.prvTimerTask      timers.o
    0x0800cf06   0x00000092   Code   RO         4595    i.prvUnlockQueue    queue.o
    0x0800cf98   0x00000136   Code   RO         5802    i.put_fat           ff.o
    0x0800d0ce   0x00000002   PAD
    0x0800d0d0   0x00000154   Code   RO         5422    i.pvPortMalloc      heap_4.o
    0x0800d224   0x00000020   Code   RO         4841    i.pvTaskIncrementMutexHeldCount  tasks.o
    0x0800d244   0x0000002c   Code   RO         5337    i.pxPortInitialiseStack  port.o
    0x0800d270   0x0000006c   Code   RO         5804    i.remove_chain      ff.o
    0x0800d2dc   0x000003c0   Code   RO          618    i.save              fatfs.o
    0x0800d69c   0x00000010   Code   RO         5805    i.st_clust          ff.o
    0x0800d6ac   0x0000006c   Code   RO           20    i.start_task        main.o
    0x0800d718   0x00000020   Code   RO         5806    i.sum_sfn           ff.o
    0x0800d738   0x000000c8   Code   RO         5807    i.sync_fs           ff.o
    0x0800d800   0x0000004c   Code   RO         5808    i.sync_window       ff.o
    0x0800d84c   0x00000068   Code   RO           21    i.task1_task        main.o
    0x0800d8b4   0x00000034   Code   RO           22    i.task2_task        main.o
    0x0800d8e8   0x000000ac   Code   RO         1742    i.uart_init         usart.o
    0x0800d994   0x00000028   Code   RO         4543    i.uxListRemove      list.o
    0x0800d9bc   0x0000001a   Code   RO         4544    i.vListInitialise   list.o
    0x0800d9d6   0x00000006   Code   RO         4545    i.vListInitialiseItem  list.o
    0x0800d9dc   0x00000034   Code   RO         4546    i.vListInsert       list.o
    0x0800da10   0x00000018   Code   RO         4547    i.vListInsertEnd    list.o
    0x0800da28   0x00000088   Code   RO         5339    i.vPortEnterCritical  port.o
    0x0800dab0   0x00000070   Code   RO         5340    i.vPortExitCritical  port.o
    0x0800db20   0x000000b8   Code   RO         5423    i.vPortFree         heap_4.o
    0x0800dbd8   0x00000020   Code   RO         5341    i.vPortSetupTimerInterrupt  port.o
    0x0800dbf8   0x000000a0   Code   RO         5342    i.vPortValidateInterruptPriority  port.o
    0x0800dc98   0x0000002c   Code   RO         4601    i.vQueueAddToRegistry  queue.o
    0x0800dcc4   0x0000004a   Code   RO         4605    i.vQueueWaitForMessageRestricted  queue.o
    0x0800dd0e   0x00000002   PAD
    0x0800dd10   0x00000074   Code   RO         4849    i.vTaskDelay        tasks.o
    0x0800dd84   0x0000010c   Code   RO         4851    i.vTaskDelete       tasks.o
    0x0800de90   0x0000000c   Code   RO         4855    i.vTaskMissedYield  tasks.o
    0x0800de9c   0x00000054   Code   RO         4857    i.vTaskPlaceOnEventList  tasks.o
    0x0800def0   0x0000005c   Code   RO         4858    i.vTaskPlaceOnEventListRestricted  tasks.o
    0x0800df4c   0x000000b0   Code   RO         4860    i.vTaskPriorityInherit  tasks.o
    0x0800dffc   0x0000004c   Code   RO         4864    i.vTaskSetTimeOutState  tasks.o
    0x0800e048   0x000000ac   Code   RO         4865    i.vTaskStartScheduler  tasks.o
    0x0800e0f4   0x00000010   Code   RO         4867    i.vTaskSuspendAll   tasks.o
    0x0800e104   0x000000a8   Code   RO         4868    i.vTaskSwitchContext  tasks.o
    0x0800e1ac   0x00000036   Code   RO         5809    i.validate          ff.o
    0x0800e1e2   0x00000002   PAD
    0x0800e1e4   0x0000015c   Code   RO         5343    i.xPortStartScheduler  port.o
    0x0800e340   0x00000034   Code   RO         5344    i.xPortSysTickHandler  port.o
    0x0800e374   0x00000074   Code   RO         4610    i.xQueueGenericCreate  queue.o
    0x0800e3e8   0x000001c8   Code   RO         4611    i.xQueueGenericReceive  queue.o
    0x0800e5b0   0x000000b0   Code   RO         4612    i.xQueueGenericReset  queue.o
    0x0800e660   0x000001c4   Code   RO         4613    i.xQueueGenericSend  queue.o
    0x0800e824   0x00000110   Code   RO         4614    i.xQueueGenericSendFromISR  queue.o
    0x0800e934   0x000000a0   Code   RO         4869    i.xTaskCheckForTimeOut  tasks.o
    0x0800e9d4   0x00000060   Code   RO         4870    i.xTaskCreate       tasks.o
    0x0800ea34   0x00000020   Code   RO         4874    i.xTaskGetSchedulerState  tasks.o
    0x0800ea54   0x0000000c   Code   RO         4875    i.xTaskGetTickCount  tasks.o
    0x0800ea60   0x00000160   Code   RO         4877    i.xTaskIncrementTick  tasks.o
    0x0800ebc0   0x000000d8   Code   RO         4880    i.xTaskPriorityDisinherit  tasks.o
    0x0800ec98   0x000000b4   Code   RO         4881    i.xTaskRemoveFromEventList  tasks.o
    0x0800ed4c   0x00000120   Code   RO         4883    i.xTaskResumeAll    tasks.o
    0x0800ee6c   0x00000074   Code   RO         5210    i.xTimerCreateTimerTask  timers.o
    0x0800eee0   0x000000a4   Code   RO         5211    i.xTimerGenericCommand  timers.o
    0x0800ef84   0x0000002c   Code   RO         6298    locale$$code        c_w.l(lc_numeric_c.o)
    0x0800efb0   0x0000000c   Code   RO         6233    x$fpl$dretinf       fz_wm.l(dretinf.o)
    0x0800efbc   0x00000056   Code   RO         6209    x$fpl$f2d           fz_wm.l(f2d.o)
    0x0800f012   0x0000008c   Code   RO         6235    x$fpl$fnaninf       fz_wm.l(fnaninf.o)
    0x0800f09e   0x0000000a   Code   RO         6374    x$fpl$fpinit        fz_wm.l(fpinit.o)
    0x0800f0a8   0x00000004   Code   RO         6211    x$fpl$printf1       fz_wm.l(printf1.o)
    0x0800f0ac   0x00000000   Code   RO         6237    x$fpl$usenofp       fz_wm.l(usenofp.o)
    0x0800f0ac   0x00000030   Data   RO          734    .constdata          protocol_fs.o
    0x0800f0dc   0x00003810   Data   RO          894    .constdata          gui.o
    0x080128ec   0x00000024   Data   RO         1823    .constdata          malloc.o
    0x08012910   0x0000003a   Data   RO         5811    .constdata          ff.o
    0x0801294a   0x0002acc8   Data   RO         6094    .constdata          cc936.o
    0x0803d612   0x00000028   Data   RO         6147    .constdata          c_w.l(_printf_hex_int.o)
    0x0803d63a   0x00000011   Data   RO         6177    .constdata          c_w.l(__printf_flags_wp.o)
    0x0803d64b   0x00000001   PAD
    0x0803d64c   0x00000094   Data   RO         6269    .constdata          c_w.l(bigflt0.o)
    0x0803d6e0   0x0000008d   Data   RO          620    .conststring        fatfs.o
    0x0803d76d   0x00000003   PAD
    0x0803d770   0x0000004b   Data   RO          671    .conststring        message.o
    0x0803d7bb   0x00000001   PAD
    0x0803d7bc   0x00000020   Data   RO         6444    Region$$Table       anon$$obj.o
    0x0803d7dc   0x0000001c   Data   RO         6297    locale$$data        c_w.l(lc_numeric_c.o)


    Execution Region RW_IRAM1 (Base: 0x20000000, Size: 0x00013a08, Max: 0x00020000, ABSOLUTE, COMPRESSED[0x00000194])

    Base Addr    Size         Type   Attr      Idx    E Section Name        Object

    0x20000000   0x000000ec   Data   RW           23    .data               main.o
    0x200000ec   0x00000014   Data   RW          436    .data               system_stm32f4xx.o
    0x20000100   0x00000020   Data   RW          481    .data               asc2bcd.o
    0x20000120   0x00000075   Data   RW          543    .data               display.o
    0x20000195   0x000000a7   Data   RW          621    .data               fatfs.o
    0x2000023c   0x0000000d   Data   RW          672    .data               message.o
    0x20000249   0x00000001   PAD
    0x2000024a   0x000000dc   Data   RW          735    .data               protocol_fs.o
    0x20000326   0x0000001e   Data   RW         1051    .data               dma.o
    0x20000344   0x00000014   Data   RW         1120    .data               key.o
    0x20000358   0x00000001   Data   RW         1159    .data               motor.o
    0x20000359   0x00000001   PAD
    0x2000035a   0x00000020   Data   RW         1222    .data               pwm.o
    0x2000037a   0x00000004   Data   RW         1265    .data               rtc.o
    0x2000037e   0x00000002   PAD
    0x20000380   0x00000010   Data   RW         1352    .data               sdio_sdcard.o
    0x20000390   0x00000004   Data   RW         1577    .data               lcd.o
    0x20000394   0x00000004   Data   RW         1677    .data               delay.o
    0x20000398   0x00000006   Data   RW         1744    .data               usart.o
    0x2000039e   0x00000002   PAD
    0x200003a0   0x00000024   Data   RW         1824    .data               malloc.o
    0x200003c4   0x00000010   Data   RW         2091    .data               stm32f4xx_rcc.o
    0x200003d4   0x0000003c   Data   RW         4886    .data               tasks.o
    0x20000410   0x00000014   Data   RW         5219    .data               timers.o
    0x20000424   0x0000000c   Data   RW         5345    .data               port.o
    0x20000430   0x00000018   Data   RW         5428    .data               heap_4.o
    0x20000448   0x00000014   Data   RW         5484    .data               exfuns.o
    0x2000045c   0x00000002   Data   RW         5812    .data               ff.o
    0x2000045e   0x00000002   PAD
    0x20000460   0x0000012c   Zero   RW          619    .bss                fatfs.o
    0x2000058c   0x00000080   Zero   RW          670    .bss                message.o
    0x2000060c   0x000001b4   Zero   RW          733    .bss                protocol_fs.o
    0x200007c0   0x00000018   Zero   RW         1158    .bss                motor.o
    0x200007d8   0x0000000a   Zero   RW         1264    .bss                rtc.o
    0x200007e2   0x00000006   PAD
    0x200007e8   0x000002c0   Zero   RW         1351    .bss                sdio_sdcard.o
    0x20000aa8   0x0000000e   Zero   RW         1576    .bss                lcd.o
    0x20000ab6   0x000000c8   Zero   RW         1743    .bss                usart.o
    0x20000b7e   0x00000002   PAD
    0x20000b80   0x0000d480   Zero   RW         1822    .bss                malloc.o
    0x2000e000   0x00000040   Zero   RW         4625    .bss                queue.o
    0x2000e040   0x000002e4   Zero   RW         4885    .bss                tasks.o
    0x2000e324   0x00000028   Zero   RW         5218    .bss                timers.o
    0x2000e34c   0x00005000   Zero   RW         5427    .bss                heap_4.o
    0x2001334c   0x00000050   Zero   RW         5481    .bss                exfuns.o
    0x2001339c   0x0000000c   Zero   RW         5810    .bss                ff.o
    0x200133a8   0x00000060   Zero   RW         6307    .bss                c_w.l(libspace.o)
    0x20013408   0x00000200   Zero   RW         1888    HEAP                startup_stm32f40_41xxx.o
    0x20013608   0x00000400   Zero   RW         1887    STACK               startup_stm32f40_41xxx.o



  Load Region LR$$.ARM.__AT_0x10000000 (Base: 0x10000000, Size: 0x00000000, Max: 0x0000f000, ABSOLUTE)

    Execution Region ER$$.ARM.__AT_0x10000000 (Base: 0x10000000, Size: 0x0000f000, Max: 0x0000f000, ABSOLUTE, UNINIT)

    Base Addr    Size         Type   Attr      Idx    E Section Name        Object

    0x10000000   0x0000f000   Zero   RW         1818    .ARM.__AT_0x10000000  malloc.o



  Load Region LR$$.ARM.__AT_0x1000F000 (Base: 0x1000f000, Size: 0x00000000, Max: 0x00000f00, ABSOLUTE)

    Execution Region ER$$.ARM.__AT_0x1000F000 (Base: 0x1000f000, Size: 0x00000f00, Max: 0x00000f00, ABSOLUTE, UNINIT)

    Base Addr    Size         Type   Attr      Idx    E Section Name        Object

    0x1000f000   0x00000f00   Zero   RW         1819    .ARM.__AT_0x1000F000  malloc.o



  Load Region LR$$.ARM.__AT_0x68000000 (Base: 0x68000000, Size: 0x00000000, Max: 0x00002800, ABSOLUTE)

    Execution Region ER$$.ARM.__AT_0x68000000 (Base: 0x68000000, Size: 0x00002800, Max: 0x00002800, ABSOLUTE, UNINIT)

    Base Addr    Size         Type   Attr      Idx    E Section Name        Object

    0x68000000   0x00002800   Zero   RW         1820    .ARM.__AT_0x68000000  malloc.o



  Load Region LR$$.ARM.__AT_0x68002800 (Base: 0x68002800, Size: 0x00000000, Max: 0x00000280, ABSOLUTE)

    Execution Region ER$$.ARM.__AT_0x68002800 (Base: 0x68002800, Size: 0x00000280, Max: 0x00000280, ABSOLUTE, UNINIT)

    Base Addr    Size         Type   Attr      Idx    E Section Name        Object

    0x68002800   0x00000280   Zero   RW         1821    .ARM.__AT_0x68002800  malloc.o


==============================================================================

Image component sizes


      Code (inc. data)   RO Data    RW Data    ZI Data      Debug   Object Name

       444         22          0          0          0        807   adc.o
       148          8          0         32          0       1438   asc2bcd.o
       212         14          0          0          0       1377   buzzer.o
       180         18     175304          0          0       2703   cc936.o
        72          0          0          0          0       1016   crc.o
       220         18          0          4          0       2645   delay.o
       394          6          0          0          0       6603   diskio.o
      3566        312          0        117          0       9442   display.o
       724         66          0         30          0       3704   dma.o
         0          0          0          0          0      10424   event_groups.o
       206         18          0         20         80       5056   exfuns.o
      2096        376        141        167        300       2732   fatfs.o
      7922         66         58          2         12      39535   ff.o
       120         20          0          0          0        596   gpio.o
      1808         76      14352          0          0       8245   gui.o
       752        176          0         24      20480       4139   heap_4.o
      1408         80          0         20          0       2266   key.o
      1492         72          0          4         14      10471   lcd.o
       148          0          0          0          0       3382   list.o
      2738        500          0        236          0     369895   main.o
       504         60         36         36     130560       6714   malloc.o
       204         28         75         13        128       2823   message.o
       180         24          0          0          0       2193   misc.o
      1008        112          0          1         24       6848   motor.o
      1182        396          0         12          0      11257   port.o
      5240        292         48        220        436      15340   protocol_fs.o
       820        152          0         32          0       3111   pwm.o
      2164        238          0          0         64      16013   queue.o
       404         16          0          4         10       4616   rtc.o
      7494        404          0         16        704      34761   sdio_sdcard.o
        22          0          0          0          0       1060   serial.o
        64         26        392          0       1536        868   startup_stm32f40_41xxx.o
       414         24          0          0          0       6252   stm32f4xx_adc.o
       706         58          0          0          0       6597   stm32f4xx_dma.o
       184         16          0          0          0       2200   stm32f4xx_exti.o
       282          6          0          0          0       1909   stm32f4xx_fsmc.o
       236          0          0          0          0       3096   stm32f4xx_gpio.o
        20          0          0          0          0       3001   stm32f4xx_it.o
        12          6          0          0          0        562   stm32f4xx_pwr.o
       572         72          0         16          0       8480   stm32f4xx_rcc.o
      1366        104          0          0          0      13248   stm32f4xx_rtc.o
       220         44          0          0          0       6453   stm32f4xx_sdio.o
        64          4          0          0          0        684   stm32f4xx_syscfg.o
       462         38          0          0          0       7037   stm32f4xx_tim.o
       434          8          0          0          0       5084   stm32f4xx_usart.o
        16          0          0          0          0        524   sys.o
       340         32          0         20          0       1925   system_stm32f4xx.o
      3406        878          0         60        740      30247   tasks.o
       128         14          0          0          0       1214   timer.o
      1310        312          0         20         40       9071   timers.o
       816         58          0          6        200       5976   usart.o

    ----------------------------------------------------------------------
     54970       5270     190442       1120     155336     705640   Object Totals
         0          0         32          0          0          0   (incl. Generated)
        46          0          4          8          8          0   (incl. Padding)

    ----------------------------------------------------------------------

      Code (inc. data)   RO Data    RW Data    ZI Data      Debug   Library Member Name

        90          0          0          0          0          0   __dczerorl2.o
         8          0          0          0          0         68   __main.o
       312          4         17          0          0         92   __printf_flags_wp.o
        14          0          0          0          0         68   __printf_wp.o
         0          0          0          0          0          0   __rtentry.o
        12          0          0          0          0          0   __rtentry2.o
         6          0          0          0          0          0   __rtentry4.o
        52          8          0          0          0          0   __scatter.o
        28          0          0          0          0          0   __scatter_zi.o
        44          0          0          0          0        108   _printf_char.o
        48          6          0          0          0         96   _printf_char_common.o
        36          4          0          0          0         80   _printf_char_file.o
         6          0          0          0          0          0   _printf_d.o
       120         16          0          0          0         92   _printf_dec.o
         6          0          0          0          0          0   _printf_f.o
      1050          0          0          0          0        216   _printf_fp_dec.o
       128         16          0          0          0         84   _printf_fp_infnan.o
        88          4         40          0          0         88   _printf_hex_int.o
       178          0          0          0          0         88   _printf_intcommon.o
        78          0          0          0          0        108   _printf_pad.o
         0          0          0          0          0          0   _printf_percent.o
         4          0          0          0          0          0   _printf_percent_end.o
         6          0          0          0          0          0   _printf_s.o
        82          0          0          0          0         80   _printf_str.o
         6          0          0          0          0          0   _printf_x.o
        10          0          0          0          0         68   _sputc.o
        16          0          0          0          0         68   aeabi_memset.o
       220          4        148          0          0         96   bigflt0.o
      1910        128          0          0          0        672   btod.o
        12          0          0          0          0         72   exit.o
         8          0          0          0          0         68   ferror.o
         6          0          0          0          0        152   heapauxi.o
        44         10         28          0          0         76   lc_numeric_c.o
         2          0          0          0          0          0   libinit.o
        22          0          0          0          0          0   libinit2.o
         2          0          0          0          0          0   libshutdown.o
         2          0          0          0          0          0   libshutdown2.o
         8          4          0          0         96         68   libspace.o
        72          0          0          0          0         76   llsdiv.o
       138          0          0          0          0         80   lludiv10.o
       238          0          0          0          0        100   lludivv7m.o
        88          0          0          0          0         76   memcmp.o
        24          4          0          0          0         84   noretval__2printf.o
        40          6          0          0          0         84   noretval__2sprintf.o
         8          4          0          0          0         68   rt_locale_intlibspace.o
        68          0          0          0          0         68   rt_memclr.o
        78          0          0          0          0         80   rt_memclr_w.o
       138          0          0          0          0         68   rt_memcpy_v6.o
       100          0          0          0          0         80   rt_memcpy_w.o
         2          0          0          0          0          0   rtexit.o
        10          0          0          0          0          0   rtexit2.o
       128          0          0          0          0         68   strcmpv7m.o
        62          0          0          0          0         76   strlen.o
        74          0          0          0          0         80   sys_stackheap_outer.o
         2          0          0          0          0         68   use_no_semi.o
         2          0          0          0          0         68   use_no_semi_2.o
        12          0          0          0          0        116   dretinf.o
        86          4          0          0          0        132   f2d.o
       140          4          0          0          0        132   fnaninf.o
        10          0          0          0          0        116   fpinit.o
         4          0          0          0          0        116   printf1.o
         0          0          0          0          0          0   usenofp.o
        48          0          0          0          0        124   fpclassify.o

    ----------------------------------------------------------------------
      6250        226        234          0         96       4568   Library Totals
        14          0          1          0          0          0   (incl. Padding)

    ----------------------------------------------------------------------

      Code (inc. data)   RO Data    RW Data    ZI Data      Debug   Library Name

      5936        218        233          0         96       3832   c_w.l
       252          8          0          0          0        612   fz_wm.l
        48          0          0          0          0        124   m_wm.l

    ----------------------------------------------------------------------
      6250        226        234          0         96       4568   Library Totals

    ----------------------------------------------------------------------

==============================================================================


      Code (inc. data)   RO Data    RW Data    ZI Data      Debug   

     61220       5496     190676       1120     155432     672324   Grand Totals
     61220       5496     190676        404     155432     672324   ELF Image Totals (compressed)
     61220       5496     190676        404          0          0   ROM Totals

==============================================================================

    Total RO  Size (Code + RO Data)               251896 ( 245.99kB)
    Total RW  Size (RW Data + ZI Data)            156552 ( 152.88kB)
    Total ROM Size (Code + RO Data + RW Data)     252300 ( 246.39kB)

==============================================================================

